Seq	Host	Starttime	JobRuntime	Send	Receive	Exitval	Signal	Command
1	:	1744233155.495	     1.144	0	114	0	0	python upload_model_card.py --repo_id allenai/DataDecide-falcon-and-cc-qc-tulu-10p-60M
2	:	1744233155.498	     1.188	0	114	0	0	python upload_model_card.py --repo_id allenai/DataDecide-falcon-and-cc-qc-tulu-10p-90M
4	:	1744233155.505	     1.606	0	113	0	0	python upload_model_card.py --repo_id allenai/DataDecide-falcon-and-cc-qc-tulu-10p-4M
3	:	1744233155.502	     1.652	0	114	0	0	python upload_model_card.py --repo_id allenai/DataDecide-falcon-and-cc-qc-tulu-10p-20M
8	:	1744233155.517	     1.663	0	111	0	0	python upload_model_card.py --repo_id allenai/DataDecide-dclm-baseline-qc-fw-3p-60M
6	:	1744233155.510	     1.684	0	110	0	0	python upload_model_card.py --repo_id allenai/DataDecide-dclm-baseline-qc-fw-3p-4M
7	:	1744233155.514	     1.832	0	111	0	0	python upload_model_card.py --repo_id allenai/DataDecide-dclm-baseline-qc-fw-3p-90M
9	:	1744233155.520	     1.871	0	95	0	0	python upload_model_card.py --repo_id allenai/DataDecide-falcon-60M
16	:	1744233157.200	     1.476	0	118	0	0	python upload_model_card.py --repo_id allenai/DataDecide-dclm-baseline-75p-dolma1.7-25p-4M
15	:	1744233157.184	     1.509	0	119	0	0	python upload_model_card.py --repo_id allenai/DataDecide-dclm-baseline-75p-dolma1.7-25p-60M
10	:	1744233155.523	     3.256	0	95	0	0	python upload_model_card.py --repo_id allenai/DataDecide-falcon-90M
18	:	1744233157.395	     1.568	0	118	0	0	python upload_model_card.py --repo_id allenai/DataDecide-dclm-baseline-50p-dolma1.7-50p-4M
12	:	1744233156.690	     2.332	0	94	0	0	python upload_model_card.py --repo_id allenai/DataDecide-falcon-4M
13	:	1744233157.117	     2.146	0	119	0	0	python upload_model_card.py --repo_id allenai/DataDecide-dclm-baseline-75p-dolma1.7-25p-90M
14	:	1744233157.158	     2.131	0	119	0	0	python upload_model_card.py --repo_id allenai/DataDecide-dclm-baseline-75p-dolma1.7-25p-20M
17	:	1744233157.350	     2.005	0	119	0	0	python upload_model_card.py --repo_id allenai/DataDecide-dclm-baseline-50p-dolma1.7-50p-60M
11	:	1744233156.642	     2.986	0	95	0	0	python upload_model_card.py --repo_id allenai/DataDecide-falcon-20M
5	:	1744233155.507	     4.338	0	111	0	0	python upload_model_card.py --repo_id allenai/DataDecide-dclm-baseline-qc-fw-3p-20M
20	:	1744233158.698	     1.170	0	119	0	0	python upload_model_card.py --repo_id allenai/DataDecide-dclm-baseline-50p-dolma1.7-50p-90M
19	:	1744233158.680	     1.473	0	119	0	0	python upload_model_card.py --repo_id allenai/DataDecide-dclm-baseline-50p-dolma1.7-50p-20M
21	:	1744233158.783	     1.377	0	97	0	0	python upload_model_card.py --repo_id allenai/DataDecide-dolma1_7-90M
23	:	1744233159.026	     1.351	0	118	0	0	python upload_model_card.py --repo_id allenai/DataDecide-dclm-baseline-25p-dolma1.7-75p-4M
24	:	1744233159.268	     1.310	0	119	0	0	python upload_model_card.py --repo_id allenai/DataDecide-dclm-baseline-25p-dolma1.7-75p-90M
22	:	1744233158.967	     1.835	0	97	0	0	python upload_model_card.py --repo_id allenai/DataDecide-dolma1_7-20M
26	:	1744233159.359	     1.536	0	119	0	0	python upload_model_card.py --repo_id allenai/DataDecide-dclm-baseline-25p-dolma1.7-75p-60M
29	:	1744233159.873	     1.323	0	109	0	0	python upload_model_card.py --repo_id allenai/DataDecide-dclm-baseline-qc-20p-90M
25	:	1744233159.293	     1.996	0	97	0	0	python upload_model_card.py --repo_id allenai/DataDecide-dolma1_7-60M
28	:	1744233159.849	     1.453	0	96	0	0	python upload_model_card.py --repo_id allenai/DataDecide-dolma1_7-4M
27	:	1744233159.633	     2.006	0	119	0	0	python upload_model_card.py --repo_id allenai/DataDecide-dclm-baseline-25p-dolma1.7-75p-20M
31	:	1744233160.163	     1.718	0	108	0	0	python upload_model_card.py --repo_id allenai/DataDecide-dclm-baseline-qc-20p-4M
30	:	1744233160.157	     1.737	0	109	0	0	python upload_model_card.py --repo_id allenai/DataDecide-dclm-baseline-qc-20p-20M
32	:	1744233160.382	     2.069	0	109	0	0	python upload_model_card.py --repo_id allenai/DataDecide-dclm-baseline-qc-20p-60M
36	:	1744233161.200	     1.595	0	109	0	0	python upload_model_card.py --repo_id allenai/DataDecide-falcon-and-cc-qc-10p-20M
37	:	1744233161.293	     1.661	0	112	0	0	python upload_model_card.py --repo_id allenai/DataDecide-dclm-baseline-qc-7p-fw3-90M
39	:	1744233161.643	     1.401	0	112	0	0	python upload_model_card.py --repo_id allenai/DataDecide-dclm-baseline-qc-7p-fw3-20M
33	:	1744233160.582	     2.503	0	108	0	0	python upload_model_card.py --repo_id allenai/DataDecide-falcon-and-cc-qc-10p-4M
40	:	1744233161.886	     1.499	0	112	0	0	python upload_model_card.py --repo_id allenai/DataDecide-dclm-baseline-qc-7p-fw3-60M
41	:	1744233161.899	     1.601	0	110	0	0	python upload_model_card.py --repo_id allenai/DataDecide-dolma1_7-no-math-code-90M
38	:	1744233161.306	     2.769	0	111	0	0	python upload_model_card.py --repo_id allenai/DataDecide-dclm-baseline-qc-7p-fw3-4M
34	:	1744233160.807	     3.414	0	109	0	0	python upload_model_card.py --repo_id allenai/DataDecide-falcon-and-cc-qc-10p-60M
42	:	1744233162.455	     1.792	0	110	0	0	python upload_model_card.py --repo_id allenai/DataDecide-dolma1_7-no-math-code-60M
44	:	1744233162.958	     1.426	0	109	0	0	python upload_model_card.py --repo_id allenai/DataDecide-dolma1_7-no-math-code-4M
46	:	1744233163.088	     1.440	0	105	0	0	python upload_model_card.py --repo_id allenai/DataDecide-dolma1_7-no-flan-60M
35	:	1744233160.900	     3.835	0	109	0	0	python upload_model_card.py --repo_id allenai/DataDecide-falcon-and-cc-qc-10p-90M
47	:	1744233163.388	     1.414	0	105	0	0	python upload_model_card.py --repo_id allenai/DataDecide-dolma1_7-no-flan-90M
43	:	1744233162.799	     2.131	0	110	0	0	python upload_model_card.py --repo_id allenai/DataDecide-dolma1_7-no-math-code-20M
48	:	1744233163.505	     1.542	0	104	0	0	python upload_model_card.py --repo_id allenai/DataDecide-dolma1_7-no-flan-4M
51	:	1744233164.250	     1.211	0	102	0	0	python upload_model_card.py --repo_id allenai/DataDecide-falcon-and-cc-60M
50	:	1744233164.226	     1.421	0	102	0	0	python upload_model_card.py --repo_id allenai/DataDecide-falcon-and-cc-20M
52	:	1744233164.388	     1.496	0	101	0	0	python upload_model_card.py --repo_id allenai/DataDecide-falcon-and-cc-4M
56	:	1744233164.935	     1.243	0	108	0	0	python upload_model_card.py --repo_id allenai/DataDecide-falcon-and-cc-qc-20p-4M
54	:	1744233164.740	     1.516	0	109	0	0	python upload_model_card.py --repo_id allenai/DataDecide-falcon-and-cc-qc-20p-60M
53	:	1744233164.534	     1.940	0	109	0	0	python upload_model_card.py --repo_id allenai/DataDecide-falcon-and-cc-qc-20p-90M
45	:	1744233163.047	     3.514	0	105	0	0	python upload_model_card.py --repo_id allenai/DataDecide-dolma1_7-no-flan-20M
59	:	1744233165.651	     1.213	0	109	0	0	python upload_model_card.py --repo_id allenai/DataDecide-dclm-baseline-qc-10p-90M
57	:	1744233165.052	     2.076	0	108	0	0	python upload_model_card.py --repo_id allenai/DataDecide-dclm-baseline-qc-10p-4M
49	:	1744233164.079	     3.168	0	102	0	0	python upload_model_card.py --repo_id allenai/DataDecide-falcon-and-cc-90M
60	:	1744233165.888	     1.631	0	109	0	0	python upload_model_card.py --repo_id allenai/DataDecide-dclm-baseline-qc-10p-20M
61	:	1744233166.183	     1.480	0	107	0	0	python upload_model_card.py --repo_id allenai/DataDecide-dolma1_7-no-reddit-60M
55	:	1744233164.806	     2.862	0	109	0	0	python upload_model_card.py --repo_id allenai/DataDecide-falcon-and-cc-qc-20p-20M
62	:	1744233166.260	     1.417	0	107	0	0	python upload_model_card.py --repo_id allenai/DataDecide-dolma1_7-no-reddit-90M
58	:	1744233165.466	     2.212	0	109	0	0	python upload_model_card.py --repo_id allenai/DataDecide-dclm-baseline-qc-10p-60M
63	:	1744233166.478	     1.437	0	107	0	0	python upload_model_card.py --repo_id allenai/DataDecide-dolma1_7-no-reddit-20M
64	:	1744233166.565	     1.382	0	106	0	0	python upload_model_card.py --repo_id allenai/DataDecide-dolma1_7-no-reddit-4M
65	:	1744233166.869	     1.493	0	112	0	0	python upload_model_card.py --repo_id allenai/DataDecide-dclm-baseline-qc-fw-10p-60M
70	:	1744233167.678	     1.253	0	102	0	0	python upload_model_card.py --repo_id allenai/DataDecide-dclm-baseline-60M
67	:	1744233167.252	     1.779	0	112	0	0	python upload_model_card.py --repo_id allenai/DataDecide-dclm-baseline-qc-fw-10p-20M
68	:	1744233167.522	     1.513	0	111	0	0	python upload_model_card.py --repo_id allenai/DataDecide-dclm-baseline-qc-fw-10p-4M
71	:	1744233167.689	     1.403	0	102	0	0	python upload_model_card.py --repo_id allenai/DataDecide-dclm-baseline-20M
74	:	1744233167.951	     1.214	0	101	0	0	python upload_model_card.py --repo_id allenai/DataDecide-dolma1_6plus-90M
69	:	1744233167.669	     1.595	0	102	0	0	python upload_model_card.py --repo_id allenai/DataDecide-dclm-baseline-90M
72	:	1744233167.698	     1.878	0	101	0	0	python upload_model_card.py --repo_id allenai/DataDecide-dclm-baseline-4M
73	:	1744233167.920	     1.661	0	101	0	0	python upload_model_card.py --repo_id allenai/DataDecide-dolma1_6plus-60M
75	:	1744233168.366	     1.837	0	101	0	0	python upload_model_card.py --repo_id allenai/DataDecide-dolma1_6plus-20M
78	:	1744233169.040	     1.226	0	100	0	0	python upload_model_card.py --repo_id allenai/DataDecide-fineweb-edu-90M
77	:	1744233169.036	     1.481	0	100	0	0	python upload_model_card.py --repo_id allenai/DataDecide-fineweb-edu-20M
80	:	1744233169.170	     1.671	0	100	0	0	python upload_model_card.py --repo_id allenai/DataDecide-fineweb-edu-60M
76	:	1744233168.936	     1.911	0	100	0	0	python upload_model_card.py --repo_id allenai/DataDecide-dolma1_6plus-4M
83	:	1744233169.584	     1.361	0	113	0	0	python upload_model_card.py --repo_id allenai/DataDecide-falcon-and-cc-qc-orig-10p-4M
84	:	1744233170.208	     1.275	0	114	0	0	python upload_model_card.py --repo_id allenai/DataDecide-falcon-and-cc-qc-orig-10p-20M
85	:	1744233170.271	     1.588	0	105	0	0	python upload_model_card.py --repo_id allenai/DataDecide-dolma1_7-no-code-60M
66	:	1744233167.133	     4.952	0	112	0	0	python upload_model_card.py --repo_id allenai/DataDecide-dclm-baseline-qc-fw-10p-90M
79	:	1744233169.095	     3.121	0	99	0	0	python upload_model_card.py --repo_id allenai/DataDecide-fineweb-edu-4M
87	:	1744233170.845	     1.453	0	105	0	0	python upload_model_card.py --repo_id allenai/DataDecide-dolma1_7-no-code-20M
86	:	1744233170.522	     1.822	0	105	0	0	python upload_model_card.py --repo_id allenai/DataDecide-dolma1_7-no-code-90M
88	:	1744233170.851	     1.498	0	104	0	0	python upload_model_card.py --repo_id allenai/DataDecide-dolma1_7-no-code-4M
89	:	1744233170.950	     1.743	0	91	0	0	python upload_model_card.py --repo_id allenai/DataDecide-c4-20M
90	:	1744233171.488	     1.233	0	91	0	0	python upload_model_card.py --repo_id allenai/DataDecide-c4-60M
81	:	1744233169.267	     3.506	0	114	0	0	python upload_model_card.py --repo_id allenai/DataDecide-falcon-and-cc-qc-orig-10p-90M
82	:	1744233169.581	     3.270	0	114	0	0	python upload_model_card.py --repo_id allenai/DataDecide-falcon-and-cc-qc-orig-10p-60M
91	:	1744233171.863	     1.245	0	91	0	0	python upload_model_card.py --repo_id allenai/DataDecide-c4-90M
92	:	1744233172.088	     1.213	0	90	0	0	python upload_model_card.py --repo_id allenai/DataDecide-c4-4M
93	:	1744233172.221	     1.239	0	112	0	0	python upload_model_card.py --repo_id allenai/DataDecide-dclm-baseline-qc-7p-fw2-90M
96	:	1744233172.355	     1.187	0	111	0	0	python upload_model_card.py --repo_id allenai/DataDecide-dclm-baseline-qc-7p-fw2-4M
94	:	1744233172.303	     1.411	0	112	0	0	python upload_model_card.py --repo_id allenai/DataDecide-dclm-baseline-qc-7p-fw2-20M
95	:	1744233172.348	     1.401	0	112	0	0	python upload_model_card.py --repo_id allenai/DataDecide-dclm-baseline-qc-7p-fw2-60M
97	:	1744233172.698	     1.444	0	100	0	0	python upload_model_card.py --repo_id allenai/DataDecide-fineweb-pro-60M
98	:	1744233172.725	     1.682	0	100	0	0	python upload_model_card.py --repo_id allenai/DataDecide-fineweb-pro-90M
99	:	1744233172.778	     1.673	0	100	0	0	python upload_model_card.py --repo_id allenai/DataDecide-fineweb-pro-20M
101	:	1744233173.112	     1.424	0	106	0	0	python upload_model_card.py --repo_id allenai/DataDecide-dolma1_7-no-code-150M
103	:	1744233173.464	     1.130	0	110	0	0	python upload_model_card.py --repo_id allenai/DataDecide-falcon-and-cc-qc-10p-150M
102	:	1744233173.305	     1.588	0	112	0	0	python upload_model_card.py --repo_id allenai/DataDecide-dclm-baseline-qc-fw-3p-150M
105	:	1744233173.719	     1.450	0	113	0	0	python upload_model_card.py --repo_id allenai/DataDecide-dclm-baseline-qc-7p-fw3-150M
106	:	1744233173.754	     1.601	0	101	0	0	python upload_model_card.py --repo_id allenai/DataDecide-fineweb-edu-150M
107	:	1744233174.147	     1.411	0	98	0	0	python upload_model_card.py --repo_id allenai/DataDecide-dolma1_7-150M
108	:	1744233174.411	     1.298	0	102	0	0	python upload_model_card.py --repo_id allenai/DataDecide-dolma1_6plus-150M
109	:	1744233174.455	     1.269	0	113	0	0	python upload_model_card.py --repo_id allenai/DataDecide-dclm-baseline-qc-7p-fw2-150M
111	:	1744233174.598	     1.225	0	103	0	0	python upload_model_card.py --repo_id allenai/DataDecide-dclm-baseline-150M
110	:	1744233174.539	     1.325	0	115	0	0	python upload_model_card.py --repo_id allenai/DataDecide-falcon-and-cc-qc-tulu-10p-150M
112	:	1744233174.898	     1.641	0	110	0	0	python upload_model_card.py --repo_id allenai/DataDecide-falcon-and-cc-qc-20p-150M
104	:	1744233173.546	     3.017	0	92	0	0	python upload_model_card.py --repo_id allenai/DataDecide-c4-150M
116	:	1744233175.713	     1.264	0	96	0	0	python upload_model_card.py --repo_id allenai/DataDecide-falcon-150M
113	:	1744233175.173	     1.849	0	101	0	0	python upload_model_card.py --repo_id allenai/DataDecide-fineweb-pro-150M
117	:	1744233175.728	     1.305	0	103	0	0	python upload_model_card.py --repo_id allenai/DataDecide-falcon-and-cc-150M
114	:	1744233175.360	     1.894	0	120	0	0	python upload_model_card.py --repo_id allenai/DataDecide-dclm-baseline-25p-dolma1.7-75p-150M
100	:	1744233172.856	     4.605	0	99	0	0	python upload_model_card.py --repo_id allenai/DataDecide-fineweb-pro-4M
118	:	1744233175.827	     2.044	0	111	0	0	python upload_model_card.py --repo_id allenai/DataDecide-dolma1_7-no-math-code-150M
121	:	1744233176.567	     1.472	0	115	0	0	python upload_model_card.py --repo_id allenai/DataDecide-falcon-and-cc-qc-orig-10p-150M
120	:	1744233176.545	     1.764	0	106	0	0	python upload_model_card.py --repo_id allenai/DataDecide-dolma1_7-no-flan-150M
122	:	1744233176.983	     1.328	0	120	0	0	python upload_model_card.py --repo_id allenai/DataDecide-dclm-baseline-75p-dolma1.7-25p-150M
123	:	1744233177.027	     1.301	0	113	0	0	python upload_model_card.py --repo_id allenai/DataDecide-dclm-baseline-qc-fw-10p-150M
124	:	1744233177.036	     1.359	0	96	0	0	python upload_model_card.py --repo_id allenai/DataDecide-dolma1_7-1B
119	:	1744233175.868	     2.638	0	108	0	0	python upload_model_card.py --repo_id allenai/DataDecide-dolma1_7-no-reddit-150M
115	:	1744233175.563	     2.954	0	120	0	0	python upload_model_card.py --repo_id allenai/DataDecide-dclm-baseline-50p-dolma1.7-50p-150M
126	:	1744233177.465	     1.478	0	108	0	0	python upload_model_card.py --repo_id allenai/DataDecide-falcon-and-cc-qc-10p-1B
125	:	1744233177.258	     1.801	0	118	0	0	python upload_model_card.py --repo_id allenai/DataDecide-dclm-baseline-25p-dolma1.7-75p-1B
127	:	1744233177.875	     1.437	0	94	0	0	python upload_model_card.py --repo_id allenai/DataDecide-falcon-1B
128	:	1744233178.043	     1.768	0	111	0	0	python upload_model_card.py --repo_id allenai/DataDecide-dclm-baseline-qc-7p-fw3-1B
130	:	1744233178.327	     1.492	0	101	0	0	python upload_model_card.py --repo_id allenai/DataDecide-dclm-baseline-1B
131	:	1744233178.330	     1.542	0	101	0	0	python upload_model_card.py --repo_id allenai/DataDecide-falcon-and-cc-1B
133	:	1744233178.511	     1.514	0	113	0	0	python upload_model_card.py --repo_id allenai/DataDecide-falcon-and-cc-qc-orig-10p-1B
132	:	1744233178.399	     1.676	0	118	0	0	python upload_model_card.py --repo_id allenai/DataDecide-dclm-baseline-50p-dolma1.7-50p-1B
134	:	1744233178.525	     1.553	0	108	0	0	python upload_model_card.py --repo_id allenai/DataDecide-falcon-and-cc-qc-20p-1B
136	:	1744233179.063	     1.279	0	109	0	0	python upload_model_card.py --repo_id allenai/DataDecide-dolma1_7-no-math-code-1B
135	:	1744233178.946	     1.584	0	99	0	0	python upload_model_card.py --repo_id allenai/DataDecide-fineweb-edu-1B
137	:	1744233179.316	     1.253	0	99	0	0	python upload_model_card.py --repo_id allenai/DataDecide-fineweb-pro-1B
129	:	1744233178.315	     2.368	0	111	0	0	python upload_model_card.py --repo_id allenai/DataDecide-dclm-baseline-qc-7p-fw2-1B
141	:	1744233180.030	     1.493	0	104	0	0	python upload_model_card.py --repo_id allenai/DataDecide-dolma1_7-no-code-1B
138	:	1744233179.815	     1.717	0	113	0	0	python upload_model_card.py --repo_id allenai/DataDecide-falcon-and-cc-qc-tulu-10p-1B
142	:	1744233180.079	     1.472	0	104	0	0	python upload_model_card.py --repo_id allenai/DataDecide-dolma1_7-no-flan-1B
143	:	1744233180.082	     1.506	0	106	0	0	python upload_model_card.py --repo_id allenai/DataDecide-dolma1_7-no-reddit-1B
144	:	1744233180.346	     1.355	0	90	0	0	python upload_model_card.py --repo_id allenai/DataDecide-c4-1B
139	:	1744233179.823	     2.059	0	100	0	0	python upload_model_card.py --repo_id allenai/DataDecide-dolma1_6plus-1B
140	:	1744233179.877	     2.011	0	118	0	0	python upload_model_card.py --repo_id allenai/DataDecide-dclm-baseline-75p-dolma1.7-25p-1B
147	:	1744233180.690	     1.282	0	101	0	0	python upload_model_card.py --repo_id allenai/DataDecide-fineweb-edu-750M
145	:	1744233180.534	     1.578	0	120	0	0	python upload_model_card.py --repo_id allenai/DataDecide-dclm-baseline-50p-dolma1.7-50p-750M
146	:	1744233180.574	     1.720	0	120	0	0	python upload_model_card.py --repo_id allenai/DataDecide-dclm-baseline-25p-dolma1.7-75p-750M
148	:	1744233181.527	     1.447	0	106	0	0	python upload_model_card.py --repo_id allenai/DataDecide-dolma1_7-no-flan-750M
149	:	1744233181.536	     1.450	0	110	0	0	python upload_model_card.py --repo_id allenai/DataDecide-falcon-and-cc-qc-10p-750M
151	:	1744233181.592	     1.519	0	103	0	0	python upload_model_card.py --repo_id allenai/DataDecide-dclm-baseline-750M
153	:	1744233181.887	     1.299	0	98	0	0	python upload_model_card.py --repo_id allenai/DataDecide-dolma1_7-750M
152	:	1744233181.706	     1.560	0	113	0	0	python upload_model_card.py --repo_id allenai/DataDecide-dclm-baseline-qc-7p-fw2-750M
154	:	1744233181.892	     1.515	0	112	0	0	python upload_model_card.py --repo_id allenai/DataDecide-dclm-baseline-qc-fw-3p-750M
155	:	1744233181.977	     1.461	0	110	0	0	python upload_model_card.py --repo_id allenai/DataDecide-falcon-and-cc-qc-20p-750M
157	:	1744233182.298	     1.232	0	113	0	0	python upload_model_card.py --repo_id allenai/DataDecide-dclm-baseline-qc-7p-fw3-750M
156	:	1744233182.116	     1.539	0	115	0	0	python upload_model_card.py --repo_id allenai/DataDecide-falcon-and-cc-qc-orig-10p-750M
158	:	1744233182.979	     1.291	0	115	0	0	python upload_model_card.py --repo_id allenai/DataDecide-falcon-and-cc-qc-tulu-10p-750M
162	:	1744233183.271	     1.194	0	92	0	0	python upload_model_card.py --repo_id allenai/DataDecide-c4-750M
160	:	1744233183.116	     1.378	0	96	0	0	python upload_model_card.py --repo_id allenai/DataDecide-falcon-750M
161	:	1744233183.190	     1.396	0	111	0	0	python upload_model_card.py --repo_id allenai/DataDecide-dolma1_7-no-math-code-750M
165	:	1744233183.535	     1.187	0	120	0	0	python upload_model_card.py --repo_id allenai/DataDecide-dclm-baseline-75p-dolma1.7-25p-750M
163	:	1744233183.411	     1.338	0	102	0	0	python upload_model_card.py --repo_id allenai/DataDecide-dolma1_6plus-750M
150	:	1744233181.554	     3.224	0	101	0	0	python upload_model_card.py --repo_id allenai/DataDecide-fineweb-pro-750M
159	:	1744233182.990	     1.938	0	106	0	0	python upload_model_card.py --repo_id allenai/DataDecide-dolma1_7-no-code-750M
164	:	1744233183.442	     1.680	0	108	0	0	python upload_model_card.py --repo_id allenai/DataDecide-dolma1_7-no-reddit-750M
166	:	1744233183.661	     1.601	0	103	0	0	python upload_model_card.py --repo_id allenai/DataDecide-falcon-and-cc-750M
167	:	1744233184.275	     1.163	0	113	0	0	python upload_model_card.py --repo_id allenai/DataDecide-dclm-baseline-qc-fw-10p-750M
170	:	1744233184.591	     1.389	0	108	0	0	python upload_model_card.py --repo_id allenai/DataDecide-dclm-baseline-qc-20p-1B
174	:	1744233184.933	     1.140	0	110	0	0	python upload_model_card.py --repo_id allenai/DataDecide-dclm-baseline-qc-10p-150M
173	:	1744233184.782	     1.351	0	110	0	0	python upload_model_card.py --repo_id allenai/DataDecide-dclm-baseline-qc-fw-3p-1B
168	:	1744233184.469	     1.699	0	110	0	0	python upload_model_card.py --repo_id allenai/DataDecide-dclm-baseline-qc-20p-300M
172	:	1744233184.753	     1.546	0	110	0	0	python upload_model_card.py --repo_id allenai/DataDecide-dclm-baseline-qc-20p-750M
171	:	1744233184.727	     1.621	0	110	0	0	python upload_model_card.py --repo_id allenai/DataDecide-dclm-baseline-qc-20p-150M
176	:	1744233185.266	     1.236	0	110	0	0	python upload_model_card.py --repo_id allenai/DataDecide-dclm-baseline-qc-10p-530M
177	:	1744233185.443	     1.322	0	110	0	0	python upload_model_card.py --repo_id allenai/DataDecide-dclm-baseline-qc-10p-300M
178	:	1744233185.986	     1.313	0	108	0	0	python upload_model_card.py --repo_id allenai/DataDecide-dclm-baseline-qc-10p-1B
181	:	1744233186.172	     1.297	0	101	0	0	python upload_model_card.py --repo_id allenai/DataDecide-fineweb-edu-530M
179	:	1744233186.077	     1.488	0	111	0	0	python upload_model_card.py --repo_id allenai/DataDecide-dclm-baseline-qc-fw-10p-1B
180	:	1744233186.138	     1.434	0	101	0	0	python upload_model_card.py --repo_id allenai/DataDecide-fineweb-pro-530M
183	:	1744233186.351	     1.349	0	110	0	0	python upload_model_card.py --repo_id allenai/DataDecide-falcon-and-cc-qc-10p-530M
175	:	1744233185.127	     2.969	0	110	0	0	python upload_model_card.py --repo_id allenai/DataDecide-dclm-baseline-qc-10p-750M
182	:	1744233186.304	     1.808	0	115	0	0	python upload_model_card.py --repo_id allenai/DataDecide-falcon-and-cc-qc-tulu-10p-530M
184	:	1744233186.507	     1.831	0	113	0	0	python upload_model_card.py --repo_id allenai/DataDecide-dclm-baseline-qc-7p-fw3-530M
185	:	1744233186.768	     2.006	0	108	0	0	python upload_model_card.py --repo_id allenai/DataDecide-dolma1_7-no-reddit-530M
189	:	1744233187.576	     1.673	0	120	0	0	python upload_model_card.py --repo_id allenai/DataDecide-dclm-baseline-50p-dolma1.7-50p-530M
191	:	1744233188.101	     1.396	0	110	0	0	python upload_model_card.py --repo_id allenai/DataDecide-falcon-and-cc-qc-20p-530M
190	:	1744233187.711	     1.861	0	106	0	0	python upload_model_card.py --repo_id allenai/DataDecide-dolma1_7-no-flan-530M
192	:	1744233188.116	     1.466	0	103	0	0	python upload_model_card.py --repo_id allenai/DataDecide-falcon-and-cc-530M
188	:	1744233187.569	     2.033	0	120	0	0	python upload_model_card.py --repo_id allenai/DataDecide-dclm-baseline-75p-dolma1.7-25p-530M
193	:	1744233188.342	     1.309	0	103	0	0	python upload_model_card.py --repo_id allenai/DataDecide-dclm-baseline-530M
194	:	1744233188.778	     1.319	0	92	0	0	python upload_model_card.py --repo_id allenai/DataDecide-c4-530M
199	:	1744233189.607	     1.275	0	112	0	0	python upload_model_card.py --repo_id allenai/DataDecide-dclm-baseline-qc-fw-3p-530M
195	:	1744233189.254	     1.634	0	120	0	0	python upload_model_card.py --repo_id allenai/DataDecide-dclm-baseline-25p-dolma1.7-75p-530M
200	:	1744233189.655	     1.308	0	113	0	0	python upload_model_card.py --repo_id allenai/DataDecide-dclm-baseline-qc-7p-fw2-530M
196	:	1744233189.502	     1.473	0	96	0	0	python upload_model_card.py --repo_id allenai/DataDecide-falcon-530M
198	:	1744233189.585	     1.448	0	106	0	0	python upload_model_card.py --repo_id allenai/DataDecide-dolma1_7-no-code-530M
186	:	1744233187.304	     4.032	0	98	0	0	python upload_model_card.py --repo_id allenai/DataDecide-dolma1_7-530M
187	:	1744233187.472	     3.951	0	102	0	0	python upload_model_card.py --repo_id allenai/DataDecide-dolma1_6plus-530M
201	:	1744233190.103	     1.345	0	111	0	0	python upload_model_card.py --repo_id allenai/DataDecide-dolma1_7-no-math-code-530M
197	:	1744233189.577	     2.111	0	115	0	0	python upload_model_card.py --repo_id allenai/DataDecide-falcon-and-cc-qc-orig-10p-530M
169	:	1744233184.497	     7.704	0	110	0	0	python upload_model_card.py --repo_id allenai/DataDecide-dclm-baseline-qc-20p-530M
202	:	1744233190.888	     1.358	0	113	0	0	python upload_model_card.py --repo_id allenai/DataDecide-dclm-baseline-qc-7p-fw2-300M
203	:	1744233190.892	     1.370	0	106	0	0	python upload_model_card.py --repo_id allenai/DataDecide-dolma1_7-no-flan-300M
205	:	1744233190.980	     1.282	0	120	0	0	python upload_model_card.py --repo_id allenai/DataDecide-dclm-baseline-50p-dolma1.7-50p-300M
204	:	1744233190.967	     1.454	0	111	0	0	python upload_model_card.py --repo_id allenai/DataDecide-dolma1_7-no-math-code-300M
207	:	1744233191.341	     1.180	0	101	0	0	python upload_model_card.py --repo_id allenai/DataDecide-fineweb-edu-300M
206	:	1744233191.039	     1.661	0	115	0	0	python upload_model_card.py --repo_id allenai/DataDecide-falcon-and-cc-qc-orig-10p-300M
209	:	1744233191.452	     1.337	0	103	0	0	python upload_model_card.py --repo_id allenai/DataDecide-falcon-and-cc-300M
213	:	1744233192.266	     1.333	0	108	0	0	python upload_model_card.py --repo_id allenai/DataDecide-dolma1_7-no-reddit-300M
212	:	1744233192.250	     1.477	0	110	0	0	python upload_model_card.py --repo_id allenai/DataDecide-falcon-and-cc-qc-20p-300M
214	:	1744233192.272	     1.537	0	120	0	0	python upload_model_card.py --repo_id allenai/DataDecide-dclm-baseline-75p-dolma1.7-25p-300M
208	:	1744233191.427	     2.460	0	115	0	0	python upload_model_card.py --repo_id allenai/DataDecide-falcon-and-cc-qc-tulu-10p-300M
211	:	1744233192.205	     1.759	0	110	0	0	python upload_model_card.py --repo_id allenai/DataDecide-falcon-and-cc-qc-10p-300M
218	:	1744233192.793	     1.311	0	106	0	0	python upload_model_card.py --repo_id allenai/DataDecide-dolma1_7-no-code-300M
216	:	1744233192.526	     1.660	0	102	0	0	python upload_model_card.py --repo_id allenai/DataDecide-dolma1_6plus-300M
217	:	1744233192.705	     1.680	0	120	0	0	python upload_model_card.py --repo_id allenai/DataDecide-dclm-baseline-25p-dolma1.7-75p-300M
210	:	1744233191.693	     2.845	0	103	0	0	python upload_model_card.py --repo_id allenai/DataDecide-dclm-baseline-300M
215	:	1744233192.428	     2.203	0	101	0	0	python upload_model_card.py --repo_id allenai/DataDecide-fineweb-pro-300M
219	:	1744233193.604	     1.424	0	98	0	0	python upload_model_card.py --repo_id allenai/DataDecide-dolma1_7-300M
220	:	1744233193.737	     1.631	0	92	0	0	python upload_model_card.py --repo_id allenai/DataDecide-c4-300M
222	:	1744233193.891	     1.578	0	96	0	0	python upload_model_card.py --repo_id allenai/DataDecide-falcon-300M
221	:	1744233193.815	     1.674	0	112	0	0	python upload_model_card.py --repo_id allenai/DataDecide-dclm-baseline-qc-fw-3p-300M
226	:	1744233194.390	     1.507	0	95	0	0	python upload_model_card.py --repo_id allenai/DataDecide-falcon-10M
223	:	1744233193.967	     1.993	0	113	0	0	python upload_model_card.py --repo_id allenai/DataDecide-dclm-baseline-qc-7p-fw3-300M
228	:	1744233194.635	     2.062	0	101	0	0	python upload_model_card.py --repo_id allenai/DataDecide-dolma1_6plus-10M
232	:	1744233195.493	     1.792	0	110	0	0	python upload_model_card.py --repo_id allenai/DataDecide-dolma1_7-no-math-code-10M
224	:	1744233194.108	     3.282	0	113	0	0	python upload_model_card.py --repo_id allenai/DataDecide-dclm-baseline-qc-fw-10p-530M
230	:	1744233195.373	     2.188	0	119	0	0	python upload_model_card.py --repo_id allenai/DataDecide-dclm-baseline-75p-dolma1.7-25p-10M
231	:	1744233195.474	     2.212	0	119	0	0	python upload_model_card.py --repo_id allenai/DataDecide-dclm-baseline-50p-dolma1.7-50p-10M
235	:	1744233196.701	     1.365	0	109	0	0	python upload_model_card.py --repo_id allenai/DataDecide-dclm-baseline-qc-10p-10M
229	:	1744233195.041	     3.332	0	100	0	0	python upload_model_card.py --repo_id allenai/DataDecide-fineweb-edu-10M
233	:	1744233195.902	     2.485	0	100	0	0	python upload_model_card.py --repo_id allenai/DataDecide-fineweb-pro-10M
236	:	1744233197.290	     1.325	0	112	0	0	python upload_model_card.py --repo_id allenai/DataDecide-dclm-baseline-qc-7p-fw2-10M
234	:	1744233195.965	     2.893	0	107	0	0	python upload_model_card.py --repo_id allenai/DataDecide-dolma1_7-no-reddit-10M
238	:	1744233197.564	     1.528	0	112	0	0	python upload_model_card.py --repo_id allenai/DataDecide-dclm-baseline-qc-7p-fw3-10M
227	:	1744233194.543	     4.553	0	105	0	0	python upload_model_card.py --repo_id allenai/DataDecide-dolma1_7-no-flan-10M
225	:	1744233194.189	     5.148	0	113	0	0	python upload_model_card.py --repo_id allenai/DataDecide-dclm-baseline-qc-fw-10p-300M
240	:	1744233198.070	     1.453	0	114	0	0	python upload_model_card.py --repo_id allenai/DataDecide-falcon-and-cc-qc-orig-10p-10M
241	:	1744233198.376	     1.264	0	109	0	0	python upload_model_card.py --repo_id allenai/DataDecide-falcon-and-cc-qc-10p-10M
237	:	1744233197.393	     2.553	0	105	0	0	python upload_model_card.py --repo_id allenai/DataDecide-dolma1_7-no-code-10M
244	:	1744233198.861	     1.342	0	119	0	0	python upload_model_card.py --repo_id allenai/DataDecide-dclm-baseline-25p-dolma1.7-75p-10M
243	:	1744233198.618	     1.619	0	111	0	0	python upload_model_card.py --repo_id allenai/DataDecide-dclm-baseline-qc-fw-3p-10M
242	:	1744233198.391	     1.950	0	102	0	0	python upload_model_card.py --repo_id allenai/DataDecide-falcon-and-cc-10M
247	:	1744233199.341	     1.340	0	114	0	0	python upload_model_card.py --repo_id allenai/DataDecide-falcon-and-cc-qc-tulu-10p-10M
248	:	1744233199.527	     1.467	0	112	0	0	python upload_model_card.py --repo_id allenai/DataDecide-dclm-baseline-qc-fw-10p-10M
246	:	1744233199.100	     1.927	0	109	0	0	python upload_model_card.py --repo_id allenai/DataDecide-falcon-and-cc-qc-20p-10M
245	:	1744233199.096	     2.127	0	97	0	0	python upload_model_card.py --repo_id allenai/DataDecide-dolma1_7-10M
239	:	1744233197.690	     3.730	0	91	0	0	python upload_model_card.py --repo_id allenai/DataDecide-c4-10M
252	:	1744233200.242	     1.477	0	104	0	0	python upload_model_card.py --repo_id allenai/DataDecide-dolma1_7-no-code-8M
251	:	1744233200.208	     1.620	0	100	0	0	python upload_model_card.py --repo_id allenai/DataDecide-dolma1_6plus-8M
249	:	1744233199.644	     2.207	0	109	0	0	python upload_model_card.py --repo_id allenai/DataDecide-dclm-baseline-qc-20p-10M
250	:	1744233199.950	     1.960	0	102	0	0	python upload_model_card.py --repo_id allenai/DataDecide-dclm-baseline-10M
253	:	1744233200.345	     1.963	0	96	0	0	python upload_model_card.py --repo_id allenai/DataDecide-dolma1_7-8M
255	:	1744233200.998	     1.597	0	108	0	0	python upload_model_card.py --repo_id allenai/DataDecide-dclm-baseline-qc-10p-8M
257	:	1744233201.227	     1.392	0	106	0	0	python upload_model_card.py --repo_id allenai/DataDecide-dolma1_7-no-reddit-8M
254	:	1744233200.686	     2.018	0	118	0	0	python upload_model_card.py --repo_id allenai/DataDecide-dclm-baseline-75p-dolma1.7-25p-8M
258	:	1744233201.424	     1.345	0	110	0	0	python upload_model_card.py --repo_id allenai/DataDecide-dclm-baseline-qc-fw-3p-8M
259	:	1744233201.724	     1.569	0	108	0	0	python upload_model_card.py --repo_id allenai/DataDecide-falcon-and-cc-qc-10p-8M
260	:	1744233201.832	     1.503	0	101	0	0	python upload_model_card.py --repo_id allenai/DataDecide-falcon-and-cc-8M
262	:	1744233201.916	     1.527	0	111	0	0	python upload_model_card.py --repo_id allenai/DataDecide-dclm-baseline-qc-fw-10p-8M
256	:	1744233201.030	     2.543	0	99	0	0	python upload_model_card.py --repo_id allenai/DataDecide-fineweb-edu-8M
267	:	1744233202.773	     1.358	0	99	0	0	python upload_model_card.py --repo_id allenai/DataDecide-fineweb-pro-8M
264	:	1744233202.600	     2.022	0	108	0	0	python upload_model_card.py --repo_id allenai/DataDecide-falcon-and-cc-qc-20p-8M
269	:	1744233203.339	     1.546	0	111	0	0	python upload_model_card.py --repo_id allenai/DataDecide-dclm-baseline-qc-7p-fw2-8M
266	:	1744233202.710	     2.177	0	101	0	0	python upload_model_card.py --repo_id allenai/DataDecide-dclm-baseline-8M
270	:	1744233203.447	     1.456	0	90	0	0	python upload_model_card.py --repo_id allenai/DataDecide-c4-8M
271	:	1744233203.577	     1.389	0	104	0	0	python upload_model_card.py --repo_id allenai/DataDecide-dolma1_7-no-flan-8M
265	:	1744233202.624	     2.451	0	109	0	0	python upload_model_card.py --repo_id allenai/DataDecide-dolma1_7-no-math-code-8M
272	:	1744233204.136	     1.469	0	108	0	0	python upload_model_card.py --repo_id allenai/DataDecide-dclm-baseline-qc-20p-8M
263	:	1744233202.314	     3.512	0	94	0	0	python upload_model_card.py --repo_id allenai/DataDecide-falcon-8M
268	:	1744233203.299	     2.536	0	113	0	0	python upload_model_card.py --repo_id allenai/DataDecide-falcon-and-cc-qc-tulu-10p-8M
273	:	1744233204.629	     1.726	0	118	0	0	python upload_model_card.py --repo_id allenai/DataDecide-dclm-baseline-25p-dolma1.7-75p-8M
277	:	1744233204.971	     1.429	0	119	0	0	python upload_model_card.py --repo_id allenai/DataDecide-dclm-baseline-75p-dolma1.7-25p-14M
276	:	1744233204.907	     1.601	0	119	0	0	python upload_model_card.py --repo_id allenai/DataDecide-dclm-baseline-25p-dolma1.7-75p-14M
278	:	1744233205.081	     2.011	0	105	0	0	python upload_model_card.py --repo_id allenai/DataDecide-dolma1_7-no-flan-14M
279	:	1744233205.609	     1.627	0	91	0	0	python upload_model_card.py --repo_id allenai/DataDecide-c4-14M
281	:	1744233205.838	     1.417	0	109	0	0	python upload_model_card.py --repo_id allenai/DataDecide-falcon-and-cc-qc-10p-14M
280	:	1744233205.830	     1.786	0	119	0	0	python upload_model_card.py --repo_id allenai/DataDecide-dclm-baseline-50p-dolma1.7-50p-14M
283	:	1744233206.403	     1.351	0	109	0	0	python upload_model_card.py --repo_id allenai/DataDecide-dclm-baseline-qc-10p-14M
284	:	1744233206.513	     1.868	0	97	0	0	python upload_model_card.py --repo_id allenai/DataDecide-dolma1_7-14M
285	:	1744233207.097	     1.382	0	109	0	0	python upload_model_card.py --repo_id allenai/DataDecide-falcon-and-cc-qc-20p-14M
286	:	1744233207.240	     1.249	0	105	0	0	python upload_model_card.py --repo_id allenai/DataDecide-dolma1_7-no-code-14M
282	:	1744233206.360	     2.244	0	101	0	0	python upload_model_card.py --repo_id allenai/DataDecide-dolma1_6plus-14M
275	:	1744233204.903	     3.707	0	118	0	0	python upload_model_card.py --repo_id allenai/DataDecide-dclm-baseline-50p-dolma1.7-50p-8M
287	:	1744233207.258	     1.503	0	107	0	0	python upload_model_card.py --repo_id allenai/DataDecide-dolma1_7-no-reddit-14M
288	:	1744233207.620	     1.316	0	102	0	0	python upload_model_card.py --repo_id allenai/DataDecide-dclm-baseline-14M
289	:	1744233207.759	     1.483	0	112	0	0	python upload_model_card.py --repo_id allenai/DataDecide-dclm-baseline-qc-7p-fw2-14M
290	:	1744233208.386	     1.463	0	95	0	0	python upload_model_card.py --repo_id allenai/DataDecide-falcon-14M
291	:	1744233208.482	     1.450	0	102	0	0	python upload_model_card.py --repo_id allenai/DataDecide-falcon-and-cc-14M
293	:	1744233208.608	     1.338	0	100	0	0	python upload_model_card.py --repo_id allenai/DataDecide-fineweb-pro-14M
295	:	1744233208.765	     1.411	0	112	0	0	python upload_model_card.py --repo_id allenai/DataDecide-dclm-baseline-qc-fw-10p-14M
296	:	1744233208.941	     1.689	0	111	0	0	python upload_model_card.py --repo_id allenai/DataDecide-dclm-baseline-qc-fw-3p-14M
297	:	1744233209.248	     1.387	0	114	0	0	python upload_model_card.py --repo_id allenai/DataDecide-falcon-and-cc-qc-orig-10p-14M
261	:	1744233201.854	     9.301	0	113	0	0	python upload_model_card.py --repo_id allenai/DataDecide-falcon-and-cc-qc-orig-10p-8M
298	:	1744233209.857	     1.412	0	100	0	0	python upload_model_card.py --repo_id allenai/DataDecide-fineweb-edu-14M
300	:	1744233209.949	     1.330	0	114	0	0	python upload_model_card.py --repo_id allenai/DataDecide-falcon-and-cc-qc-tulu-10p-14M
301	:	1744233210.180	     1.395	0	95	0	0	python upload_model_card.py --repo_id allenai/DataDecide-falcon-16M
292	:	1744233208.492	     3.200	0	110	0	0	python upload_model_card.py --repo_id allenai/DataDecide-dolma1_7-no-math-code-14M
294	:	1744233208.615	     3.286	0	109	0	0	python upload_model_card.py --repo_id allenai/DataDecide-dclm-baseline-qc-20p-14M
303	:	1744233210.638	     1.415	0	97	0	0	python upload_model_card.py --repo_id allenai/DataDecide-dolma1_7-16M
304	:	1744233211.160	     1.381	0	105	0	0	python upload_model_card.py --repo_id allenai/DataDecide-dolma1_7-no-flan-16M
305	:	1744233211.274	     1.407	0	119	0	0	python upload_model_card.py --repo_id allenai/DataDecide-dclm-baseline-75p-dolma1.7-25p-16M
299	:	1744233209.938	     2.755	0	112	0	0	python upload_model_card.py --repo_id allenai/DataDecide-dclm-baseline-qc-7p-fw3-14M
306	:	1744233211.282	     1.642	0	91	0	0	python upload_model_card.py --repo_id allenai/DataDecide-c4-16M
307	:	1744233211.580	     1.358	0	119	0	0	python upload_model_card.py --repo_id allenai/DataDecide-dclm-baseline-25p-dolma1.7-75p-16M
308	:	1744233211.698	     1.417	0	110	0	0	python upload_model_card.py --repo_id allenai/DataDecide-dolma1_7-no-math-code-16M
274	:	1744233204.890	     8.495	0	111	0	0	python upload_model_card.py --repo_id allenai/DataDecide-dclm-baseline-qc-7p-fw3-8M
313	:	1744233212.697	     1.223	0	100	0	0	python upload_model_card.py --repo_id allenai/DataDecide-fineweb-edu-16M
302	:	1744233210.635	     3.519	0	102	0	0	python upload_model_card.py --repo_id allenai/DataDecide-dclm-baseline-16M
311	:	1744233212.546	     1.776	0	109	0	0	python upload_model_card.py --repo_id allenai/DataDecide-dclm-baseline-qc-20p-16M
316	:	1744233213.119	     1.263	0	107	0	0	python upload_model_card.py --repo_id allenai/DataDecide-dolma1_7-no-reddit-16M
310	:	1744233212.058	     2.792	0	114	0	0	python upload_model_card.py --repo_id allenai/DataDecide-falcon-and-cc-qc-tulu-10p-16M
312	:	1744233212.685	     2.363	0	112	0	0	python upload_model_card.py --repo_id allenai/DataDecide-dclm-baseline-qc-7p-fw3-16M
320	:	1744233214.326	     1.847	0	102	0	0	python upload_model_card.py --repo_id allenai/DataDecide-falcon-and-cc-16M
315	:	1744233212.942	     3.333	0	109	0	0	python upload_model_card.py --repo_id allenai/DataDecide-falcon-and-cc-qc-10p-16M
318	:	1744233213.925	     2.413	0	109	0	0	python upload_model_card.py --repo_id allenai/DataDecide-falcon-and-cc-qc-20p-16M
309	:	1744233211.905	     4.697	0	109	0	0	python upload_model_card.py --repo_id allenai/DataDecide-dclm-baseline-qc-10p-16M
319	:	1744233214.157	     2.809	0	105	0	0	python upload_model_card.py --repo_id allenai/DataDecide-dolma1_7-no-code-16M
314	:	1744233212.929	     4.326	0	112	0	0	python upload_model_card.py --repo_id allenai/DataDecide-dclm-baseline-qc-fw-10p-16M
322	:	1744233214.855	     2.749	0	119	0	0	python upload_model_card.py --repo_id allenai/DataDecide-dclm-baseline-50p-dolma1.7-50p-16M
321	:	1744233214.387	     3.809	0	112	0	0	python upload_model_card.py --repo_id allenai/DataDecide-dclm-baseline-qc-7p-fw2-16M
317	:	1744233213.390	     4.929	0	114	0	0	python upload_model_card.py --repo_id allenai/DataDecide-falcon-and-cc-qc-orig-10p-16M
324	:	1744233216.176	     2.220	0	111	0	0	python upload_model_card.py --repo_id allenai/DataDecide-dclm-baseline-qc-fw-3p-16M
323	:	1744233215.052	     3.395	0	100	0	0	python upload_model_card.py --repo_id allenai/DataDecide-fineweb-pro-16M
325	:	1744233216.279	     2.197	0	101	0	0	python upload_model_card.py --repo_id allenai/DataDecide-dolma1_6plus-16M
326	:	1744233216.341	     2.480	0	94	0	0	python upload_model_card.py --repo_id allenai/DataDecide-falcon-6M
327	:	1744233216.607	     2.346	0	111	0	0	python upload_model_card.py --repo_id allenai/DataDecide-dclm-baseline-qc-7p-fw3-6M
328	:	1744233216.970	     2.575	0	118	0	0	python upload_model_card.py --repo_id allenai/DataDecide-dclm-baseline-25p-dolma1.7-75p-6M
330	:	1744233217.608	     2.198	0	101	0	0	python upload_model_card.py --repo_id allenai/DataDecide-falcon-and-cc-6M
331	:	1744233218.201	     1.684	0	108	0	0	python upload_model_card.py --repo_id allenai/DataDecide-falcon-and-cc-qc-20p-6M
333	:	1744233218.402	     1.817	0	111	0	0	python upload_model_card.py --repo_id allenai/DataDecide-dclm-baseline-qc-fw-10p-6M
332	:	1744233218.324	     1.919	0	118	0	0	python upload_model_card.py --repo_id allenai/DataDecide-dclm-baseline-75p-dolma1.7-25p-6M
336	:	1744233218.825	     1.491	0	108	0	0	python upload_model_card.py --repo_id allenai/DataDecide-falcon-and-cc-qc-10p-6M
335	:	1744233218.481	     1.962	0	104	0	0	python upload_model_card.py --repo_id allenai/DataDecide-dolma1_7-no-code-6M
337	:	1744233218.958	     1.628	0	113	0	0	python upload_model_card.py --repo_id allenai/DataDecide-falcon-and-cc-qc-orig-10p-6M
334	:	1744233218.452	     2.618	0	110	0	0	python upload_model_card.py --repo_id allenai/DataDecide-dclm-baseline-qc-fw-3p-6M
338	:	1744233219.551	     1.608	0	99	0	0	python upload_model_card.py --repo_id allenai/DataDecide-fineweb-pro-6M
339	:	1744233219.810	     1.394	0	108	0	0	python upload_model_card.py --repo_id allenai/DataDecide-dclm-baseline-qc-10p-6M
342	:	1744233220.247	     1.299	0	104	0	0	python upload_model_card.py --repo_id allenai/DataDecide-dolma1_7-no-flan-6M
340	:	1744233219.888	     1.825	0	96	0	0	python upload_model_card.py --repo_id allenai/DataDecide-dolma1_7-6M
329	:	1744233217.258	     4.601	0	111	0	0	python upload_model_card.py --repo_id allenai/DataDecide-dclm-baseline-qc-7p-fw2-6M
345	:	1744233220.591	     1.326	0	101	0	0	python upload_model_card.py --repo_id allenai/DataDecide-dclm-baseline-6M
344	:	1744233220.447	     1.956	0	113	0	0	python upload_model_card.py --repo_id allenai/DataDecide-falcon-and-cc-qc-tulu-10p-6M
348	:	1744233221.209	     2.097	0	100	0	0	python upload_model_card.py --repo_id allenai/DataDecide-dolma1_6plus-6M
341	:	1744233220.224	     3.125	0	109	0	0	python upload_model_card.py --repo_id allenai/DataDecide-dolma1_7-no-math-code-6M
346	:	1744233221.076	     2.592	0	118	0	0	python upload_model_card.py --repo_id allenai/DataDecide-dclm-baseline-50p-dolma1.7-50p-6M
343	:	1744233220.321	     3.357	0	108	0	0	python upload_model_card.py --repo_id allenai/DataDecide-dclm-baseline-qc-20p-6M
347	:	1744233221.164	     2.876	0	99	0	0	python upload_model_card.py --repo_id allenai/DataDecide-fineweb-edu-6M
350	:	1744233221.717	     3.094	0	106	0	0	python upload_model_card.py --repo_id allenai/DataDecide-dolma1_7-no-reddit-6M
349	:	1744233221.551	     3.782	0	90	0	0	python upload_model_card.py --repo_id allenai/DataDecide-c4-6M
