Seq	Host	Starttime	JobRuntime	Send	Receive	Exitval	Signal	Command
10	:	1744683293.972	     1.362	0	58	0	0	python make_repo_public.py --repo_id allenai/DataDecide-falcon-90M
5	:	1744683293.949	     1.408	0	74	0	0	python make_repo_public.py --repo_id allenai/DataDecide-dclm-baseline-qc-fw-3p-20M
3	:	1744683293.941	     1.416	0	77	0	0	python make_repo_public.py --repo_id allenai/DataDecide-falcon-and-cc-qc-tulu-10p-20M
2	:	1744683293.937	     1.424	0	77	0	0	python make_repo_public.py --repo_id allenai/DataDecide-falcon-and-cc-qc-tulu-10p-90M
1	:	1744683293.934	     1.428	0	77	0	0	python make_repo_public.py --repo_id allenai/DataDecide-falcon-and-cc-qc-tulu-10p-60M
9	:	1744683293.968	     1.404	0	58	0	0	python make_repo_public.py --repo_id allenai/DataDecide-falcon-60M
8	:	1744683293.963	     1.478	0	74	0	0	python make_repo_public.py --repo_id allenai/DataDecide-dclm-baseline-qc-fw-3p-60M
6	:	1744683293.953	     1.712	0	73	0	0	python make_repo_public.py --repo_id allenai/DataDecide-dclm-baseline-qc-fw-3p-4M
4	:	1744683293.945	     1.900	0	76	0	0	python make_repo_public.py --repo_id allenai/DataDecide-falcon-and-cc-qc-tulu-10p-4M
13	:	1744683295.367	     0.898	0	82	0	0	python make_repo_public.py --repo_id allenai/DataDecide-dclm-baseline-75p-dolma1.7-25p-90M
7	:	1744683293.958	     2.312	0	74	0	0	python make_repo_public.py --repo_id allenai/DataDecide-dclm-baseline-qc-fw-3p-90M
16	:	1744683295.382	     0.959	0	81	0	0	python make_repo_public.py --repo_id allenai/DataDecide-dclm-baseline-75p-dolma1.7-25p-4M
14	:	1744683295.373	     0.972	0	82	0	0	python make_repo_public.py --repo_id allenai/DataDecide-dclm-baseline-75p-dolma1.7-25p-20M
15	:	1744683295.376	     0.993	0	82	0	0	python make_repo_public.py --repo_id allenai/DataDecide-dclm-baseline-75p-dolma1.7-25p-60M
11	:	1744683295.339	     1.105	0	58	0	0	python make_repo_public.py --repo_id allenai/DataDecide-falcon-20M
19	:	1744683295.850	     0.734	0	82	0	0	python make_repo_public.py --repo_id allenai/DataDecide-dclm-baseline-50p-dolma1.7-50p-20M
17	:	1744683295.449	     1.476	0	82	0	0	python make_repo_public.py --repo_id allenai/DataDecide-dclm-baseline-50p-dolma1.7-50p-60M
24	:	1744683296.374	     0.803	0	82	0	0	python make_repo_public.py --repo_id allenai/DataDecide-dclm-baseline-25p-dolma1.7-75p-90M
18	:	1744683295.670	     2.030	0	81	0	0	python make_repo_public.py --repo_id allenai/DataDecide-dclm-baseline-50p-dolma1.7-50p-4M
21	:	1744683296.274	     1.460	0	60	0	0	python make_repo_public.py --repo_id allenai/DataDecide-dolma1_7-90M
23	:	1744683296.349	     1.423	0	81	0	0	python make_repo_public.py --repo_id allenai/DataDecide-dclm-baseline-25p-dolma1.7-75p-4M
20	:	1744683296.271	     1.628	0	82	0	0	python make_repo_public.py --repo_id allenai/DataDecide-dclm-baseline-50p-dolma1.7-50p-90M
26	:	1744683296.588	     1.444	0	82	0	0	python make_repo_public.py --repo_id allenai/DataDecide-dclm-baseline-25p-dolma1.7-75p-60M
22	:	1744683296.344	     1.912	0	60	0	0	python make_repo_public.py --repo_id allenai/DataDecide-dolma1_7-20M
27	:	1744683296.930	     1.428	0	82	0	0	python make_repo_public.py --repo_id allenai/DataDecide-dclm-baseline-25p-dolma1.7-75p-20M
29	:	1744683297.706	     0.845	0	72	0	0	python make_repo_public.py --repo_id allenai/DataDecide-dclm-baseline-qc-20p-90M
30	:	1744683297.738	     0.838	0	72	0	0	python make_repo_public.py --repo_id allenai/DataDecide-dclm-baseline-qc-20p-20M
31	:	1744683297.776	     0.944	0	71	0	0	python make_repo_public.py --repo_id allenai/DataDecide-dclm-baseline-qc-20p-4M
33	:	1744683298.038	     0.700	0	71	0	0	python make_repo_public.py --repo_id allenai/DataDecide-falcon-and-cc-qc-10p-4M
25	:	1744683296.450	     2.398	0	60	0	0	python make_repo_public.py --repo_id allenai/DataDecide-dolma1_7-60M
32	:	1744683297.903	     0.985	0	72	0	0	python make_repo_public.py --repo_id allenai/DataDecide-dclm-baseline-qc-20p-60M
34	:	1744683298.262	     0.809	0	72	0	0	python make_repo_public.py --repo_id allenai/DataDecide-falcon-and-cc-qc-10p-60M
35	:	1744683298.363	     0.733	0	72	0	0	python make_repo_public.py --repo_id allenai/DataDecide-falcon-and-cc-qc-10p-90M
37	:	1744683298.580	     0.812	0	75	0	0	python make_repo_public.py --repo_id allenai/DataDecide-dclm-baseline-qc-7p-fw3-90M
36	:	1744683298.556	     0.864	0	72	0	0	python make_repo_public.py --repo_id allenai/DataDecide-falcon-and-cc-qc-10p-20M
39	:	1744683298.742	     0.733	0	75	0	0	python make_repo_public.py --repo_id allenai/DataDecide-dclm-baseline-qc-7p-fw3-20M
38	:	1744683298.726	     0.750	0	74	0	0	python make_repo_public.py --repo_id allenai/DataDecide-dclm-baseline-qc-7p-fw3-4M
41	:	1744683298.893	     0.814	0	73	0	0	python make_repo_public.py --repo_id allenai/DataDecide-dolma1_7-no-math-code-90M
42	:	1744683299.091	     0.687	0	73	0	0	python make_repo_public.py --repo_id allenai/DataDecide-dolma1_7-no-math-code-60M
43	:	1744683299.102	     0.769	0	73	0	0	python make_repo_public.py --repo_id allenai/DataDecide-dolma1_7-no-math-code-20M
46	:	1744683299.481	     0.628	0	68	0	0	python make_repo_public.py --repo_id allenai/DataDecide-dolma1_7-no-flan-60M
44	:	1744683299.397	     0.721	0	72	0	0	python make_repo_public.py --repo_id allenai/DataDecide-dolma1_7-no-math-code-4M
45	:	1744683299.424	     0.717	0	68	0	0	python make_repo_public.py --repo_id allenai/DataDecide-dolma1_7-no-flan-20M
40	:	1744683298.853	     1.499	0	75	0	0	python make_repo_public.py --repo_id allenai/DataDecide-dclm-baseline-qc-7p-fw3-60M
47	:	1744683299.486	     0.882	0	68	0	0	python make_repo_public.py --repo_id allenai/DataDecide-dolma1_7-no-flan-90M
48	:	1744683299.710	     0.716	0	67	0	0	python make_repo_public.py --repo_id allenai/DataDecide-dolma1_7-no-flan-4M
49	:	1744683299.782	     0.662	0	65	0	0	python make_repo_public.py --repo_id allenai/DataDecide-falcon-and-cc-90M
50	:	1744683299.875	     0.844	0	65	0	0	python make_repo_public.py --repo_id allenai/DataDecide-falcon-and-cc-20M
51	:	1744683300.113	     0.626	0	65	0	0	python make_repo_public.py --repo_id allenai/DataDecide-falcon-and-cc-60M
53	:	1744683300.146	     0.715	0	72	0	0	python make_repo_public.py --repo_id allenai/DataDecide-falcon-and-cc-qc-20p-90M
12	:	1744683295.362	     5.507	0	57	0	0	python make_repo_public.py --repo_id allenai/DataDecide-falcon-4M
52	:	1744683300.124	     0.774	0	64	0	0	python make_repo_public.py --repo_id allenai/DataDecide-falcon-and-cc-4M
54	:	1744683300.356	     0.756	0	72	0	0	python make_repo_public.py --repo_id allenai/DataDecide-falcon-and-cc-qc-20p-60M
57	:	1744683300.450	     0.682	0	71	0	0	python make_repo_public.py --repo_id allenai/DataDecide-dclm-baseline-qc-10p-4M
56	:	1744683300.430	     0.702	0	71	0	0	python make_repo_public.py --repo_id allenai/DataDecide-falcon-and-cc-qc-20p-4M
55	:	1744683300.373	     0.764	0	72	0	0	python make_repo_public.py --repo_id allenai/DataDecide-falcon-and-cc-qc-20p-20M
28	:	1744683297.183	     4.158	0	59	0	0	python make_repo_public.py --repo_id allenai/DataDecide-dolma1_7-4M
58	:	1744683300.724	     0.745	0	72	0	0	python make_repo_public.py --repo_id allenai/DataDecide-dclm-baseline-qc-10p-60M
61	:	1744683300.873	     0.675	0	70	0	0	python make_repo_public.py --repo_id allenai/DataDecide-dolma1_7-no-reddit-60M
62	:	1744683300.904	     0.657	0	70	0	0	python make_repo_public.py --repo_id allenai/DataDecide-dolma1_7-no-reddit-90M
59	:	1744683300.742	     0.912	0	72	0	0	python make_repo_public.py --repo_id allenai/DataDecide-dclm-baseline-qc-10p-90M
65	:	1744683301.141	     0.813	0	75	0	0	python make_repo_public.py --repo_id allenai/DataDecide-dclm-baseline-qc-fw-10p-60M
63	:	1744683301.119	     0.894	0	70	0	0	python make_repo_public.py --repo_id allenai/DataDecide-dolma1_7-no-reddit-20M
64	:	1744683301.137	     0.884	0	69	0	0	python make_repo_public.py --repo_id allenai/DataDecide-dolma1_7-no-reddit-4M
60	:	1744683300.866	     1.210	0	72	0	0	python make_repo_public.py --repo_id allenai/DataDecide-dclm-baseline-qc-10p-20M
67	:	1744683301.348	     0.780	0	75	0	0	python make_repo_public.py --repo_id allenai/DataDecide-dclm-baseline-qc-fw-10p-20M
66	:	1744683301.145	     1.012	0	75	0	0	python make_repo_public.py --repo_id allenai/DataDecide-dclm-baseline-qc-fw-10p-90M
70	:	1744683301.566	     0.828	0	65	0	0	python make_repo_public.py --repo_id allenai/DataDecide-dclm-baseline-60M
71	:	1744683301.660	     0.790	0	65	0	0	python make_repo_public.py --repo_id allenai/DataDecide-dclm-baseline-20M
68	:	1744683301.472	     1.221	0	74	0	0	python make_repo_public.py --repo_id allenai/DataDecide-dclm-baseline-qc-fw-10p-4M
72	:	1744683301.959	     0.807	0	64	0	0	python make_repo_public.py --repo_id allenai/DataDecide-dclm-baseline-4M
73	:	1744683302.017	     0.806	0	64	0	0	python make_repo_public.py --repo_id allenai/DataDecide-dolma1_6plus-60M
74	:	1744683302.025	     0.992	0	64	0	0	python make_repo_public.py --repo_id allenai/DataDecide-dolma1_6plus-90M
76	:	1744683302.134	     0.907	0	63	0	0	python make_repo_public.py --repo_id allenai/DataDecide-dolma1_6plus-4M
69	:	1744683301.552	     1.514	0	65	0	0	python make_repo_public.py --repo_id allenai/DataDecide-dclm-baseline-90M
77	:	1744683302.160	     1.066	0	63	0	0	python make_repo_public.py --repo_id allenai/DataDecide-fineweb-edu-20M
78	:	1744683302.400	     0.959	0	63	0	0	python make_repo_public.py --repo_id allenai/DataDecide-fineweb-edu-90M
75	:	1744683302.080	     1.288	0	64	0	0	python make_repo_public.py --repo_id allenai/DataDecide-dolma1_6plus-20M
79	:	1744683302.455	     1.004	0	62	0	0	python make_repo_public.py --repo_id allenai/DataDecide-fineweb-edu-4M
80	:	1744683302.697	     0.776	0	63	0	0	python make_repo_public.py --repo_id allenai/DataDecide-fineweb-edu-60M
82	:	1744683302.829	     0.759	0	77	0	0	python make_repo_public.py --repo_id allenai/DataDecide-falcon-and-cc-qc-orig-10p-60M
81	:	1744683302.771	     0.850	0	77	0	0	python make_repo_public.py --repo_id allenai/DataDecide-falcon-and-cc-qc-orig-10p-90M
83	:	1744683303.022	     0.898	0	76	0	0	python make_repo_public.py --repo_id allenai/DataDecide-falcon-and-cc-qc-orig-10p-4M
86	:	1744683303.231	     0.782	0	68	0	0	python make_repo_public.py --repo_id allenai/DataDecide-dolma1_7-no-code-90M
85	:	1744683303.071	     1.034	0	68	0	0	python make_repo_public.py --repo_id allenai/DataDecide-dolma1_7-no-code-60M
84	:	1744683303.047	     1.075	0	77	0	0	python make_repo_public.py --repo_id allenai/DataDecide-falcon-and-cc-qc-orig-10p-20M
90	:	1744683303.495	     0.866	0	54	0	0	python make_repo_public.py --repo_id allenai/DataDecide-c4-60M
89	:	1744683303.472	     0.938	0	54	0	0	python make_repo_public.py --repo_id allenai/DataDecide-c4-20M
92	:	1744683303.626	     0.818	0	53	0	0	python make_repo_public.py --repo_id allenai/DataDecide-c4-4M
88	:	1744683303.373	     1.077	0	67	0	0	python make_repo_public.py --repo_id allenai/DataDecide-dolma1_7-no-code-4M
87	:	1744683303.366	     1.111	0	68	0	0	python make_repo_public.py --repo_id allenai/DataDecide-dolma1_7-no-code-20M
91	:	1744683303.601	     1.043	0	54	0	0	python make_repo_public.py --repo_id allenai/DataDecide-c4-90M
94	:	1744683304.018	     0.664	0	75	0	0	python make_repo_public.py --repo_id allenai/DataDecide-dclm-baseline-qc-7p-fw2-20M
93	:	1744683303.925	     0.763	0	75	0	0	python make_repo_public.py --repo_id allenai/DataDecide-dclm-baseline-qc-7p-fw2-90M
95	:	1744683304.112	     0.937	0	75	0	0	python make_repo_public.py --repo_id allenai/DataDecide-dclm-baseline-qc-7p-fw2-60M
96	:	1744683304.125	     1.124	0	74	0	0	python make_repo_public.py --repo_id allenai/DataDecide-dclm-baseline-qc-7p-fw2-4M
100	:	1744683304.455	     1.100	0	62	0	0	python make_repo_public.py --repo_id allenai/DataDecide-fineweb-pro-4M
104	:	1744683304.694	     0.947	0	55	0	0	python make_repo_public.py --repo_id allenai/DataDecide-c4-150M
103	:	1744683304.687	     1.052	0	73	0	0	python make_repo_public.py --repo_id allenai/DataDecide-falcon-and-cc-qc-10p-150M
105	:	1744683305.069	     0.697	0	76	0	0	python make_repo_public.py --repo_id allenai/DataDecide-dclm-baseline-qc-7p-fw3-150M
98	:	1744683304.413	     1.368	0	63	0	0	python make_repo_public.py --repo_id allenai/DataDecide-fineweb-pro-90M
99	:	1744683304.448	     1.342	0	63	0	0	python make_repo_public.py --repo_id allenai/DataDecide-fineweb-pro-20M
101	:	1744683304.482	     1.341	0	69	0	0	python make_repo_public.py --repo_id allenai/DataDecide-dolma1_7-no-code-150M
102	:	1744683304.653	     1.344	0	75	0	0	python make_repo_public.py --repo_id allenai/DataDecide-dclm-baseline-qc-fw-3p-150M
106	:	1744683305.253	     0.796	0	64	0	0	python make_repo_public.py --repo_id allenai/DataDecide-fineweb-edu-150M
107	:	1744683305.559	     0.848	0	61	0	0	python make_repo_public.py --repo_id allenai/DataDecide-dolma1_7-150M
97	:	1744683304.365	     2.190	0	63	0	0	python make_repo_public.py --repo_id allenai/DataDecide-fineweb-pro-60M
108	:	1744683305.650	     0.909	0	65	0	0	python make_repo_public.py --repo_id allenai/DataDecide-dolma1_6plus-150M
110	:	1744683305.774	     0.802	0	78	0	0	python make_repo_public.py --repo_id allenai/DataDecide-falcon-and-cc-qc-tulu-10p-150M
111	:	1744683305.790	     0.840	0	66	0	0	python make_repo_public.py --repo_id allenai/DataDecide-dclm-baseline-150M
113	:	1744683305.829	     0.867	0	64	0	0	python make_repo_public.py --repo_id allenai/DataDecide-fineweb-pro-150M
112	:	1744683305.796	     0.941	0	73	0	0	python make_repo_public.py --repo_id allenai/DataDecide-falcon-and-cc-qc-20p-150M
115	:	1744683306.061	     0.760	0	83	0	0	python make_repo_public.py --repo_id allenai/DataDecide-dclm-baseline-50p-dolma1.7-50p-150M
109	:	1744683305.745	     1.192	0	76	0	0	python make_repo_public.py --repo_id allenai/DataDecide-dclm-baseline-qc-7p-fw2-150M
114	:	1744683306.010	     1.124	0	83	0	0	python make_repo_public.py --repo_id allenai/DataDecide-dclm-baseline-25p-dolma1.7-75p-150M
118	:	1744683306.564	     0.696	0	74	0	0	python make_repo_public.py --repo_id allenai/DataDecide-dolma1_7-no-math-code-150M
117	:	1744683306.560	     0.771	0	66	0	0	python make_repo_public.py --repo_id allenai/DataDecide-falcon-and-cc-150M
119	:	1744683306.583	     0.753	0	71	0	0	python make_repo_public.py --repo_id allenai/DataDecide-dolma1_7-no-reddit-150M
116	:	1744683306.411	     0.928	0	59	0	0	python make_repo_public.py --repo_id allenai/DataDecide-falcon-150M
121	:	1744683306.700	     0.687	0	78	0	0	python make_repo_public.py --repo_id allenai/DataDecide-falcon-and-cc-qc-orig-10p-150M
120	:	1744683306.634	     0.761	0	69	0	0	python make_repo_public.py --repo_id allenai/DataDecide-dolma1_7-no-flan-150M
122	:	1744683306.742	     0.948	0	83	0	0	python make_repo_public.py --repo_id allenai/DataDecide-dclm-baseline-75p-dolma1.7-25p-150M
124	:	1744683306.941	     0.864	0	59	0	0	python make_repo_public.py --repo_id allenai/DataDecide-dolma1_7-1B
123	:	1744683306.826	     1.118	0	76	0	0	python make_repo_public.py --repo_id allenai/DataDecide-dclm-baseline-qc-fw-10p-150M
125	:	1744683307.138	     0.885	0	81	0	0	python make_repo_public.py --repo_id allenai/DataDecide-dclm-baseline-25p-dolma1.7-75p-1B
131	:	1744683307.401	     0.753	0	64	0	0	python make_repo_public.py --repo_id allenai/DataDecide-falcon-and-cc-1B
128	:	1744683307.340	     0.860	0	74	0	0	python make_repo_public.py --repo_id allenai/DataDecide-dclm-baseline-qc-7p-fw3-1B
126	:	1744683307.264	     0.973	0	71	0	0	python make_repo_public.py --repo_id allenai/DataDecide-falcon-and-cc-qc-10p-1B
127	:	1744683307.336	     0.929	0	57	0	0	python make_repo_public.py --repo_id allenai/DataDecide-falcon-1B
129	:	1744683307.344	     0.950	0	74	0	0	python make_repo_public.py --repo_id allenai/DataDecide-dclm-baseline-qc-7p-fw2-1B
130	:	1744683307.394	     1.052	0	64	0	0	python make_repo_public.py --repo_id allenai/DataDecide-dclm-baseline-1B
133	:	1744683307.808	     0.726	0	76	0	0	python make_repo_public.py --repo_id allenai/DataDecide-falcon-and-cc-qc-orig-10p-1B
136	:	1744683308.159	     0.832	0	72	0	0	python make_repo_public.py --repo_id allenai/DataDecide-dolma1_7-no-math-code-1B
135	:	1744683308.028	     1.013	0	62	0	0	python make_repo_public.py --repo_id allenai/DataDecide-fineweb-edu-1B
138	:	1744683308.242	     0.860	0	76	0	0	python make_repo_public.py --repo_id allenai/DataDecide-falcon-and-cc-qc-tulu-10p-1B
139	:	1744683308.269	     0.902	0	63	0	0	python make_repo_public.py --repo_id allenai/DataDecide-dolma1_6plus-1B
141	:	1744683308.450	     0.737	0	67	0	0	python make_repo_public.py --repo_id allenai/DataDecide-dolma1_7-no-code-1B
137	:	1744683308.204	     1.145	0	62	0	0	python make_repo_public.py --repo_id allenai/DataDecide-fineweb-pro-1B
134	:	1744683307.950	     1.669	0	71	0	0	python make_repo_public.py --repo_id allenai/DataDecide-falcon-and-cc-qc-20p-1B
145	:	1744683309.108	     0.740	0	83	0	0	python make_repo_public.py --repo_id allenai/DataDecide-dclm-baseline-50p-dolma1.7-50p-750M
144	:	1744683309.045	     1.006	0	53	0	0	python make_repo_public.py --repo_id allenai/DataDecide-c4-1B
142	:	1744683308.539	     1.562	0	67	0	0	python make_repo_public.py --repo_id allenai/DataDecide-dolma1_7-no-flan-1B
150	:	1744683309.853	     0.712	0	64	0	0	python make_repo_public.py --repo_id allenai/DataDecide-fineweb-pro-750M
147	:	1744683309.193	     1.416	0	64	0	0	python make_repo_public.py --repo_id allenai/DataDecide-fineweb-edu-750M
140	:	1744683308.299	     2.354	0	81	0	0	python make_repo_public.py --repo_id allenai/DataDecide-dclm-baseline-75p-dolma1.7-25p-1B
146	:	1744683309.176	     1.493	0	83	0	0	python make_repo_public.py --repo_id allenai/DataDecide-dclm-baseline-25p-dolma1.7-75p-750M
152	:	1744683310.106	     0.611	0	76	0	0	python make_repo_public.py --repo_id allenai/DataDecide-dclm-baseline-qc-7p-fw2-750M
148	:	1744683309.354	     1.477	0	69	0	0	python make_repo_public.py --repo_id allenai/DataDecide-dolma1_7-no-flan-750M
151	:	1744683310.056	     0.961	0	66	0	0	python make_repo_public.py --repo_id allenai/DataDecide-dclm-baseline-750M
149	:	1744683309.624	     1.399	0	73	0	0	python make_repo_public.py --repo_id allenai/DataDecide-falcon-and-cc-qc-10p-750M
153	:	1744683310.569	     0.650	0	61	0	0	python make_repo_public.py --repo_id allenai/DataDecide-dolma1_7-750M
154	:	1744683310.614	     0.661	0	75	0	0	python make_repo_public.py --repo_id allenai/DataDecide-dclm-baseline-qc-fw-3p-750M
143	:	1744683308.995	     2.517	0	69	0	0	python make_repo_public.py --repo_id allenai/DataDecide-dolma1_7-no-reddit-1B
156	:	1744683310.674	     1.003	0	78	0	0	python make_repo_public.py --repo_id allenai/DataDecide-falcon-and-cc-qc-orig-10p-750M
157	:	1744683310.722	     1.108	0	76	0	0	python make_repo_public.py --repo_id allenai/DataDecide-dclm-baseline-qc-7p-fw3-750M
158	:	1744683310.837	     1.077	0	78	0	0	python make_repo_public.py --repo_id allenai/DataDecide-falcon-and-cc-qc-tulu-10p-750M
160	:	1744683311.028	     0.922	0	59	0	0	python make_repo_public.py --repo_id allenai/DataDecide-falcon-750M
155	:	1744683310.657	     1.373	0	73	0	0	python make_repo_public.py --repo_id allenai/DataDecide-falcon-and-cc-qc-20p-750M
162	:	1744683311.280	     0.861	0	55	0	0	python make_repo_public.py --repo_id allenai/DataDecide-c4-750M
161	:	1744683311.223	     1.019	0	74	0	0	python make_repo_public.py --repo_id allenai/DataDecide-dolma1_7-no-math-code-750M
159	:	1744683311.022	     1.414	0	69	0	0	python make_repo_public.py --repo_id allenai/DataDecide-dolma1_7-no-code-750M
163	:	1744683311.517	     1.087	0	65	0	0	python make_repo_public.py --repo_id allenai/DataDecide-dolma1_6plus-750M
167	:	1744683311.956	     0.917	0	76	0	0	python make_repo_public.py --repo_id allenai/DataDecide-dclm-baseline-qc-fw-10p-750M
166	:	1744683311.918	     0.960	0	66	0	0	python make_repo_public.py --repo_id allenai/DataDecide-falcon-and-cc-750M
168	:	1744683312.035	     0.901	0	73	0	0	python make_repo_public.py --repo_id allenai/DataDecide-dclm-baseline-qc-20p-300M
164	:	1744683311.682	     1.259	0	71	0	0	python make_repo_public.py --repo_id allenai/DataDecide-dolma1_7-no-reddit-750M
165	:	1744683311.837	     1.107	0	83	0	0	python make_repo_public.py --repo_id allenai/DataDecide-dclm-baseline-75p-dolma1.7-25p-750M
170	:	1744683312.247	     0.904	0	71	0	0	python make_repo_public.py --repo_id allenai/DataDecide-dclm-baseline-qc-20p-1B
171	:	1744683312.440	     0.849	0	73	0	0	python make_repo_public.py --repo_id allenai/DataDecide-dclm-baseline-qc-20p-150M
132	:	1744683307.696	     5.737	0	81	0	0	python make_repo_public.py --repo_id allenai/DataDecide-dclm-baseline-50p-dolma1.7-50p-1B
174	:	1744683312.882	     0.911	0	73	0	0	python make_repo_public.py --repo_id allenai/DataDecide-dclm-baseline-qc-10p-150M
176	:	1744683312.944	     0.878	0	73	0	0	python make_repo_public.py --repo_id allenai/DataDecide-dclm-baseline-qc-10p-530M
169	:	1744683312.144	     2.175	0	73	0	0	python make_repo_public.py --repo_id allenai/DataDecide-dclm-baseline-qc-20p-530M
178	:	1744683313.156	     1.169	0	71	0	0	python make_repo_public.py --repo_id allenai/DataDecide-dclm-baseline-qc-10p-1B
177	:	1744683312.947	     1.382	0	73	0	0	python make_repo_public.py --repo_id allenai/DataDecide-dclm-baseline-qc-10p-300M
175	:	1744683312.941	     1.404	0	73	0	0	python make_repo_public.py --repo_id allenai/DataDecide-dclm-baseline-qc-10p-750M
180	:	1744683313.438	     0.913	0	64	0	0	python make_repo_public.py --repo_id allenai/DataDecide-fineweb-pro-530M
173	:	1744683312.878	     1.615	0	73	0	0	python make_repo_public.py --repo_id allenai/DataDecide-dclm-baseline-qc-fw-3p-1B
172	:	1744683312.609	     1.907	0	73	0	0	python make_repo_public.py --repo_id allenai/DataDecide-dclm-baseline-qc-20p-750M
179	:	1744683313.295	     1.320	0	74	0	0	python make_repo_public.py --repo_id allenai/DataDecide-dclm-baseline-qc-fw-10p-1B
181	:	1744683313.799	     0.950	0	64	0	0	python make_repo_public.py --repo_id allenai/DataDecide-fineweb-edu-530M
182	:	1744683313.827	     1.052	0	78	0	0	python make_repo_public.py --repo_id allenai/DataDecide-falcon-and-cc-qc-tulu-10p-530M
185	:	1744683314.334	     1.149	0	71	0	0	python make_repo_public.py --repo_id allenai/DataDecide-dolma1_7-no-reddit-530M
183	:	1744683314.324	     1.279	0	73	0	0	python make_repo_public.py --repo_id allenai/DataDecide-falcon-and-cc-qc-10p-530M
186	:	1744683314.350	     1.278	0	61	0	0	python make_repo_public.py --repo_id allenai/DataDecide-dolma1_7-530M
184	:	1744683314.329	     1.299	0	76	0	0	python make_repo_public.py --repo_id allenai/DataDecide-dclm-baseline-qc-7p-fw3-530M
190	:	1744683314.631	     1.004	0	69	0	0	python make_repo_public.py --repo_id allenai/DataDecide-dolma1_7-no-flan-530M
187	:	1744683314.355	     1.309	0	65	0	0	python make_repo_public.py --repo_id allenai/DataDecide-dolma1_6plus-530M
191	:	1744683314.757	     1.006	0	73	0	0	python make_repo_public.py --repo_id allenai/DataDecide-falcon-and-cc-qc-20p-530M
192	:	1744683314.889	     0.891	0	66	0	0	python make_repo_public.py --repo_id allenai/DataDecide-falcon-and-cc-530M
189	:	1744683314.527	     1.271	0	83	0	0	python make_repo_public.py --repo_id allenai/DataDecide-dclm-baseline-50p-dolma1.7-50p-530M
188	:	1744683314.504	     1.743	0	83	0	0	python make_repo_public.py --repo_id allenai/DataDecide-dclm-baseline-75p-dolma1.7-25p-530M
194	:	1744683315.628	     1.691	0	55	0	0	python make_repo_public.py --repo_id allenai/DataDecide-c4-530M
196	:	1744683315.664	     1.694	0	59	0	0	python make_repo_public.py --repo_id allenai/DataDecide-falcon-530M
200	:	1744683315.790	     1.577	0	76	0	0	python make_repo_public.py --repo_id allenai/DataDecide-dclm-baseline-qc-7p-fw2-530M
197	:	1744683315.707	     1.667	0	78	0	0	python make_repo_public.py --repo_id allenai/DataDecide-falcon-and-cc-qc-orig-10p-530M
193	:	1744683315.598	     1.849	0	66	0	0	python make_repo_public.py --repo_id allenai/DataDecide-dclm-baseline-530M
195	:	1744683315.636	     2.229	0	83	0	0	python make_repo_public.py --repo_id allenai/DataDecide-dclm-baseline-25p-dolma1.7-75p-530M
201	:	1744683315.815	     2.103	0	74	0	0	python make_repo_public.py --repo_id allenai/DataDecide-dolma1_7-no-math-code-530M
199	:	1744683315.776	     2.319	0	75	0	0	python make_repo_public.py --repo_id allenai/DataDecide-dclm-baseline-qc-fw-3p-530M
202	:	1744683316.262	     1.847	0	76	0	0	python make_repo_public.py --repo_id allenai/DataDecide-dclm-baseline-qc-7p-fw2-300M
205	:	1744683317.375	     1.443	0	83	0	0	python make_repo_public.py --repo_id allenai/DataDecide-dclm-baseline-50p-dolma1.7-50p-300M
206	:	1744683317.383	     1.495	0	78	0	0	python make_repo_public.py --repo_id allenai/DataDecide-falcon-and-cc-qc-orig-10p-300M
207	:	1744683317.476	     1.493	0	64	0	0	python make_repo_public.py --repo_id allenai/DataDecide-fineweb-edu-300M
210	:	1744683318.103	     0.896	0	66	0	0	python make_repo_public.py --repo_id allenai/DataDecide-dclm-baseline-300M
211	:	1744683318.117	     0.935	0	73	0	0	python make_repo_public.py --repo_id allenai/DataDecide-falcon-and-cc-qc-10p-300M
208	:	1744683317.901	     1.206	0	78	0	0	python make_repo_public.py --repo_id allenai/DataDecide-falcon-and-cc-qc-tulu-10p-300M
209	:	1744683317.931	     1.536	0	66	0	0	python make_repo_public.py --repo_id allenai/DataDecide-falcon-and-cc-300M
212	:	1744683318.822	     0.914	0	73	0	0	python make_repo_public.py --repo_id allenai/DataDecide-falcon-and-cc-qc-20p-300M
213	:	1744683318.882	     0.933	0	71	0	0	python make_repo_public.py --repo_id allenai/DataDecide-dolma1_7-no-reddit-300M
214	:	1744683318.973	     0.937	0	83	0	0	python make_repo_public.py --repo_id allenai/DataDecide-dclm-baseline-75p-dolma1.7-25p-300M
204	:	1744683317.367	     2.652	0	74	0	0	python make_repo_public.py --repo_id allenai/DataDecide-dolma1_7-no-math-code-300M
216	:	1744683319.057	     0.973	0	65	0	0	python make_repo_public.py --repo_id allenai/DataDecide-dolma1_6plus-300M
215	:	1744683319.020	     1.023	0	64	0	0	python make_repo_public.py --repo_id allenai/DataDecide-fineweb-pro-300M
217	:	1744683319.112	     0.976	0	83	0	0	python make_repo_public.py --repo_id allenai/DataDecide-dclm-baseline-25p-dolma1.7-75p-300M
218	:	1744683319.472	     0.928	0	69	0	0	python make_repo_public.py --repo_id allenai/DataDecide-dolma1_7-no-code-300M
220	:	1744683319.819	     0.920	0	55	0	0	python make_repo_public.py --repo_id allenai/DataDecide-c4-300M
219	:	1744683319.740	     1.016	0	61	0	0	python make_repo_public.py --repo_id allenai/DataDecide-dolma1_7-300M
224	:	1744683320.047	     0.934	0	76	0	0	python make_repo_public.py --repo_id allenai/DataDecide-dclm-baseline-qc-fw-10p-530M
223	:	1744683320.034	     1.026	0	76	0	0	python make_repo_public.py --repo_id allenai/DataDecide-dclm-baseline-qc-7p-fw3-300M
221	:	1744683319.914	     1.191	0	75	0	0	python make_repo_public.py --repo_id allenai/DataDecide-dclm-baseline-qc-fw-3p-300M
222	:	1744683320.024	     1.095	0	59	0	0	python make_repo_public.py --repo_id allenai/DataDecide-falcon-300M
225	:	1744683320.092	     1.085	0	76	0	0	python make_repo_public.py --repo_id allenai/DataDecide-dclm-baseline-qc-fw-10p-300M
226	:	1744683320.406	     1.129	0	58	0	0	python make_repo_public.py --repo_id allenai/DataDecide-falcon-10M
228	:	1744683320.759	     0.856	0	64	0	0	python make_repo_public.py --repo_id allenai/DataDecide-dolma1_6plus-10M
233	:	1744683321.187	     0.769	0	63	0	0	python make_repo_public.py --repo_id allenai/DataDecide-fineweb-pro-10M
232	:	1744683321.124	     1.007	0	73	0	0	python make_repo_public.py --repo_id allenai/DataDecide-dolma1_7-no-math-code-10M
230	:	1744683321.066	     1.253	0	82	0	0	python make_repo_public.py --repo_id allenai/DataDecide-dclm-baseline-75p-dolma1.7-25p-10M
227	:	1744683320.743	     1.711	0	68	0	0	python make_repo_public.py --repo_id allenai/DataDecide-dolma1_7-no-flan-10M
234	:	1744683321.539	     0.940	0	70	0	0	python make_repo_public.py --repo_id allenai/DataDecide-dolma1_7-no-reddit-10M
235	:	1744683321.620	     0.890	0	72	0	0	python make_repo_public.py --repo_id allenai/DataDecide-dclm-baseline-qc-10p-10M
231	:	1744683321.110	     1.543	0	82	0	0	python make_repo_public.py --repo_id allenai/DataDecide-dclm-baseline-50p-dolma1.7-50p-10M
236	:	1744683321.960	     0.909	0	75	0	0	python make_repo_public.py --repo_id allenai/DataDecide-dclm-baseline-qc-7p-fw2-10M
237	:	1744683322.136	     0.886	0	68	0	0	python make_repo_public.py --repo_id allenai/DataDecide-dolma1_7-no-code-10M
238	:	1744683322.323	     0.926	0	75	0	0	python make_repo_public.py --repo_id allenai/DataDecide-dclm-baseline-qc-7p-fw3-10M
240	:	1744683322.485	     0.866	0	77	0	0	python make_repo_public.py --repo_id allenai/DataDecide-falcon-and-cc-qc-orig-10p-10M
241	:	1744683322.514	     0.842	0	72	0	0	python make_repo_public.py --repo_id allenai/DataDecide-falcon-and-cc-qc-10p-10M
239	:	1744683322.464	     1.236	0	54	0	0	python make_repo_public.py --repo_id allenai/DataDecide-c4-10M
243	:	1744683322.874	     0.984	0	74	0	0	python make_repo_public.py --repo_id allenai/DataDecide-dclm-baseline-qc-fw-3p-10M
242	:	1744683322.657	     1.477	0	65	0	0	python make_repo_public.py --repo_id allenai/DataDecide-falcon-and-cc-10M
245	:	1744683323.252	     1.036	0	60	0	0	python make_repo_public.py --repo_id allenai/DataDecide-dolma1_7-10M
244	:	1744683323.026	     1.305	0	82	0	0	python make_repo_public.py --repo_id allenai/DataDecide-dclm-baseline-25p-dolma1.7-75p-10M
247	:	1744683323.360	     0.974	0	77	0	0	python make_repo_public.py --repo_id allenai/DataDecide-falcon-and-cc-qc-tulu-10p-10M
203	:	1744683317.327	     7.167	0	69	0	0	python make_repo_public.py --repo_id allenai/DataDecide-dolma1_7-no-flan-300M
248	:	1744683323.705	     0.897	0	75	0	0	python make_repo_public.py --repo_id allenai/DataDecide-dclm-baseline-qc-fw-10p-10M
246	:	1744683323.356	     1.555	0	72	0	0	python make_repo_public.py --repo_id allenai/DataDecide-falcon-and-cc-qc-20p-10M
198	:	1744683315.720	     9.260	0	69	0	0	python make_repo_public.py --repo_id allenai/DataDecide-dolma1_7-no-code-530M
253	:	1744683324.338	     0.767	0	59	0	0	python make_repo_public.py --repo_id allenai/DataDecide-dolma1_7-8M
249	:	1744683323.864	     1.283	0	72	0	0	python make_repo_public.py --repo_id allenai/DataDecide-dclm-baseline-qc-20p-10M
250	:	1744683324.139	     1.126	0	65	0	0	python make_repo_public.py --repo_id allenai/DataDecide-dclm-baseline-10M
251	:	1744683324.292	     1.115	0	63	0	0	python make_repo_public.py --repo_id allenai/DataDecide-dolma1_6plus-8M
252	:	1744683324.334	     1.096	0	67	0	0	python make_repo_public.py --repo_id allenai/DataDecide-dolma1_7-no-code-8M
254	:	1744683324.499	     0.996	0	81	0	0	python make_repo_public.py --repo_id allenai/DataDecide-dclm-baseline-75p-dolma1.7-25p-8M
257	:	1744683324.985	     0.918	0	69	0	0	python make_repo_public.py --repo_id allenai/DataDecide-dolma1_7-no-reddit-8M
259	:	1744683325.151	     0.871	0	71	0	0	python make_repo_public.py --repo_id allenai/DataDecide-falcon-and-cc-qc-10p-8M
256	:	1744683324.916	     1.245	0	62	0	0	python make_repo_public.py --repo_id allenai/DataDecide-fineweb-edu-8M
255	:	1744683324.606	     1.651	0	71	0	0	python make_repo_public.py --repo_id allenai/DataDecide-dclm-baseline-qc-10p-8M
260	:	1744683325.269	     1.118	0	64	0	0	python make_repo_public.py --repo_id allenai/DataDecide-falcon-and-cc-8M
263	:	1744683325.500	     0.898	0	57	0	0	python make_repo_public.py --repo_id allenai/DataDecide-falcon-8M
262	:	1744683325.435	     1.095	0	74	0	0	python make_repo_public.py --repo_id allenai/DataDecide-dclm-baseline-qc-fw-10p-8M
229	:	1744683320.986	     5.754	0	63	0	0	python make_repo_public.py --repo_id allenai/DataDecide-fineweb-edu-10M
264	:	1744683325.907	     1.608	0	71	0	0	python make_repo_public.py --repo_id allenai/DataDecide-falcon-and-cc-qc-20p-8M
266	:	1744683326.165	     1.368	0	64	0	0	python make_repo_public.py --repo_id allenai/DataDecide-dclm-baseline-8M
265	:	1744683326.026	     1.529	0	72	0	0	python make_repo_public.py --repo_id allenai/DataDecide-dolma1_7-no-math-code-8M
268	:	1744683326.391	     1.216	0	76	0	0	python make_repo_public.py --repo_id allenai/DataDecide-falcon-and-cc-qc-tulu-10p-8M
267	:	1744683326.261	     1.478	0	62	0	0	python make_repo_public.py --repo_id allenai/DataDecide-fineweb-pro-8M
258	:	1744683325.110	     2.747	0	73	0	0	python make_repo_public.py --repo_id allenai/DataDecide-dclm-baseline-qc-fw-3p-8M
269	:	1744683326.402	     1.498	0	74	0	0	python make_repo_public.py --repo_id allenai/DataDecide-dclm-baseline-qc-7p-fw2-8M
271	:	1744683326.745	     1.324	0	67	0	0	python make_repo_public.py --repo_id allenai/DataDecide-dolma1_7-no-flan-8M
270	:	1744683326.535	     1.641	0	53	0	0	python make_repo_public.py --repo_id allenai/DataDecide-c4-8M
274	:	1744683327.558	     0.907	0	74	0	0	python make_repo_public.py --repo_id allenai/DataDecide-dclm-baseline-qc-7p-fw3-8M
273	:	1744683327.539	     0.947	0	81	0	0	python make_repo_public.py --repo_id allenai/DataDecide-dclm-baseline-25p-dolma1.7-75p-8M
276	:	1744683327.743	     0.907	0	82	0	0	python make_repo_public.py --repo_id allenai/DataDecide-dclm-baseline-25p-dolma1.7-75p-14M
275	:	1744683327.611	     1.290	0	81	0	0	python make_repo_public.py --repo_id allenai/DataDecide-dclm-baseline-50p-dolma1.7-50p-8M
277	:	1744683327.861	     1.062	0	82	0	0	python make_repo_public.py --repo_id allenai/DataDecide-dclm-baseline-75p-dolma1.7-25p-14M
280	:	1744683328.181	     0.842	0	82	0	0	python make_repo_public.py --repo_id allenai/DataDecide-dclm-baseline-50p-dolma1.7-50p-14M
279	:	1744683328.073	     1.011	0	54	0	0	python make_repo_public.py --repo_id allenai/DataDecide-c4-14M
272	:	1744683327.519	     1.625	0	71	0	0	python make_repo_public.py --repo_id allenai/DataDecide-dclm-baseline-qc-20p-8M
281	:	1744683328.471	     0.845	0	72	0	0	python make_repo_public.py --repo_id allenai/DataDecide-falcon-and-cc-qc-10p-14M
282	:	1744683328.489	     0.878	0	64	0	0	python make_repo_public.py --repo_id allenai/DataDecide-dolma1_6plus-14M
286	:	1744683329.026	     0.848	0	68	0	0	python make_repo_public.py --repo_id allenai/DataDecide-dolma1_7-no-code-14M
283	:	1744683328.655	     1.249	0	72	0	0	python make_repo_public.py --repo_id allenai/DataDecide-dclm-baseline-qc-10p-14M
288	:	1744683329.150	     0.766	0	65	0	0	python make_repo_public.py --repo_id allenai/DataDecide-dclm-baseline-14M
284	:	1744683328.906	     1.115	0	60	0	0	python make_repo_public.py --repo_id allenai/DataDecide-dolma1_7-14M
289	:	1744683329.321	     0.833	0	75	0	0	python make_repo_public.py --repo_id allenai/DataDecide-dclm-baseline-qc-7p-fw2-14M
290	:	1744683329.371	     1.052	0	58	0	0	python make_repo_public.py --repo_id allenai/DataDecide-falcon-14M
278	:	1744683327.904	     2.714	0	68	0	0	python make_repo_public.py --repo_id allenai/DataDecide-dolma1_7-no-flan-14M
287	:	1744683329.088	     1.557	0	70	0	0	python make_repo_public.py --repo_id allenai/DataDecide-dolma1_7-no-reddit-14M
293	:	1744683329.921	     0.910	0	63	0	0	python make_repo_public.py --repo_id allenai/DataDecide-fineweb-pro-14M
294	:	1744683330.025	     0.837	0	72	0	0	python make_repo_public.py --repo_id allenai/DataDecide-dclm-baseline-qc-20p-14M
295	:	1744683330.159	     0.798	0	75	0	0	python make_repo_public.py --repo_id allenai/DataDecide-dclm-baseline-qc-fw-10p-14M
285	:	1744683328.928	     2.036	0	72	0	0	python make_repo_public.py --repo_id allenai/DataDecide-falcon-and-cc-qc-20p-14M
292	:	1744683329.908	     1.115	0	73	0	0	python make_repo_public.py --repo_id allenai/DataDecide-dolma1_7-no-math-code-14M
291	:	1744683329.878	     1.506	0	65	0	0	python make_repo_public.py --repo_id allenai/DataDecide-falcon-and-cc-14M
261	:	1744683325.413	     6.143	0	76	0	0	python make_repo_public.py --repo_id allenai/DataDecide-falcon-and-cc-qc-orig-10p-8M
296	:	1744683330.427	     1.227	0	74	0	0	python make_repo_public.py --repo_id allenai/DataDecide-dclm-baseline-qc-fw-3p-14M
297	:	1744683330.623	     1.160	0	77	0	0	python make_repo_public.py --repo_id allenai/DataDecide-falcon-and-cc-qc-orig-10p-14M
302	:	1744683330.968	     0.952	0	65	0	0	python make_repo_public.py --repo_id allenai/DataDecide-dclm-baseline-16M
301	:	1744683330.961	     1.137	0	58	0	0	python make_repo_public.py --repo_id allenai/DataDecide-falcon-16M
303	:	1744683331.029	     1.090	0	60	0	0	python make_repo_public.py --repo_id allenai/DataDecide-dolma1_7-16M
304	:	1744683331.388	     0.812	0	68	0	0	python make_repo_public.py --repo_id allenai/DataDecide-dolma1_7-no-flan-16M
300	:	1744683330.867	     1.386	0	77	0	0	python make_repo_public.py --repo_id allenai/DataDecide-falcon-and-cc-qc-tulu-10p-14M
298	:	1744683330.651	     1.618	0	63	0	0	python make_repo_public.py --repo_id allenai/DataDecide-fineweb-edu-14M
299	:	1744683330.835	     1.605	0	75	0	0	python make_repo_public.py --repo_id allenai/DataDecide-dclm-baseline-qc-7p-fw3-14M
305	:	1744683331.560	     0.934	0	82	0	0	python make_repo_public.py --repo_id allenai/DataDecide-dclm-baseline-75p-dolma1.7-25p-16M
306	:	1744683331.658	     0.959	0	54	0	0	python make_repo_public.py --repo_id allenai/DataDecide-c4-16M
310	:	1744683332.124	     0.914	0	77	0	0	python make_repo_public.py --repo_id allenai/DataDecide-falcon-and-cc-qc-tulu-10p-16M
308	:	1744683331.924	     1.184	0	73	0	0	python make_repo_public.py --repo_id allenai/DataDecide-dolma1_7-no-math-code-16M
311	:	1744683332.205	     0.936	0	72	0	0	python make_repo_public.py --repo_id allenai/DataDecide-dclm-baseline-qc-20p-16M
313	:	1744683332.273	     1.114	0	63	0	0	python make_repo_public.py --repo_id allenai/DataDecide-fineweb-edu-16M
307	:	1744683331.787	     1.738	0	82	0	0	python make_repo_public.py --repo_id allenai/DataDecide-dclm-baseline-25p-dolma1.7-75p-16M
315	:	1744683332.498	     1.049	0	72	0	0	python make_repo_public.py --repo_id allenai/DataDecide-falcon-and-cc-qc-10p-16M
312	:	1744683332.258	     1.296	0	75	0	0	python make_repo_public.py --repo_id allenai/DataDecide-dclm-baseline-qc-7p-fw3-16M
316	:	1744683332.621	     0.976	0	70	0	0	python make_repo_public.py --repo_id allenai/DataDecide-dolma1_7-no-reddit-16M
309	:	1744683332.103	     1.628	0	72	0	0	python make_repo_public.py --repo_id allenai/DataDecide-dclm-baseline-qc-10p-16M
314	:	1744683332.444	     1.369	0	75	0	0	python make_repo_public.py --repo_id allenai/DataDecide-dclm-baseline-qc-fw-10p-16M
317	:	1744683333.042	     0.884	0	77	0	0	python make_repo_public.py --repo_id allenai/DataDecide-falcon-and-cc-qc-orig-10p-16M
319	:	1744683333.145	     0.934	0	68	0	0	python make_repo_public.py --repo_id allenai/DataDecide-dolma1_7-no-code-16M
318	:	1744683333.114	     1.066	0	72	0	0	python make_repo_public.py --repo_id allenai/DataDecide-falcon-and-cc-qc-20p-16M
324	:	1744683333.603	     0.958	0	74	0	0	python make_repo_public.py --repo_id allenai/DataDecide-dclm-baseline-qc-fw-3p-16M
320	:	1744683333.390	     1.335	0	65	0	0	python make_repo_public.py --repo_id allenai/DataDecide-falcon-and-cc-16M
323	:	1744683333.557	     1.286	0	63	0	0	python make_repo_public.py --repo_id allenai/DataDecide-fineweb-pro-16M
326	:	1744683333.818	     1.039	0	57	0	0	python make_repo_public.py --repo_id allenai/DataDecide-falcon-6M
325	:	1744683333.736	     1.134	0	64	0	0	python make_repo_public.py --repo_id allenai/DataDecide-dolma1_6plus-16M
322	:	1744683333.552	     1.470	0	82	0	0	python make_repo_public.py --repo_id allenai/DataDecide-dclm-baseline-50p-dolma1.7-50p-16M
329	:	1744683334.184	     0.845	0	74	0	0	python make_repo_public.py --repo_id allenai/DataDecide-dclm-baseline-qc-7p-fw2-6M
327	:	1744683333.930	     1.154	0	74	0	0	python make_repo_public.py --repo_id allenai/DataDecide-dclm-baseline-qc-7p-fw3-6M
328	:	1744683334.084	     1.118	0	81	0	0	python make_repo_public.py --repo_id allenai/DataDecide-dclm-baseline-25p-dolma1.7-75p-6M
330	:	1744683334.565	     0.667	0	64	0	0	python make_repo_public.py --repo_id allenai/DataDecide-falcon-and-cc-6M
334	:	1744683334.881	     0.615	0	73	0	0	python make_repo_public.py --repo_id allenai/DataDecide-dclm-baseline-qc-fw-3p-6M
331	:	1744683334.730	     0.914	0	71	0	0	python make_repo_public.py --repo_id allenai/DataDecide-falcon-and-cc-qc-20p-6M
336	:	1744683335.033	     0.796	0	71	0	0	python make_repo_public.py --repo_id allenai/DataDecide-falcon-and-cc-qc-10p-6M
337	:	1744683335.089	     0.792	0	76	0	0	python make_repo_public.py --repo_id allenai/DataDecide-falcon-and-cc-qc-orig-10p-6M
333	:	1744683334.863	     1.096	0	74	0	0	python make_repo_public.py --repo_id allenai/DataDecide-dclm-baseline-qc-fw-10p-6M
332	:	1744683334.848	     1.164	0	81	0	0	python make_repo_public.py --repo_id allenai/DataDecide-dclm-baseline-75p-dolma1.7-25p-6M
338	:	1744683335.209	     0.858	0	62	0	0	python make_repo_public.py --repo_id allenai/DataDecide-fineweb-pro-6M
339	:	1744683335.237	     0.859	0	71	0	0	python make_repo_public.py --repo_id allenai/DataDecide-dclm-baseline-qc-10p-6M
340	:	1744683335.500	     0.779	0	59	0	0	python make_repo_public.py --repo_id allenai/DataDecide-dolma1_7-6M
335	:	1744683335.027	     1.407	0	67	0	0	python make_repo_public.py --repo_id allenai/DataDecide-dolma1_7-no-code-6M
341	:	1744683335.648	     0.987	0	72	0	0	python make_repo_public.py --repo_id allenai/DataDecide-dolma1_7-no-math-code-6M
346	:	1744683336.073	     0.571	0	81	0	0	python make_repo_public.py --repo_id allenai/DataDecide-dclm-baseline-50p-dolma1.7-50p-6M
342	:	1744683335.833	     0.824	0	67	0	0	python make_repo_public.py --repo_id allenai/DataDecide-dolma1_7-no-flan-6M
343	:	1744683335.885	     0.905	0	71	0	0	python make_repo_public.py --repo_id allenai/DataDecide-dclm-baseline-qc-20p-6M
345	:	1744683336.018	     0.850	0	64	0	0	python make_repo_public.py --repo_id allenai/DataDecide-dclm-baseline-6M
347	:	1744683336.101	     0.915	0	62	0	0	python make_repo_public.py --repo_id allenai/DataDecide-fineweb-edu-6M
348	:	1744683336.284	     0.784	0	63	0	0	python make_repo_public.py --repo_id allenai/DataDecide-dolma1_6plus-6M
344	:	1744683335.964	     1.135	0	76	0	0	python make_repo_public.py --repo_id allenai/DataDecide-falcon-and-cc-qc-tulu-10p-6M
350	:	1744683336.640	     0.771	0	69	0	0	python make_repo_public.py --repo_id allenai/DataDecide-dolma1_7-no-reddit-6M
321	:	1744683333.530	     4.213	0	75	0	0	python make_repo_public.py --repo_id allenai/DataDecide-dclm-baseline-qc-7p-fw2-16M
349	:	1744683336.439	     1.388	0	53	0	0	python make_repo_public.py --repo_id allenai/DataDecide-c4-6M
