Seq	Host	Starttime	JobRuntime	Send	Receive	Exitval	Signal	Command
6	:	1753122954.495	    15.598	0	670	0	0	python upload_optim.py --repo_name DataDecide-dclm-baseline-qc-fw-3p-4M
4	:	1753122954.489	    17.449	0	673	0	0	python upload_optim.py --repo_name DataDecide-falcon-and-cc-qc-tulu-10p-4M
5	:	1753122954.492	    25.322	0	680	0	0	python upload_optim.py --repo_name DataDecide-dclm-baseline-qc-fw-3p-20M
3	:	1753122954.487	    30.858	0	683	0	0	python upload_optim.py --repo_name DataDecide-falcon-and-cc-qc-tulu-10p-20M
12	:	1753122971.943	    16.786	0	654	0	0	python upload_optim.py --repo_name DataDecide-falcon-4M
1	:	1753122954.482	    50.132	0	686	0	0	python upload_optim.py --repo_name DataDecide-falcon-and-cc-qc-tulu-10p-60M
8	:	1753122954.500	    68.029	0	683	0	0	python upload_optim.py --repo_name DataDecide-dclm-baseline-qc-fw-3p-60M
9	:	1753122954.503	    72.144	0	667	0	0	python upload_optim.py --repo_name DataDecide-falcon-60M
11	:	1753122970.100	    58.069	0	664	0	0	python upload_optim.py --repo_name DataDecide-falcon-20M
10	:	1753122954.506	   116.658	0	667	0	0	python upload_optim.py --repo_name DataDecide-falcon-90M
2	:	1753122954.484	   117.279	0	686	0	0	python upload_optim.py --repo_name DataDecide-falcon-and-cc-qc-tulu-10p-90M
16	:	1753123004.621	    85.899	0	678	0	0	python upload_optim.py --repo_name DataDecide-dclm-baseline-75p-dolma1.7-25p-4M
14	:	1753122985.351	   107.564	0	688	0	0	python upload_optim.py --repo_name DataDecide-dclm-baseline-75p-dolma1.7-25p-20M
7	:	1753122954.498	   139.678	0	683	0	0	python upload_optim.py --repo_name DataDecide-dclm-baseline-qc-fw-3p-90M
18	:	1753123026.653	    69.393	0	678	0	0	python upload_optim.py --repo_name DataDecide-dclm-baseline-50p-dolma1.7-50p-4M
19	:	1753123028.174	   119.297	0	688	0	0	python upload_optim.py --repo_name DataDecide-dclm-baseline-50p-dolma1.7-50p-20M
23	:	1753123092.923	    67.961	0	678	0	0	python upload_optim.py --repo_name DataDecide-dclm-baseline-25p-dolma1.7-75p-4M
15	:	1753122988.736	   210.983	0	691	0	0	python upload_optim.py --repo_name DataDecide-dclm-baseline-75p-dolma1.7-25p-60M
17	:	1753123022.535	   222.846	0	691	0	0	python upload_optim.py --repo_name DataDecide-dclm-baseline-50p-dolma1.7-50p-60M
13	:	1753122979.821	   267.877	0	691	0	0	python upload_optim.py --repo_name DataDecide-dclm-baseline-75p-dolma1.7-25p-90M
22	:	1753123090.527	   161.733	0	666	0	0	python upload_optim.py --repo_name DataDecide-dolma1_7-20M
28	:	1753123199.726	    91.575	0	656	0	0	python upload_optim.py --repo_name DataDecide-dolma1_7-4M
25	:	1753123096.053	   216.157	0	669	0	0	python upload_optim.py --repo_name DataDecide-dolma1_7-60M
31	:	1753123252.267	    78.875	0	668	0	0	python upload_optim.py --repo_name DataDecide-dclm-baseline-qc-20p-4M
27	:	1753123160.891	   185.137	0	688	0	0	python upload_optim.py --repo_name DataDecide-dclm-baseline-25p-dolma1.7-75p-20M
20	:	1753123071.171	   279.895	0	691	0	0	python upload_optim.py --repo_name DataDecide-dclm-baseline-50p-dolma1.7-50p-90M
21	:	1753123071.768	   286.262	0	669	0	0	python upload_optim.py --repo_name DataDecide-dolma1_7-90M
24	:	1753123094.182	   275.594	0	691	0	0	python upload_optim.py --repo_name DataDecide-dclm-baseline-25p-dolma1.7-75p-90M
30	:	1753123247.706	   124.986	0	678	0	0	python upload_optim.py --repo_name DataDecide-dclm-baseline-qc-20p-20M
26	:	1753123147.478	   240.444	0	691	0	0	python upload_optim.py --repo_name DataDecide-dclm-baseline-25p-dolma1.7-75p-60M
33	:	1753123312.216	    77.997	0	668	0	0	python upload_optim.py --repo_name DataDecide-falcon-and-cc-qc-10p-4M
36	:	1753123351.072	   108.233	0	678	0	0	python upload_optim.py --repo_name DataDecide-falcon-and-cc-qc-10p-20M
38	:	1753123369.782	   102.128	0	671	0	0	python upload_optim.py --repo_name DataDecide-dclm-baseline-qc-7p-fw3-4M
29	:	1753123245.388	   242.104	0	681	0	0	python upload_optim.py --repo_name DataDecide-dclm-baseline-qc-20p-90M
39	:	1753123372.700	   122.284	0	681	0	0	python upload_optim.py --repo_name DataDecide-dclm-baseline-qc-7p-fw3-20M
32	:	1753123291.308	   210.417	0	681	0	0	python upload_optim.py --repo_name DataDecide-dclm-baseline-qc-20p-60M
34	:	1753123331.149	   190.127	0	681	0	0	python upload_optim.py --repo_name DataDecide-falcon-and-cc-qc-10p-60M
44	:	1753123487.498	    66.269	0	669	0	0	python upload_optim.py --repo_name DataDecide-dolma1_7-no-math-code-4M
43	:	1753123471.917	   102.963	0	679	0	0	python upload_optim.py --repo_name DataDecide-dolma1_7-no-math-code-20M
40	:	1753123387.929	   197.295	0	684	0	0	python upload_optim.py --repo_name DataDecide-dclm-baseline-qc-7p-fw3-60M
35	:	1753123346.033	   253.437	0	681	0	0	python upload_optim.py --repo_name DataDecide-falcon-and-cc-qc-10p-90M
45	:	1753123494.991	   112.340	0	674	0	0	python upload_optim.py --repo_name DataDecide-dolma1_7-no-flan-20M
37	:	1753123358.036	   260.933	0	684	0	0	python upload_optim.py --repo_name DataDecide-dclm-baseline-qc-7p-fw3-90M
48	:	1753123553.773	    79.993	0	664	0	0	python upload_optim.py --repo_name DataDecide-dolma1_7-no-flan-4M
42	:	1753123459.313	   184.148	0	682	0	0	python upload_optim.py --repo_name DataDecide-dolma1_7-no-math-code-60M
41	:	1753123390.220	   260.845	0	682	0	0	python upload_optim.py --repo_name DataDecide-dolma1_7-no-math-code-90M
52	:	1753123607.337	    74.265	0	661	0	0	python upload_optim.py --repo_name DataDecide-falcon-and-cc-4M
46	:	1753123501.732	   208.409	0	677	0	0	python upload_optim.py --repo_name DataDecide-dolma1_7-no-flan-60M
56	:	1753123651.069	    81.319	0	668	0	0	python upload_optim.py --repo_name DataDecide-falcon-and-cc-qc-20p-4M
50	:	1753123585.230	   151.605	0	671	0	0	python upload_optim.py --repo_name DataDecide-falcon-and-cc-20M
55	:	1753123643.466	   147.791	0	678	0	0	python upload_optim.py --repo_name DataDecide-falcon-and-cc-qc-20p-20M
47	:	1753123521.282	   273.845	0	677	0	0	python upload_optim.py --repo_name DataDecide-dolma1_7-no-flan-90M
57	:	1753123681.608	   117.509	0	668	0	0	python upload_optim.py --repo_name DataDecide-dclm-baseline-qc-10p-4M
51	:	1753123599.476	   209.892	0	674	0	0	python upload_optim.py --repo_name DataDecide-falcon-and-cc-60M
54	:	1753123633.772	   197.567	0	681	0	0	python upload_optim.py --repo_name DataDecide-falcon-and-cc-qc-20p-60M
49	:	1753123574.886	   291.061	0	674	0	0	python upload_optim.py --repo_name DataDecide-falcon-and-cc-90M
60	:	1753123736.841	   152.180	0	678	0	0	python upload_optim.py --repo_name DataDecide-dclm-baseline-qc-10p-20M
58	:	1753123710.148	   180.506	0	681	0	0	python upload_optim.py --repo_name DataDecide-dclm-baseline-qc-10p-60M
53	:	1753123618.975	   286.354	0	681	0	0	python upload_optim.py --repo_name DataDecide-falcon-and-cc-qc-20p-90M
64	:	1753123809.375	   100.157	0	666	0	0	python upload_optim.py --repo_name DataDecide-dolma1_7-no-reddit-4M
63	:	1753123799.123	   184.542	0	676	0	0	python upload_optim.py --repo_name DataDecide-dolma1_7-no-reddit-20M
68	:	1753123890.661	   109.582	0	671	0	0	python upload_optim.py --repo_name DataDecide-dclm-baseline-qc-fw-10p-4M
59	:	1753123732.394	   286.289	0	681	0	0	python upload_optim.py --repo_name DataDecide-dclm-baseline-qc-10p-90M
67	:	1753123889.028	   131.346	0	681	0	0	python upload_optim.py --repo_name DataDecide-dclm-baseline-qc-fw-10p-20M
61	:	1753123791.265	   240.037	0	679	0	0	python upload_optim.py --repo_name DataDecide-dolma1_7-no-reddit-60M
62	:	1753123795.134	   257.039	0	679	0	0	python upload_optim.py --repo_name DataDecide-dolma1_7-no-reddit-90M
65	:	1753123831.345	   242.881	0	684	0	0	python upload_optim.py --repo_name DataDecide-dclm-baseline-qc-fw-10p-60M
72	:	1753124000.248	    76.142	0	661	0	0	python upload_optim.py --repo_name DataDecide-dclm-baseline-4M
70	:	1753123909.545	   171.596	0	674	0	0	python upload_optim.py --repo_name DataDecide-dclm-baseline-60M
71	:	1753123983.671	   117.579	0	671	0	0	python upload_optim.py --repo_name DataDecide-dclm-baseline-20M
76	:	1753124052.180	    61.187	0	660	0	0	python upload_optim.py --repo_name DataDecide-dolma1_6plus-4M
75	:	1753124031.309	   110.473	0	670	0	0	python upload_optim.py --repo_name DataDecide-dolma1_6plus-20M
66	:	1753123865.954	   275.901	0	684	0	0	python upload_optim.py --repo_name DataDecide-dclm-baseline-qc-fw-10p-90M
79	:	1753124081.148	    66.079	0	659	0	0	python upload_optim.py --repo_name DataDecide-fineweb-edu-4M
73	:	1753124018.691	   165.459	0	673	0	0	python upload_optim.py --repo_name DataDecide-dolma1_6plus-60M
69	:	1753123905.335	   288.920	0	674	0	0	python upload_optim.py --repo_name DataDecide-dclm-baseline-90M
77	:	1753124074.232	   122.882	0	669	0	0	python upload_optim.py --repo_name DataDecide-fineweb-edu-20M
83	:	1753124141.860	    84.702	0	673	0	0	python upload_optim.py --repo_name DataDecide-falcon-and-cc-qc-orig-10p-4M
80	:	1753124101.257	   170.424	0	672	0	0	python upload_optim.py --repo_name DataDecide-fineweb-edu-60M
84	:	1753124147.233	   132.483	0	683	0	0	python upload_optim.py --repo_name DataDecide-falcon-and-cc-qc-orig-10p-20M
88	:	1753124226.568	    67.802	0	664	0	0	python upload_optim.py --repo_name DataDecide-dolma1_7-no-code-4M
74	:	1753124020.381	   281.708	0	673	0	0	python upload_optim.py --repo_name DataDecide-dolma1_6plus-90M
87	:	1753124197.120	   131.205	0	674	0	0	python upload_optim.py --repo_name DataDecide-dolma1_7-no-code-20M
82	:	1753124141.789	   202.943	0	686	0	0	python upload_optim.py --repo_name DataDecide-falcon-and-cc-qc-orig-10p-60M
78	:	1753124076.396	   271.321	0	672	0	0	python upload_optim.py --repo_name DataDecide-fineweb-edu-90M
85	:	1753124184.157	   166.179	0	677	0	0	python upload_optim.py --repo_name DataDecide-dolma1_7-no-code-60M
81	:	1753124113.374	   250.369	0	686	0	0	python upload_optim.py --repo_name DataDecide-falcon-and-cc-qc-orig-10p-90M
89	:	1753124271.687	    97.195	0	660	0	0	python upload_optim.py --repo_name DataDecide-c4-20M
92	:	1753124302.097	    71.622	0	650	0	0	python upload_optim.py --repo_name DataDecide-c4-4M
86	:	1753124194.260	   212.857	0	677	0	0	python upload_optim.py --repo_name DataDecide-dolma1_7-no-code-90M
96	:	1753124350.343	    59.330	0	671	0	0	python upload_optim.py --repo_name DataDecide-dclm-baseline-qc-7p-fw2-4M
94	:	1753124344.738	   106.525	0	681	0	0	python upload_optim.py --repo_name DataDecide-dclm-baseline-qc-7p-fw2-20M
90	:	1753124279.723	   191.569	0	663	0	0	python upload_optim.py --repo_name DataDecide-c4-60M
99	:	1753124373.725	   124.558	0	669	0	0	python upload_optim.py --repo_name DataDecide-fineweb-pro-20M
95	:	1753124347.723	   174.649	0	684	0	0	python upload_optim.py --repo_name DataDecide-dclm-baseline-qc-7p-fw2-60M
93	:	1753124328.331	   220.296	0	684	0	0	python upload_optim.py --repo_name DataDecide-dclm-baseline-qc-7p-fw2-90M
91	:	1753124294.378	   256.941	0	663	0	0	python upload_optim.py --repo_name DataDecide-c4-90M
97	:	1753124363.751	   195.327	0	672	0	0	python upload_optim.py --repo_name DataDecide-fineweb-pro-60M
98	:	1753124368.889	   237.160	0	672	0	0	python upload_optim.py --repo_name DataDecide-fineweb-pro-90M
100	:	1753124407.123	   201.825	0	659	0	0	python upload_optim.py --repo_name DataDecide-fineweb-pro-4M
101	:	1753124409.679	   389.040	0	689	0	0	python upload_optim.py --repo_name DataDecide-dolma1_7-no-code-150M
102	:	1753124451.269	   400.921	0	684	0	0	python upload_optim.py --repo_name DataDecide-dclm-baseline-qc-fw-3p-150M
104	:	1753124498.289	   366.721	0	670	0	0	python upload_optim.py --repo_name DataDecide-c4-150M
105	:	1753124522.379	   359.488	0	685	0	0	python upload_optim.py --repo_name DataDecide-dclm-baseline-qc-7p-fw3-150M
103	:	1753124471.300	   415.500	0	692	0	0	python upload_optim.py --repo_name DataDecide-falcon-and-cc-qc-10p-150M
106	:	1753124548.634	   339.055	0	674	0	0	python upload_optim.py --repo_name DataDecide-fineweb-edu-150M
108	:	1753124559.084	   360.770	0	686	0	0	python upload_optim.py --repo_name DataDecide-dolma1_6plus-150M
107	:	1753124551.327	   369.216	0	681	0	0	python upload_optim.py --repo_name DataDecide-dolma1_7-150M
109	:	1753124606.055	   335.896	0	685	0	0	python upload_optim.py --repo_name DataDecide-dclm-baseline-qc-7p-fw2-150M
110	:	1753124608.955	   336.203	0	687	0	0	python upload_optim.py --repo_name DataDecide-falcon-and-cc-qc-tulu-10p-150M
111	:	1753124798.725	   392.442	0	681	0	0	python upload_optim.py --repo_name DataDecide-dclm-baseline-150M
116	:	1753124887.696	   320.802	0	674	0	0	python upload_optim.py --repo_name DataDecide-falcon-150M
113	:	1753124865.018	   350.825	0	678	0	0	python upload_optim.py --repo_name DataDecide-fineweb-pro-150M
112	:	1753124852.195	   369.009	0	688	0	0	python upload_optim.py --repo_name DataDecide-falcon-and-cc-qc-20p-150M
115	:	1753124886.806	   334.543	0	697	0	0	python upload_optim.py --repo_name DataDecide-dclm-baseline-50p-dolma1.7-50p-150M
114	:	1753124881.872	   349.944	0	704	0	0	python upload_optim.py --repo_name DataDecide-dclm-baseline-25p-dolma1.7-75p-150M
117	:	1753124919.861	   359.054	0	681	0	0	python upload_optim.py --repo_name DataDecide-falcon-and-cc-150M
120	:	1753124945.166	   357.373	0	680	0	0	python upload_optim.py --repo_name DataDecide-dolma1_7-no-flan-150M
118	:	1753124920.549	   388.172	0	686	0	0	python upload_optim.py --repo_name DataDecide-dolma1_7-no-math-code-150M
119	:	1753124941.958	   371.350	0	683	0	0	python upload_optim.py --repo_name DataDecide-dolma1_7-no-reddit-150M
121	:	1753125191.173	   292.515	0	697	0	0	python upload_optim.py --repo_name DataDecide-falcon-and-cc-qc-orig-10p-150M
123	:	1753125215.854	   325.950	0	687	0	0	python upload_optim.py --repo_name DataDecide-dclm-baseline-qc-fw-10p-150M
122	:	1753125208.505	   343.358	0	698	0	0	python upload_optim.py --repo_name DataDecide-dclm-baseline-75p-dolma1.7-25p-150M
126	:	1753125231.823	  2423.252	0	1095	0	0	python upload_optim.py --repo_name DataDecide-falcon-and-cc-qc-10p-1B
124	:	1753125221.211	  2892.845	0	1083	0	0	python upload_optim.py --repo_name DataDecide-dolma1_7-1B
127	:	1753125278.922	  2857.864	0	1081	0	0	python upload_optim.py --repo_name DataDecide-falcon-1B
131	:	1753125483.696	  2670.261	0	1088	0	0	python upload_optim.py --repo_name DataDecide-falcon-and-cc-1B
130	:	1753125313.315	  2848.421	0	1088	0	0	python upload_optim.py --repo_name DataDecide-dclm-baseline-1B
129	:	1753125308.729	  2880.503	0	1098	0	0	python upload_optim.py --repo_name DataDecide-dclm-baseline-qc-7p-fw2-1B
125	:	1753125221.356	  3000.042	0	1105	0	0	python upload_optim.py --repo_name DataDecide-dclm-baseline-25p-dolma1.7-75p-1B
128	:	1753125302.545	  3040.031	0	1098	0	0	python upload_optim.py --repo_name DataDecide-dclm-baseline-qc-7p-fw3-1B
132	:	1753125541.811	  3164.985	0	1105	0	0	python upload_optim.py --repo_name DataDecide-dclm-baseline-50p-dolma1.7-50p-1B
133	:	1753125551.870	  3168.223	0	1100	0	0	python upload_optim.py --repo_name DataDecide-falcon-and-cc-qc-orig-10p-1B
134	:	1753127655.086	  3650.887	0	1095	0	0	python upload_optim.py --repo_name DataDecide-falcon-and-cc-qc-20p-1B
136	:	1753128136.792	  3619.401	0	1096	0	0	python upload_optim.py --repo_name DataDecide-dolma1_7-no-math-code-1B
140	:	1753128221.413	  3706.939	0	1105	0	0	python upload_optim.py --repo_name DataDecide-dclm-baseline-75p-dolma1.7-25p-1B
135	:	1753128114.064	  3814.406	0	1086	0	0	python upload_optim.py --repo_name DataDecide-fineweb-edu-1B
139	:	1753128189.239	  3866.279	0	1312	0	0	python upload_optim.py --repo_name DataDecide-dolma1_6plus-1B
138	:	1753128161.743	  3905.132	0	2000	0	0	python upload_optim.py --repo_name DataDecide-falcon-and-cc-qc-tulu-10p-1B
137	:	1753128153.964	  3986.620	0	2082	0	0	python upload_optim.py --repo_name DataDecide-fineweb-pro-1B
145	:	1753131756.200	   457.967	0	3401	0	6	python upload_optim.py --repo_name DataDecide-dclm-baseline-50p-dolma1.7-50p-750M
141	:	1753128342.584	  3991.234	0	3762	0	0	python upload_optim.py --repo_name DataDecide-dolma1_7-no-code-1B
147	:	1753131928.476	   461.700	0	3382	0	6	python upload_optim.py --repo_name DataDecide-fineweb-edu-750M
146	:	1753131928.359	   467.171	0	3401	0	6	python upload_optim.py --repo_name DataDecide-dclm-baseline-25p-dolma1.7-75p-750M
142	:	1753128706.804	  3793.959	0	4211	0	0	python upload_optim.py --repo_name DataDecide-dolma1_7-no-flan-1B
148	:	1753132055.527	   467.327	0	3387	0	6	python upload_optim.py --repo_name DataDecide-dolma1_7-no-flan-750M
144	:	1753131305.982	  1266.939	0	5645	0	6	python upload_optim.py --repo_name DataDecide-c4-1B
150	:	1753132140.592	   448.940	0	3382	0	6	python upload_optim.py --repo_name DataDecide-fineweb-pro-750M
143	:	1753128720.099	  3899.088	0	4214	0	0	python upload_optim.py --repo_name DataDecide-dolma1_7-no-reddit-1B
152	:	1753132333.825	   463.895	0	3394	0	6	python upload_optim.py --repo_name DataDecide-dclm-baseline-qc-7p-fw2-750M
155	:	1753132500.769	   508.328	0	3391	0	6	python upload_optim.py --repo_name DataDecide-falcon-and-cc-qc-20p-750M
156	:	1753132522.860	   491.457	0	3396	0	6	python upload_optim.py --repo_name DataDecide-falcon-and-cc-qc-orig-10p-750M
157	:	1753132572.928	   514.065	0	3394	0	6	python upload_optim.py --repo_name DataDecide-dclm-baseline-qc-7p-fw3-750M
158	:	1753132589.536	   514.706	0	3396	0	6	python upload_optim.py --repo_name DataDecide-falcon-and-cc-qc-tulu-10p-750M
159	:	1753132619.194	   500.250	0	3387	0	6	python upload_optim.py --repo_name DataDecide-dolma1_7-no-code-750M
160	:	1753132797.731	   523.430	0	3377	0	6	python upload_optim.py --repo_name DataDecide-falcon-750M
149	:	1753132066.883	  1337.766	0	4302	0	0	python upload_optim.py --repo_name DataDecide-falcon-and-cc-qc-10p-750M
151	:	1753132214.175	  1278.046	0	5244	0	0	python upload_optim.py --repo_name DataDecide-dclm-baseline-750M
162	:	1753133014.323	   516.641	0	3373	0	6	python upload_optim.py --repo_name DataDecide-c4-750M
161	:	1753133009.105	   522.026	0	3392	0	6	python upload_optim.py --repo_name DataDecide-dolma1_7-no-math-code-750M
165	:	1753133119.451	   508.418	0	3401	0	6	python upload_optim.py --repo_name DataDecide-dclm-baseline-75p-dolma1.7-25p-750M
164	:	1753133104.249	   530.573	0	3389	0	6	python upload_optim.py --repo_name DataDecide-dolma1_7-no-reddit-750M
168	:	1753133492.228	   275.100	0	3395	0	6	python upload_optim.py --repo_name DataDecide-dclm-baseline-qc-20p-300M
166	:	1753133321.168	   494.039	0	3384	0	6	python upload_optim.py --repo_name DataDecide-falcon-and-cc-750M
154	:	1753132395.535	  1432.671	0	3628	0	0	python upload_optim.py --repo_name DataDecide-dclm-baseline-qc-fw-3p-750M
153	:	1753132390.182	  1438.975	0	2794	0	0	python upload_optim.py --repo_name DataDecide-dolma1_7-750M
169	:	1753133530.970	   426.803	0	3395	0	6	python upload_optim.py --repo_name DataDecide-dclm-baseline-qc-20p-530M
174	:	1753133815.214	   200.980	0	3391	0	6	python upload_optim.py --repo_name DataDecide-dclm-baseline-qc-10p-150M
171	:	1753133627.876	   429.351	0	683	0	0	python upload_optim.py --repo_name DataDecide-dclm-baseline-qc-20p-150M
177	:	1753133957.780	   297.052	0	3395	0	6	python upload_optim.py --repo_name DataDecide-dclm-baseline-qc-10p-300M
176	:	1753133829.163	   450.419	0	3395	0	6	python upload_optim.py --repo_name DataDecide-dclm-baseline-qc-10p-530M
175	:	1753133828.212	   524.359	0	3391	0	6	python upload_optim.py --repo_name DataDecide-dclm-baseline-qc-10p-750M
163	:	1753133087.008	  1297.882	0	2397	0	0	python upload_optim.py --repo_name DataDecide-dolma1_6plus-750M
167	:	1753133404.654	  1285.546	0	1410	0	0	python upload_optim.py --repo_name DataDecide-dclm-baseline-qc-fw-10p-750M
180	:	1753134254.839	   436.630	0	3386	0	6	python upload_optim.py --repo_name DataDecide-fineweb-pro-530M
181	:	1753134279.591	   434.863	0	3386	0	6	python upload_optim.py --repo_name DataDecide-fineweb-edu-530M
170	:	1753133531.138	  1242.404	0	5271	0	6	python upload_optim.py --repo_name DataDecide-dclm-baseline-qc-20p-1B
183	:	1753134384.897	   452.814	0	3395	0	6	python upload_optim.py --repo_name DataDecide-falcon-and-cc-qc-10p-530M
172	:	1753133634.829	  1491.983	0	3106	0	0	python upload_optim.py --repo_name DataDecide-dclm-baseline-qc-20p-750M
186	:	1753134714.462	   445.351	0	3383	0	6	python upload_optim.py --repo_name DataDecide-dolma1_7-530M
173	:	1753133767.334	  1428.570	0	5665	0	6	python upload_optim.py --repo_name DataDecide-dclm-baseline-qc-fw-3p-1B
188	:	1753134837.718	   439.447	0	3405	0	6	python upload_optim.py --repo_name DataDecide-dclm-baseline-75p-dolma1.7-25p-530M
178	:	1753134016.200	  1292.207	0	5271	0	6	python upload_optim.py --repo_name DataDecide-dclm-baseline-qc-10p-1B
182	:	1753134352.577	  1087.848	0	4533	0	0	python upload_optim.py --repo_name DataDecide-falcon-and-cc-qc-tulu-10p-530M
190	:	1753135159.818	   374.269	0	3391	0	6	python upload_optim.py --repo_name DataDecide-dolma1_7-no-flan-530M
193	:	1753135308.414	   331.588	0	3388	0	6	python upload_optim.py --repo_name DataDecide-dclm-baseline-530M
184	:	1753134690.205	  1031.754	0	2859	0	0	python upload_optim.py --repo_name DataDecide-dclm-baseline-qc-7p-fw3-530M
185	:	1753134691.475	  1044.147	0	3080	0	0	python upload_optim.py --repo_name DataDecide-dolma1_7-no-reddit-530M
187	:	1753134773.548	  1000.996	0	2848	0	0	python upload_optim.py --repo_name DataDecide-dolma1_6plus-530M
195	:	1753135534.094	   353.755	0	3405	0	6	python upload_optim.py --repo_name DataDecide-dclm-baseline-25p-dolma1.7-75p-530M
196	:	1753135640.008	   375.726	0	3381	0	6	python upload_optim.py --repo_name DataDecide-falcon-530M
197	:	1753135721.965	   378.921	0	3400	0	6	python upload_optim.py --repo_name DataDecide-falcon-and-cc-qc-orig-10p-530M
198	:	1753135735.628	   382.431	0	3391	0	6	python upload_optim.py --repo_name DataDecide-dolma1_7-no-code-530M
199	:	1753135774.549	   346.299	0	3397	0	6	python upload_optim.py --repo_name DataDecide-dclm-baseline-qc-fw-3p-530M
189	:	1753135126.819	   997.533	0	2818	0	0	python upload_optim.py --repo_name DataDecide-dclm-baseline-50p-dolma1.7-50p-530M
191	:	1753135195.911	  1010.681	0	4754	0	0	python upload_optim.py --repo_name DataDecide-falcon-and-cc-qc-20p-530M
192	:	1753135277.172	  1015.110	0	1353	0	0	python upload_optim.py --repo_name DataDecide-falcon-and-cc-530M
202	:	1753136100.892	   263.411	0	3398	0	6	python upload_optim.py --repo_name DataDecide-dclm-baseline-qc-7p-fw2-300M
194	:	1753135440.431	   935.322	0	1391	0	0	python upload_optim.py --repo_name DataDecide-c4-530M
204	:	1753136120.854	   255.676	0	3399	0	6	python upload_optim.py --repo_name DataDecide-dolma1_7-no-math-code-300M
205	:	1753136124.360	   254.267	0	3408	0	6	python upload_optim.py --repo_name DataDecide-dclm-baseline-50p-dolma1.7-50p-300M
203	:	1753136118.067	   271.250	0	3391	0	6	python upload_optim.py --repo_name DataDecide-dolma1_7-no-flan-300M
206	:	1753136206.599	   249.796	0	3406	0	6	python upload_optim.py --repo_name DataDecide-falcon-and-cc-qc-orig-10p-300M
212	:	1753136389.324	   233.485	0	3401	0	6	python upload_optim.py --repo_name DataDecide-falcon-and-cc-qc-20p-300M
213	:	1753136456.402	   216.439	0	3396	0	6	python upload_optim.py --repo_name DataDecide-dolma1_7-no-reddit-300M
200	:	1753135887.857	   880.801	0	688	0	0	python upload_optim.py --repo_name DataDecide-dclm-baseline-qc-7p-fw2-530M
214	:	1753136622.815	   227.244	0	3408	0	6	python upload_optim.py --repo_name DataDecide-dclm-baseline-75p-dolma1.7-25p-300M
215	:	1753136672.847	   251.744	0	3388	0	6	python upload_optim.py --repo_name DataDecide-fineweb-pro-300M
207	:	1753136292.288	   632.342	0	676	0	0	python upload_optim.py --repo_name DataDecide-fineweb-edu-300M
201	:	1753136015.741	   926.394	0	686	0	0	python upload_optim.py --repo_name DataDecide-dolma1_7-no-math-code-530M
210	:	1753136376.538	   598.618	0	682	0	0	python upload_optim.py --repo_name DataDecide-dclm-baseline-300M
216	:	1753136768.665	   241.248	0	3390	0	6	python upload_optim.py --repo_name DataDecide-dolma1_6plus-300M
209	:	1753136375.760	   637.719	0	678	0	0	python upload_optim.py --repo_name DataDecide-falcon-and-cc-300M
208	:	1753136364.309	   651.595	0	692	0	0	python upload_optim.py --repo_name DataDecide-falcon-and-cc-qc-tulu-10p-300M
211	:	1753136378.634	   651.353	0	1139	0	0	python upload_optim.py --repo_name DataDecide-falcon-and-cc-qc-10p-300M
217	:	1753136850.066	   238.049	0	3408	0	6	python upload_optim.py --repo_name DataDecide-dclm-baseline-25p-dolma1.7-75p-300M
218	:	1753136924.599	   244.615	0	3394	0	6	python upload_optim.py --repo_name DataDecide-dolma1_7-no-code-300M
219	:	1753136924.636	   245.218	0	3386	0	6	python upload_optim.py --repo_name DataDecide-dolma1_7-300M
220	:	1753136942.140	   238.680	0	3377	0	6	python upload_optim.py --repo_name DataDecide-c4-300M
227	:	1753137169.220	    64.615	0	3378	0	6	python upload_optim.py --repo_name DataDecide-dolma1_7-no-flan-10M
226	:	1753137088.123	   147.463	0	664	0	0	python upload_optim.py --repo_name DataDecide-falcon-10M
228	:	1753137169.869	    66.368	0	3374	0	6	python upload_optim.py --repo_name DataDecide-dolma1_6plus-10M
229	:	1753137180.827	    61.661	0	3373	0	6	python upload_optim.py --repo_name DataDecide-fineweb-edu-10M
230	:	1753137233.841	    58.671	0	3392	0	6	python upload_optim.py --repo_name DataDecide-dclm-baseline-75p-dolma1.7-25p-10M
231	:	1753137235.592	    62.569	0	3392	0	6	python upload_optim.py --repo_name DataDecide-dclm-baseline-50p-dolma1.7-50p-10M
232	:	1753137236.242	    66.844	0	3383	0	6	python upload_optim.py --repo_name DataDecide-dolma1_7-no-math-code-10M
233	:	1753137242.494	    61.536	0	3373	0	6	python upload_optim.py --repo_name DataDecide-fineweb-pro-10M
235	:	1753137298.169	    64.248	0	3382	0	6	python upload_optim.py --repo_name DataDecide-dclm-baseline-qc-10p-10M
236	:	1753137303.092	    69.306	0	3385	0	6	python upload_optim.py --repo_name DataDecide-dclm-baseline-qc-7p-fw2-10M
237	:	1753137304.034	    72.242	0	3378	0	0	python upload_optim.py --repo_name DataDecide-dolma1_7-no-code-10M
234	:	1753137292.519	   131.197	0	676	0	0	python upload_optim.py --repo_name DataDecide-dolma1_7-no-reddit-10M
238	:	1753137362.422	    67.499	0	3385	0	6	python upload_optim.py --repo_name DataDecide-dclm-baseline-qc-7p-fw3-10M
239	:	1753137372.405	    62.081	0	3364	0	6	python upload_optim.py --repo_name DataDecide-c4-10M
240	:	1753137376.282	    60.532	0	3387	0	6	python upload_optim.py --repo_name DataDecide-falcon-and-cc-qc-orig-10p-10M
242	:	1753137429.927	    63.703	0	3375	0	6	python upload_optim.py --repo_name DataDecide-falcon-and-cc-10M
243	:	1753137434.492	    59.677	0	3384	0	0	python upload_optim.py --repo_name DataDecide-dclm-baseline-qc-fw-3p-10M
241	:	1753137423.722	    71.205	0	3382	0	6	python upload_optim.py --repo_name DataDecide-falcon-and-cc-qc-10p-10M
244	:	1753137436.819	    64.591	0	3392	0	6	python upload_optim.py --repo_name DataDecide-dclm-baseline-25p-dolma1.7-75p-10M
221	:	1753136975.164	   553.358	0	1411	0	0	python upload_optim.py --repo_name DataDecide-dclm-baseline-qc-fw-3p-300M
245	:	1753137493.636	    58.818	0	3370	0	6	python upload_optim.py --repo_name DataDecide-dolma1_7-10M
246	:	1753137494.175	    59.411	0	3382	0	6	python upload_optim.py --repo_name DataDecide-falcon-and-cc-qc-20p-10M
247	:	1753137494.933	    59.519	0	3387	0	6	python upload_optim.py --repo_name DataDecide-falcon-and-cc-qc-tulu-10p-10M
248	:	1753137501.415	    58.378	0	3385	0	6	python upload_optim.py --repo_name DataDecide-dclm-baseline-qc-fw-10p-10M
179	:	1753134057.234	  3505.911	0	6067	0	0	python upload_optim.py --repo_name DataDecide-dclm-baseline-qc-fw-10p-1B
223	:	1753137013.486	   557.764	0	2136	0	0	python upload_optim.py --repo_name DataDecide-dclm-baseline-qc-7p-fw3-300M
249	:	1753137528.529	    58.809	0	3382	0	6	python upload_optim.py --repo_name DataDecide-dclm-baseline-qc-20p-10M
222	:	1753137009.919	   592.277	0	2297	0	0	python upload_optim.py --repo_name DataDecide-falcon-300M
225	:	1753137029.995	   573.429	0	688	0	0	python upload_optim.py --repo_name DataDecide-dclm-baseline-qc-fw-10p-300M
251	:	1753137553.592	    54.114	0	3373	0	6	python upload_optim.py --repo_name DataDecide-dolma1_6plus-8M
252	:	1753137554.459	    57.343	0	3377	0	6	python upload_optim.py --repo_name DataDecide-dolma1_7-no-code-8M
250	:	1753137552.460	    62.539	0	3375	0	6	python upload_optim.py --repo_name DataDecide-dclm-baseline-10M
253	:	1753137559.798	    60.296	0	3369	0	6	python upload_optim.py --repo_name DataDecide-dolma1_7-8M
254	:	1753137563.150	    60.020	0	3391	0	6	python upload_optim.py --repo_name DataDecide-dclm-baseline-75p-dolma1.7-25p-8M
256	:	1753137587.343	    61.616	0	3372	0	6	python upload_optim.py --repo_name DataDecide-fineweb-edu-8M
257	:	1753137602.201	    59.966	0	3379	0	6	python upload_optim.py --repo_name DataDecide-dolma1_7-no-reddit-8M
258	:	1753137603.431	    62.733	0	3383	0	6	python upload_optim.py --repo_name DataDecide-dclm-baseline-qc-fw-3p-8M
260	:	1753137611.809	    58.308	0	3374	0	6	python upload_optim.py --repo_name DataDecide-falcon-and-cc-8M
259	:	1753137607.711	    62.671	0	3381	0	6	python upload_optim.py --repo_name DataDecide-falcon-and-cc-qc-10p-8M
255	:	1753137571.256	   130.953	0	677	0	0	python upload_optim.py --repo_name DataDecide-dclm-baseline-qc-10p-8M
261	:	1753137615.005	   107.937	0	682	0	0	python upload_optim.py --repo_name DataDecide-falcon-and-cc-qc-orig-10p-8M
262	:	1753137620.100	   107.739	0	680	0	0	python upload_optim.py --repo_name DataDecide-dclm-baseline-qc-fw-10p-8M
263	:	1753137623.177	   107.947	0	663	0	0	python upload_optim.py --repo_name DataDecide-falcon-8M
269	:	1753137702.215	    56.665	0	3384	0	6	python upload_optim.py --repo_name DataDecide-dclm-baseline-qc-7p-fw2-8M
264	:	1753137648.965	   115.005	0	677	0	0	python upload_optim.py --repo_name DataDecide-falcon-and-cc-qc-20p-8M
265	:	1753137662.173	   110.212	0	678	0	0	python upload_optim.py --repo_name DataDecide-dolma1_7-no-math-code-8M
266	:	1753137666.170	   106.635	0	670	0	0	python upload_optim.py --repo_name DataDecide-dclm-baseline-8M
268	:	1753137670.389	   105.276	0	682	0	0	python upload_optim.py --repo_name DataDecide-falcon-and-cc-qc-tulu-10p-8M
267	:	1753137670.123	   107.315	0	668	0	0	python upload_optim.py --repo_name DataDecide-fineweb-pro-8M
224	:	1753137015.911	   782.079	0	1412	0	0	python upload_optim.py --repo_name DataDecide-dclm-baseline-qc-fw-10p-530M
270	:	1753137722.949	   107.277	0	659	0	0	python upload_optim.py --repo_name DataDecide-c4-8M
271	:	1753137727.845	   111.655	0	673	0	0	python upload_optim.py --repo_name DataDecide-dolma1_7-no-flan-8M
272	:	1753137731.130	   130.314	0	677	0	0	python upload_optim.py --repo_name DataDecide-dclm-baseline-qc-20p-8M
280	:	1753137830.232	    61.796	0	3398	0	6	python upload_optim.py --repo_name DataDecide-dclm-baseline-50p-dolma1.7-50p-14M
277	:	1753137775.673	   119.906	0	691	0	0	python upload_optim.py --repo_name DataDecide-dclm-baseline-75p-dolma1.7-25p-14M
273	:	1753137758.886	   144.221	0	687	0	0	python upload_optim.py --repo_name DataDecide-dclm-baseline-25p-dolma1.7-75p-8M
281	:	1753137839.506	    64.832	0	3388	0	6	python upload_optim.py --repo_name DataDecide-falcon-and-cc-qc-10p-14M
274	:	1753137763.977	   171.380	0	680	0	0	python upload_optim.py --repo_name DataDecide-dclm-baseline-qc-7p-fw3-8M
275	:	1753137772.392	   181.730	0	687	0	0	python upload_optim.py --repo_name DataDecide-dclm-baseline-50p-dolma1.7-50p-8M
276	:	1753137772.812	   197.149	0	691	0	0	python upload_optim.py --repo_name DataDecide-dclm-baseline-25p-dolma1.7-75p-14M
278	:	1753137777.444	   207.299	0	677	0	0	python upload_optim.py --repo_name DataDecide-dolma1_7-no-flan-14M
279	:	1753137797.997	   237.059	0	663	0	0	python upload_optim.py --repo_name DataDecide-c4-14M
282	:	1753137861.451	   248.506	0	1172	0	0	python upload_optim.py --repo_name DataDecide-dolma1_6plus-14M
286	:	1753137904.345	   222.470	0	677	0	0	python upload_optim.py --repo_name DataDecide-dolma1_7-no-code-14M
285	:	1753137903.113	   223.788	0	681	0	0	python upload_optim.py --repo_name DataDecide-falcon-and-cc-qc-20p-14M
284	:	1753137895.586	   231.331	0	894	0	0	python upload_optim.py --repo_name DataDecide-dolma1_7-14M
283	:	1753137892.035	   255.247	0	681	0	0	python upload_optim.py --repo_name DataDecide-dclm-baseline-qc-10p-14M
287	:	1753137935.363	   243.055	0	679	0	0	python upload_optim.py --repo_name DataDecide-dolma1_7-no-reddit-14M
289	:	1753137969.969	   277.945	0	909	0	0	python upload_optim.py --repo_name DataDecide-dclm-baseline-qc-7p-fw2-14M
290	:	1753137984.750	   263.493	0	892	0	0	python upload_optim.py --repo_name DataDecide-falcon-14M
288	:	1753137954.129	   294.261	0	1124	0	0	python upload_optim.py --repo_name DataDecide-dclm-baseline-14M
291	:	1753138035.063	   274.621	0	1672	0	0	python upload_optim.py --repo_name DataDecide-falcon-and-cc-14M
292	:	1753138109.963	   211.092	0	1158	0	0	python upload_optim.py --repo_name DataDecide-dolma1_7-no-math-code-14M
294	:	1753138126.906	   216.933	0	1180	0	0	python upload_optim.py --repo_name DataDecide-dclm-baseline-qc-20p-14M
293	:	1753138126.821	   222.605	0	1171	0	0	python upload_optim.py --repo_name DataDecide-fineweb-pro-14M
297	:	1753138178.425	   196.523	0	686	0	0	python upload_optim.py --repo_name DataDecide-falcon-and-cc-qc-orig-10p-14M
296	:	1753138147.289	   231.490	0	683	0	0	python upload_optim.py --repo_name DataDecide-dclm-baseline-qc-fw-3p-14M
295	:	1753138126.922	   254.249	0	684	0	0	python upload_optim.py --repo_name DataDecide-dclm-baseline-qc-fw-10p-14M
301	:	1753138309.690	    72.441	0	3374	0	6	python upload_optim.py --repo_name DataDecide-falcon-16M
299	:	1753138248.251	   156.003	0	1182	0	0	python upload_optim.py --repo_name DataDecide-dclm-baseline-qc-7p-fw3-14M
298	:	1753138247.921	   161.756	0	672	0	0	python upload_optim.py --repo_name DataDecide-fineweb-edu-14M
300	:	1753138248.396	   169.935	0	1185	0	0	python upload_optim.py --repo_name DataDecide-falcon-and-cc-qc-tulu-10p-14M
302	:	1753138321.061	   121.761	0	674	0	0	python upload_optim.py --repo_name DataDecide-dclm-baseline-16M
303	:	1753138343.845	   125.401	0	669	0	0	python upload_optim.py --repo_name DataDecide-dolma1_7-16M
304	:	1753138349.432	   130.078	0	677	0	0	python upload_optim.py --repo_name DataDecide-dolma1_7-no-flan-16M
306	:	1753138378.786	   125.786	0	663	0	0	python upload_optim.py --repo_name DataDecide-c4-16M
307	:	1753138381.177	   124.504	0	691	0	0	python upload_optim.py --repo_name DataDecide-dclm-baseline-25p-dolma1.7-75p-16M
308	:	1753138382.138	   124.892	0	682	0	0	python upload_optim.py --repo_name DataDecide-dolma1_7-no-math-code-16M
305	:	1753138374.954	   144.161	0	691	0	0	python upload_optim.py --repo_name DataDecide-dclm-baseline-75p-dolma1.7-25p-16M
310	:	1753138409.684	   119.114	0	686	0	0	python upload_optim.py --repo_name DataDecide-falcon-and-cc-qc-tulu-10p-16M
311	:	1753138418.337	   124.246	0	681	0	0	python upload_optim.py --repo_name DataDecide-dclm-baseline-qc-20p-16M
309	:	1753138404.261	   146.861	0	681	0	0	python upload_optim.py --repo_name DataDecide-dclm-baseline-qc-10p-16M
312	:	1753138442.829	   126.397	0	684	0	0	python upload_optim.py --repo_name DataDecide-dclm-baseline-qc-7p-fw3-16M
313	:	1753138469.253	   124.559	0	672	0	0	python upload_optim.py --repo_name DataDecide-fineweb-edu-16M
314	:	1753138479.518	   128.434	0	684	0	0	python upload_optim.py --repo_name DataDecide-dclm-baseline-qc-fw-10p-16M
321	:	1753138551.129	    68.177	0	3391	0	6	python upload_optim.py --repo_name DataDecide-dclm-baseline-qc-7p-fw2-16M
315	:	1753138504.579	   128.864	0	681	0	0	python upload_optim.py --repo_name DataDecide-falcon-and-cc-qc-10p-16M
322	:	1753138569.232	    67.090	0	3398	0	6	python upload_optim.py --repo_name DataDecide-dclm-baseline-50p-dolma1.7-50p-16M
317	:	1753138507.037	   134.832	0	686	0	0	python upload_optim.py --repo_name DataDecide-falcon-and-cc-qc-orig-10p-16M
316	:	1753138505.688	   138.344	0	679	0	0	python upload_optim.py --repo_name DataDecide-dolma1_7-no-reddit-16M
318	:	1753138519.122	   129.589	0	681	0	0	python upload_optim.py --repo_name DataDecide-falcon-and-cc-qc-20p-16M
320	:	1753138542.589	   116.901	0	674	0	0	python upload_optim.py --repo_name DataDecide-falcon-and-cc-16M
319	:	1753138528.804	   143.930	0	677	0	0	python upload_optim.py --repo_name DataDecide-dolma1_7-no-code-16M
323	:	1753138593.820	   130.131	0	672	0	0	python upload_optim.py --repo_name DataDecide-fineweb-pro-16M
324	:	1753138607.959	   121.551	0	683	0	0	python upload_optim.py --repo_name DataDecide-dclm-baseline-qc-fw-3p-16M
326	:	1753138633.449	   104.688	0	654	0	0	python upload_optim.py --repo_name DataDecide-falcon-6M
327	:	1753138636.329	   102.470	0	671	0	0	python upload_optim.py --repo_name DataDecide-dclm-baseline-qc-7p-fw3-6M
328	:	1753138641.875	   101.838	0	678	0	0	python upload_optim.py --repo_name DataDecide-dclm-baseline-25p-dolma1.7-75p-6M
325	:	1753138619.312	   131.411	0	673	0	0	python upload_optim.py --repo_name DataDecide-dolma1_6plus-16M
329	:	1753138644.037	   111.116	0	671	0	0	python upload_optim.py --repo_name DataDecide-dclm-baseline-qc-7p-fw2-6M
330	:	1753138648.718	   109.410	0	661	0	0	python upload_optim.py --repo_name DataDecide-falcon-and-cc-6M
331	:	1753138659.496	   117.327	0	668	0	0	python upload_optim.py --repo_name DataDecide-falcon-and-cc-qc-20p-6M
332	:	1753138672.741	   112.088	0	678	0	0	python upload_optim.py --repo_name DataDecide-dclm-baseline-75p-dolma1.7-25p-6M
333	:	1753138723.958	   100.768	0	671	0	0	python upload_optim.py --repo_name DataDecide-dclm-baseline-qc-fw-10p-6M
334	:	1753138729.519	   100.240	0	670	0	0	python upload_optim.py --repo_name DataDecide-dclm-baseline-qc-fw-3p-6M
336	:	1753138738.805	   100.356	0	668	0	0	python upload_optim.py --repo_name DataDecide-falcon-and-cc-qc-10p-6M
337	:	1753138743.719	    99.248	0	673	0	0	python upload_optim.py --repo_name DataDecide-falcon-and-cc-qc-orig-10p-6M
338	:	1753138750.729	   100.784	0	659	0	0	python upload_optim.py --repo_name DataDecide-fineweb-pro-6M
335	:	1753138738.143	   113.882	0	664	0	0	python upload_optim.py --repo_name DataDecide-dolma1_7-no-code-6M
339	:	1753138755.159	    98.546	0	668	0	0	python upload_optim.py --repo_name DataDecide-dclm-baseline-qc-10p-6M
340	:	1753138758.133	   108.559	0	656	0	0	python upload_optim.py --repo_name DataDecide-dolma1_7-6M
341	:	1753138776.830	   103.448	0	669	0	0	python upload_optim.py --repo_name DataDecide-dolma1_7-no-math-code-6M
342	:	1753138784.837	   109.631	0	664	0	0	python upload_optim.py --repo_name DataDecide-dolma1_7-no-flan-6M
343	:	1753138824.732	   103.041	0	668	0	0	python upload_optim.py --repo_name DataDecide-dclm-baseline-qc-20p-6M
344	:	1753138829.766	   105.611	0	673	0	0	python upload_optim.py --repo_name DataDecide-falcon-and-cc-qc-tulu-10p-6M
346	:	1753138842.974	    96.714	0	678	0	0	python upload_optim.py --repo_name DataDecide-dclm-baseline-50p-dolma1.7-50p-6M
345	:	1753138839.168	   106.338	0	661	0	0	python upload_optim.py --repo_name DataDecide-dclm-baseline-6M
347	:	1753138851.520	   109.098	0	659	0	0	python upload_optim.py --repo_name DataDecide-fineweb-edu-6M
349	:	1753138853.712	   109.382	0	650	0	0	python upload_optim.py --repo_name DataDecide-c4-6M
348	:	1753138852.031	   111.936	0	660	0	0	python upload_optim.py --repo_name DataDecide-dolma1_6plus-6M
350	:	1753138866.698	   101.250	0	666	0	0	python upload_optim.py --repo_name DataDecide-dolma1_7-no-reddit-6M
152	:	1753201752.775	  1069.320	0	686	0	0	python upload_optim.py --repo_name DataDecide-dclm-baseline-qc-7p-fw2-750M
148	:	1753201752.769	  1079.184	0	679	0	0	python upload_optim.py --repo_name DataDecide-dolma1_7-no-flan-750M
145	:	1753201752.760	  1166.163	0	693	0	0	python upload_optim.py --repo_name DataDecide-dclm-baseline-50p-dolma1.7-50p-750M
147	:	1753201752.766	  1168.911	0	674	0	0	python upload_optim.py --repo_name DataDecide-fineweb-edu-750M
156	:	1753201752.781	  1169.586	0	688	0	0	python upload_optim.py --repo_name DataDecide-falcon-and-cc-qc-orig-10p-750M
146	:	1753201752.763	  1176.463	0	693	0	0	python upload_optim.py --repo_name DataDecide-dclm-baseline-25p-dolma1.7-75p-750M
155	:	1753201752.778	  1183.553	0	683	0	0	python upload_optim.py --repo_name DataDecide-falcon-and-cc-qc-20p-750M
157	:	1753201752.784	  1183.858	0	686	0	0	python upload_optim.py --repo_name DataDecide-dclm-baseline-qc-7p-fw3-750M
150	:	1753201752.772	  1186.586	0	674	0	0	python upload_optim.py --repo_name DataDecide-fineweb-pro-750M
160	:	1753202918.933	   129.663	0	3377	0	6	python upload_optim.py --repo_name DataDecide-falcon-750M
158	:	1753202822.103	   339.182	0	3396	0	6	python upload_optim.py --repo_name DataDecide-falcon-and-cc-qc-tulu-10p-750M
159	:	1753202831.959	   355.750	0	3387	0	6	python upload_optim.py --repo_name DataDecide-dolma1_7-no-code-750M
162	:	1753202922.374	   348.958	0	3373	0	6	python upload_optim.py --repo_name DataDecide-c4-750M
164	:	1753202929.234	   355.618	0	3389	0	6	python upload_optim.py --repo_name DataDecide-dolma1_7-no-reddit-750M
161	:	1753202921.684	   369.931	0	3392	0	6	python upload_optim.py --repo_name DataDecide-dolma1_7-no-math-code-750M
169	:	1753203048.603	   284.834	0	3395	0	6	python upload_optim.py --repo_name DataDecide-dclm-baseline-qc-20p-530M
168	:	1753202939.367	   625.717	0	685	0	0	python upload_optim.py --repo_name DataDecide-dclm-baseline-qc-20p-300M
177	:	1753203333.443	   233.210	0	3395	0	6	python upload_optim.py --repo_name DataDecide-dclm-baseline-qc-10p-300M
176	:	1753203291.622	   288.841	0	3395	0	6	python upload_optim.py --repo_name DataDecide-dclm-baseline-qc-10p-530M
175	:	1753203284.858	   357.960	0	3391	0	6	python upload_optim.py --repo_name DataDecide-dclm-baseline-qc-10p-750M
174	:	1753203271.349	   386.196	0	683	0	0	python upload_optim.py --repo_name DataDecide-dclm-baseline-qc-10p-150M
181	:	1753203580.469	   315.186	0	3386	0	6	python upload_optim.py --repo_name DataDecide-fineweb-edu-530M
180	:	1753203566.661	   352.332	0	3386	0	6	python upload_optim.py --repo_name DataDecide-fineweb-pro-530M
183	:	1753203642.825	   304.309	0	3395	0	6	python upload_optim.py --repo_name DataDecide-falcon-and-cc-qc-10p-530M
186	:	1753203657.552	   308.888	0	3383	0	0	python upload_optim.py --repo_name DataDecide-dolma1_7-530M
170	:	1753203161.291	   862.383	0	5271	0	6	python upload_optim.py --repo_name DataDecide-dclm-baseline-qc-20p-1B
165	:	1753202936.339	  1115.687	0	693	0	0	python upload_optim.py --repo_name DataDecide-dclm-baseline-75p-dolma1.7-25p-750M
166	:	1753202936.648	  1115.378	0	676	0	0	python upload_optim.py --repo_name DataDecide-falcon-and-cc-750M
190	:	1753203919.000	   305.891	0	3391	0	6	python upload_optim.py --repo_name DataDecide-dolma1_7-no-flan-530M
193	:	1753203947.146	   306.360	0	3388	0	6	python upload_optim.py --repo_name DataDecide-dclm-baseline-530M
195	:	1753203966.451	   311.781	0	3405	0	6	python upload_optim.py --repo_name DataDecide-dclm-baseline-25p-dolma1.7-75p-530M
196	:	1753204023.681	   280.552	0	3381	0	6	python upload_optim.py --repo_name DataDecide-falcon-530M
144	:	1753201752.757	  2642.874	0	1077	0	0	python upload_optim.py --repo_name DataDecide-c4-1B
178	:	1753203565.090	   834.466	0	5271	0	6	python upload_optim.py --repo_name DataDecide-dclm-baseline-qc-10p-1B
202	:	1753204253.512	   165.953	0	3398	0	6	python upload_optim.py --repo_name DataDecide-dclm-baseline-qc-7p-fw2-300M
203	:	1753204278.237	   176.219	0	3391	0	6	python upload_optim.py --repo_name DataDecide-dolma1_7-no-flan-300M
199	:	1753204224.899	   235.042	0	3397	0	6	python upload_optim.py --repo_name DataDecide-dclm-baseline-qc-fw-3p-530M
204	:	1753204304.239	   160.426	0	3399	0	6	python upload_optim.py --repo_name DataDecide-dolma1_7-no-math-code-300M
206	:	1753204399.562	   168.062	0	3406	0	6	python upload_optim.py --repo_name DataDecide-falcon-and-cc-qc-orig-10p-300M
205	:	1753204395.638	   182.108	0	3408	0	6	python upload_optim.py --repo_name DataDecide-dclm-baseline-50p-dolma1.7-50p-300M
212	:	1753204419.472	   180.496	0	3401	0	6	python upload_optim.py --repo_name DataDecide-falcon-and-cc-qc-20p-300M
215	:	1753204464.678	   185.575	0	3388	0	6	python upload_optim.py --repo_name DataDecide-fineweb-pro-300M
214	:	1753204459.949	   191.373	0	3408	0	6	python upload_optim.py --repo_name DataDecide-dclm-baseline-75p-dolma1.7-25p-300M
213	:	1753204454.463	   199.264	0	3396	0	6	python upload_optim.py --repo_name DataDecide-dolma1_7-no-reddit-300M
227	:	1753204653.735	    65.938	0	3378	0	6	python upload_optim.py --repo_name DataDecide-dolma1_7-no-flan-10M
218	:	1753204599.975	   166.621	0	3394	0	6	python upload_optim.py --repo_name DataDecide-dolma1_7-no-code-300M
228	:	1753204719.679	    62.409	0	3374	0	6	python upload_optim.py --repo_name DataDecide-dolma1_6plus-10M
188	:	1753203895.662	   902.805	0	695	0	0	python upload_optim.py --repo_name DataDecide-dclm-baseline-75p-dolma1.7-25p-530M
219	:	1753204650.260	   157.190	0	3386	0	0	python upload_optim.py --repo_name DataDecide-dolma1_7-300M
220	:	1753204651.328	   156.352	0	3377	0	6	python upload_optim.py --repo_name DataDecide-c4-300M
229	:	1753204766.602	    54.197	0	3373	0	6	python upload_optim.py --repo_name DataDecide-fineweb-edu-10M
230	:	1753204782.095	    55.092	0	3392	0	6	python upload_optim.py --repo_name DataDecide-dclm-baseline-75p-dolma1.7-25p-10M
231	:	1753204798.474	    58.476	0	3392	0	6	python upload_optim.py --repo_name DataDecide-dclm-baseline-50p-dolma1.7-50p-10M
235	:	1753204820.807	    57.241	0	3382	0	6	python upload_optim.py --repo_name DataDecide-dclm-baseline-qc-10p-10M
236	:	1753204837.194	    56.308	0	3385	0	6	python upload_optim.py --repo_name DataDecide-dclm-baseline-qc-7p-fw2-10M
198	:	1753204052.300	   851.884	0	681	0	0	python upload_optim.py --repo_name DataDecide-dolma1_7-no-code-530M
197	:	1753204052.032	   862.652	0	690	0	0	python upload_optim.py --repo_name DataDecide-falcon-and-cc-qc-orig-10p-530M
238	:	1753204856.956	    63.546	0	3385	0	6	python upload_optim.py --repo_name DataDecide-dclm-baseline-qc-7p-fw3-10M
233	:	1753204807.687	   121.991	0	669	0	0	python upload_optim.py --repo_name DataDecide-fineweb-pro-10M
239	:	1753204878.054	    51.689	0	3364	0	0	python upload_optim.py --repo_name DataDecide-c4-10M
240	:	1753204893.508	    62.903	0	3387	0	6	python upload_optim.py --repo_name DataDecide-falcon-and-cc-qc-orig-10p-10M
241	:	1753204904.190	    53.912	0	3382	0	6	python upload_optim.py --repo_name DataDecide-falcon-and-cc-qc-10p-10M
232	:	1753204807.464	   154.013	0	679	0	0	python upload_optim.py --repo_name DataDecide-dolma1_7-no-math-code-10M
242	:	1753204914.691	    53.237	0	3375	0	6	python upload_optim.py --repo_name DataDecide-falcon-and-cc-10M
246	:	1753204929.749	    46.927	0	3382	0	6	python upload_optim.py --repo_name DataDecide-falcon-and-cc-qc-20p-10M
245	:	1753204929.686	    48.850	0	3370	0	6	python upload_optim.py --repo_name DataDecide-dolma1_7-10M
244	:	1753204920.509	    59.740	0	3392	0	6	python upload_optim.py --repo_name DataDecide-dclm-baseline-25p-dolma1.7-75p-10M
247	:	1753204956.416	    49.555	0	3387	0	0	python upload_optim.py --repo_name DataDecide-falcon-and-cc-qc-tulu-10p-10M
248	:	1753204958.109	    50.220	0	3385	0	6	python upload_optim.py --repo_name DataDecide-dclm-baseline-qc-fw-10p-10M
253	:	1753204980.253	    55.099	0	3369	0	6	python upload_optim.py --repo_name DataDecide-dolma1_7-8M
217	:	1753204577.758	   459.654	0	697	0	0	python upload_optim.py --repo_name DataDecide-dclm-baseline-25p-dolma1.7-75p-300M
216	:	1753204567.630	   481.762	0	679	0	0	python upload_optim.py --repo_name DataDecide-dolma1_6plus-300M
254	:	1753205005.977	    49.865	0	3391	0	6	python upload_optim.py --repo_name DataDecide-dclm-baseline-75p-dolma1.7-25p-8M
256	:	1753205008.336	    48.437	0	3372	0	6	python upload_optim.py --repo_name DataDecide-fineweb-edu-8M
257	:	1753205035.359	    46.345	0	3379	0	6	python upload_optim.py --repo_name DataDecide-dolma1_7-no-reddit-8M
249	:	1753204961.484	   121.375	0	678	0	0	python upload_optim.py --repo_name DataDecide-dclm-baseline-qc-20p-10M
251	:	1753204976.682	   108.529	0	669	0	0	python upload_optim.py --repo_name DataDecide-dolma1_6plus-8M
258	:	1753205037.418	    48.348	0	3383	0	0	python upload_optim.py --repo_name DataDecide-dclm-baseline-qc-fw-3p-8M
250	:	1753204967.935	   125.526	0	671	0	0	python upload_optim.py --repo_name DataDecide-dclm-baseline-10M
252	:	1753204978.543	   115.732	0	673	0	0	python upload_optim.py --repo_name DataDecide-dolma1_7-no-code-8M
259	:	1753205049.398	    50.380	0	3381	0	6	python upload_optim.py --repo_name DataDecide-falcon-and-cc-qc-10p-8M
260	:	1753205055.848	    45.445	0	3374	0	6	python upload_optim.py --repo_name DataDecide-falcon-and-cc-8M
269	:	1753205056.781	    51.912	0	3384	0	6	python upload_optim.py --repo_name DataDecide-dclm-baseline-qc-7p-fw2-8M
280	:	1753205081.711	    50.421	0	3398	0	6	python upload_optim.py --repo_name DataDecide-dclm-baseline-50p-dolma1.7-50p-14M
281	:	1753205082.865	    53.069	0	3388	0	6	python upload_optim.py --repo_name DataDecide-falcon-and-cc-qc-10p-14M
301	:	1753205085.219	    50.950	0	3374	0	6	python upload_optim.py --repo_name DataDecide-falcon-16M
321	:	1753205085.774	    51.354	0	3391	0	6	python upload_optim.py --repo_name DataDecide-dclm-baseline-qc-7p-fw2-16M
322	:	1753205093.469	   112.600	0	691	0	0	python upload_optim.py --repo_name DataDecide-dclm-baseline-50p-dolma1.7-50p-16M
173	:	1753203187.715	  2459.449	0	1097	0	0	python upload_optim.py --repo_name DataDecide-dclm-baseline-qc-fw-3p-1B
160	:	1753214679.866	   424.605	0	669	0	0	python upload_optim.py --repo_name DataDecide-falcon-750M
177	:	1753215104.477	   103.483	0	3395	0	6	python upload_optim.py --repo_name DataDecide-dclm-baseline-qc-10p-300M
176	:	1753214679.886	   752.417	0	685	0	0	python upload_optim.py --repo_name DataDecide-dclm-baseline-qc-10p-530M
169	:	1753214679.878	   754.364	0	1393	0	0	python upload_optim.py --repo_name DataDecide-dclm-baseline-qc-20p-530M
158	:	1753214679.861	   841.712	0	688	0	0	python upload_optim.py --repo_name DataDecide-falcon-and-cc-qc-tulu-10p-750M
178	:	1753215207.967	   323.871	0	5271	0	6	python upload_optim.py --repo_name DataDecide-dclm-baseline-qc-10p-1B
162	:	1753214679.872	   858.714	0	1839	0	0	python upload_optim.py --repo_name DataDecide-c4-750M
161	:	1753214679.869	   890.325	0	684	0	0	python upload_optim.py --repo_name DataDecide-dolma1_7-no-math-code-750M
175	:	1753214679.884	   906.131	0	1407	0	0	python upload_optim.py --repo_name DataDecide-dclm-baseline-qc-10p-750M
181	:	1753215434.248	   172.960	0	3386	0	6	python upload_optim.py --repo_name DataDecide-fineweb-edu-530M
159	:	1753214679.863	   931.706	0	3574	0	0	python upload_optim.py --repo_name DataDecide-dolma1_7-no-code-750M
180	:	1753215432.310	   181.828	0	3386	0	6	python upload_optim.py --repo_name DataDecide-fineweb-pro-530M
164	:	1753214679.875	   934.926	0	2853	0	0	python upload_optim.py --repo_name DataDecide-dolma1_7-no-reddit-750M
183	:	1753215521.580	   231.157	0	3395	0	6	python upload_optim.py --repo_name DataDecide-falcon-and-cc-qc-10p-530M
190	:	1753215531.846	   241.480	0	3391	0	6	python upload_optim.py --repo_name DataDecide-dolma1_7-no-flan-530M
193	:	1753215538.593	   247.945	0	3388	0	6	python upload_optim.py --repo_name DataDecide-dclm-baseline-530M
203	:	1753215614.144	   193.787	0	3391	0	6	python upload_optim.py --repo_name DataDecide-dolma1_7-no-flan-300M
195	:	1753215570.200	   251.269	0	3405	0	6	python upload_optim.py --repo_name DataDecide-dclm-baseline-25p-dolma1.7-75p-530M
196	:	1753215586.021	   248.867	0	3381	0	6	python upload_optim.py --repo_name DataDecide-falcon-530M
199	:	1753215607.214	   243.825	0	3397	0	6	python upload_optim.py --repo_name DataDecide-dclm-baseline-qc-fw-3p-530M
205	:	1753215752.744	   158.986	0	3408	0	6	python upload_optim.py --repo_name DataDecide-dclm-baseline-50p-dolma1.7-50p-300M
206	:	1753215773.331	   151.549	0	3406	0	6	python upload_optim.py --repo_name DataDecide-falcon-and-cc-qc-orig-10p-300M
214	:	1753215821.475	   147.394	0	3408	0	6	python upload_optim.py --repo_name DataDecide-dclm-baseline-75p-dolma1.7-25p-300M
215	:	1753215834.894	   144.616	0	3388	0	6	python upload_optim.py --repo_name DataDecide-fineweb-pro-300M
227	:	1753215924.886	    59.503	0	3378	0	6	python upload_optim.py --repo_name DataDecide-dolma1_7-no-flan-10M
218	:	1753215851.045	   140.783	0	3394	0	6	python upload_optim.py --repo_name DataDecide-dolma1_7-no-code-300M
228	:	1753215968.876	    62.538	0	3374	0	6	python upload_optim.py --repo_name DataDecide-dolma1_6plus-10M
229	:	1753215979.517	    54.733	0	3373	0	6	python upload_optim.py --repo_name DataDecide-fineweb-edu-10M
220	:	1753215911.737	   123.051	0	3377	0	6	python upload_optim.py --repo_name DataDecide-c4-300M
230	:	1753215984.396	    58.029	0	3392	0	6	python upload_optim.py --repo_name DataDecide-dclm-baseline-75p-dolma1.7-25p-10M
231	:	1753215991.835	    52.126	0	3392	0	6	python upload_optim.py --repo_name DataDecide-dclm-baseline-50p-dolma1.7-50p-10M
235	:	1753216031.420	    59.733	0	3382	0	6	python upload_optim.py --repo_name DataDecide-dclm-baseline-qc-10p-10M
236	:	1753216034.256	    57.832	0	3385	0	6	python upload_optim.py --repo_name DataDecide-dclm-baseline-qc-7p-fw2-10M
238	:	1753216034.794	    63.012	0	3385	0	6	python upload_optim.py --repo_name DataDecide-dclm-baseline-qc-7p-fw3-10M
240	:	1753216042.431	    57.479	0	3387	0	6	python upload_optim.py --repo_name DataDecide-falcon-and-cc-qc-orig-10p-10M
241	:	1753216043.968	    56.420	0	3382	0	6	python upload_optim.py --repo_name DataDecide-falcon-and-cc-qc-10p-10M
244	:	1753216092.093	    64.100	0	3392	0	6	python upload_optim.py --repo_name DataDecide-dclm-baseline-25p-dolma1.7-75p-10M
242	:	1753216091.159	    68.197	0	3375	0	6	python upload_optim.py --repo_name DataDecide-falcon-and-cc-10M
245	:	1753216097.812	    61.953	0	3370	0	0	python upload_optim.py --repo_name DataDecide-dolma1_7-10M
246	:	1753216099.915	    61.360	0	3382	0	6	python upload_optim.py --repo_name DataDecide-falcon-and-cc-qc-20p-10M
248	:	1753216100.394	    64.099	0	3385	0	6	python upload_optim.py --repo_name DataDecide-dclm-baseline-qc-fw-10p-10M
202	:	1753215611.575	   558.523	0	4756	0	0	python upload_optim.py --repo_name DataDecide-dclm-baseline-qc-7p-fw2-300M
204	:	1753215614.807	   557.917	0	5030	0	0	python upload_optim.py --repo_name DataDecide-dolma1_7-no-math-code-300M
253	:	1753216156.199	    52.406	0	3369	0	6	python upload_optim.py --repo_name DataDecide-dolma1_7-8M
254	:	1753216159.361	    50.951	0	3391	0	6	python upload_optim.py --repo_name DataDecide-dclm-baseline-75p-dolma1.7-25p-8M
256	:	1753216159.770	    54.502	0	3372	0	6	python upload_optim.py --repo_name DataDecide-fineweb-edu-8M
257	:	1753216161.281	    53.037	0	3379	0	6	python upload_optim.py --repo_name DataDecide-dolma1_7-no-reddit-8M
259	:	1753216164.500	    50.928	0	3381	0	6	python upload_optim.py --repo_name DataDecide-falcon-and-cc-qc-10p-8M
260	:	1753216170.104	    55.324	0	3374	0	6	python upload_optim.py --repo_name DataDecide-falcon-and-cc-8M
212	:	1753215786.549	   447.220	0	689	0	0	python upload_optim.py --repo_name DataDecide-falcon-and-cc-qc-20p-300M
269	:	1753216172.728	    61.891	0	3384	0	6	python upload_optim.py --repo_name DataDecide-dclm-baseline-qc-7p-fw2-8M
213	:	1753215807.938	   434.650	0	910	0	0	python upload_optim.py --repo_name DataDecide-dolma1_7-no-reddit-300M
280	:	1753216208.612	    60.318	0	3398	0	11	python upload_optim.py --repo_name DataDecide-dclm-baseline-50p-dolma1.7-50p-14M
281	:	1753216210.318	    61.631	0	3388	0	6	python upload_optim.py --repo_name DataDecide-falcon-and-cc-qc-10p-14M
301	:	1753216214.278	   124.783	0	667	0	0	python upload_optim.py --repo_name DataDecide-falcon-16M
321	:	1753216214.324	   134.015	0	684	0	0	python upload_optim.py --repo_name DataDecide-dclm-baseline-qc-7p-fw2-16M
170	:	1753214679.880	  1945.992	0	7397	0	0	python upload_optim.py --repo_name DataDecide-dclm-baseline-qc-20p-1B
177	:	1753298509.874	   613.052	0	685	0	0	python upload_optim.py --repo_name DataDecide-dclm-baseline-qc-10p-300M
203	:	1753299122.933	   101.743	0	3391	0	6	python upload_optim.py --repo_name DataDecide-dolma1_7-no-flan-300M
193	:	1753298509.892	   733.200	0	678	0	0	python upload_optim.py --repo_name DataDecide-dclm-baseline-530M
195	:	1753298509.895	   790.923	0	695	0	0	python upload_optim.py --repo_name DataDecide-dclm-baseline-25p-dolma1.7-75p-530M
180	:	1753298509.880	   791.000	0	676	0	0	python upload_optim.py --repo_name DataDecide-fineweb-pro-530M
181	:	1753298509.883	   792.984	0	676	0	0	python upload_optim.py --repo_name DataDecide-fineweb-edu-530M
183	:	1753298509.886	   797.069	0	685	0	0	python upload_optim.py --repo_name DataDecide-falcon-and-cc-qc-10p-530M
196	:	1753298509.898	   799.974	0	671	0	0	python upload_optim.py --repo_name DataDecide-falcon-530M
205	:	1753299224.683	   106.685	0	3408	0	6	python upload_optim.py --repo_name DataDecide-dclm-baseline-50p-dolma1.7-50p-300M
190	:	1753298509.889	   833.949	0	681	0	0	python upload_optim.py --repo_name DataDecide-dolma1_7-no-flan-530M
199	:	1753298509.901	   836.500	0	687	0	0	python upload_optim.py --repo_name DataDecide-dclm-baseline-qc-fw-3p-530M
206	:	1753299243.098	   125.437	0	3406	0	6	python upload_optim.py --repo_name DataDecide-falcon-and-cc-qc-orig-10p-300M
227	:	1753299309.879	    62.539	0	3378	0	6	python upload_optim.py --repo_name DataDecide-dolma1_7-no-flan-10M
228	:	1753299331.375	    64.213	0	3374	0	6	python upload_optim.py --repo_name DataDecide-dolma1_6plus-10M
215	:	1753299300.885	   128.211	0	3388	0	6	python upload_optim.py --repo_name DataDecide-fineweb-pro-300M
218	:	1753299302.873	   132.403	0	3394	0	0	python upload_optim.py --repo_name DataDecide-dolma1_7-no-code-300M
220	:	1753299306.961	   130.647	0	3377	0	6	python upload_optim.py --repo_name DataDecide-c4-300M
235	:	1753299372.424	    67.957	0	3382	0	6	python upload_optim.py --repo_name DataDecide-dclm-baseline-qc-10p-10M
231	:	1753299368.541	    77.342	0	3392	0	6	python upload_optim.py --repo_name DataDecide-dclm-baseline-50p-dolma1.7-50p-10M
236	:	1753299395.595	    61.211	0	3385	0	6	python upload_optim.py --repo_name DataDecide-dclm-baseline-qc-7p-fw2-10M
214	:	1753299300.823	   169.615	0	3408	0	6	python upload_optim.py --repo_name DataDecide-dclm-baseline-75p-dolma1.7-25p-300M
229	:	1753299343.843	   138.331	0	669	0	0	python upload_optim.py --repo_name DataDecide-fineweb-edu-10M
230	:	1753299346.408	   141.167	0	688	0	0	python upload_optim.py --repo_name DataDecide-dclm-baseline-75p-dolma1.7-25p-10M
238	:	1753299429.103	    64.917	0	3385	0	6	python upload_optim.py --repo_name DataDecide-dclm-baseline-qc-7p-fw3-10M
241	:	1753299437.614	    59.612	0	3382	0	6	python upload_optim.py --repo_name DataDecide-falcon-and-cc-qc-10p-10M
240	:	1753299435.285	    64.501	0	3387	0	6	python upload_optim.py --repo_name DataDecide-falcon-and-cc-qc-orig-10p-10M
246	:	1753299456.814	    67.038	0	3382	0	6	python upload_optim.py --repo_name DataDecide-falcon-and-cc-qc-20p-10M
248	:	1753299470.444	    57.138	0	3385	0	6	python upload_optim.py --repo_name DataDecide-dclm-baseline-qc-fw-10p-10M
242	:	1753299440.387	    95.654	0	3375	0	6	python upload_optim.py --repo_name DataDecide-falcon-and-cc-10M
253	:	1753299482.180	    54.111	0	3369	0	6	python upload_optim.py --repo_name DataDecide-dolma1_7-8M
254	:	1753299487.582	    56.674	0	3391	0	6	python upload_optim.py --repo_name DataDecide-dclm-baseline-75p-dolma1.7-25p-8M
244	:	1753299445.889	   104.312	0	3392	0	6	python upload_optim.py --repo_name DataDecide-dclm-baseline-25p-dolma1.7-75p-10M
256	:	1753299494.026	    62.277	0	3372	0	6	python upload_optim.py --repo_name DataDecide-fineweb-edu-8M
257	:	1753299497.233	    61.022	0	3379	0	6	python upload_optim.py --repo_name DataDecide-dolma1_7-no-reddit-8M
260	:	1753299523.858	    59.951	0	3374	0	6	python upload_optim.py --repo_name DataDecide-falcon-and-cc-8M
281	:	1753299536.298	    61.678	0	3388	0	6	python upload_optim.py --repo_name DataDecide-falcon-and-cc-qc-10p-14M
259	:	1753299499.793	   110.480	0	677	0	0	python upload_optim.py --repo_name DataDecide-falcon-and-cc-qc-10p-8M
269	:	1753299527.588	   155.835	0	3384	0	6	python upload_optim.py --repo_name DataDecide-dclm-baseline-qc-7p-fw2-8M
280	:	1753299536.047	   235.799	0	3398	0	6	python upload_optim.py --repo_name DataDecide-dclm-baseline-50p-dolma1.7-50p-14M
178	:	1753298509.877	  1673.498	0	1079	0	0	python upload_optim.py --repo_name DataDecide-dclm-baseline-qc-10p-1B
228	:	1753380426.499	    57.634	0	3374	0	6	python upload_optim.py --repo_name DataDecide-dolma1_6plus-10M
227	:	1753380426.496	    60.475	0	3378	0	6	python upload_optim.py --repo_name DataDecide-dolma1_7-no-flan-10M
231	:	1753380426.502	    65.959	0	3392	0	6	python upload_optim.py --repo_name DataDecide-dclm-baseline-50p-dolma1.7-50p-10M
220	:	1753380426.493	   102.019	0	3377	0	6	python upload_optim.py --repo_name DataDecide-c4-300M
205	:	1753380426.481	   105.248	0	3408	0	6	python upload_optim.py --repo_name DataDecide-dclm-baseline-50p-dolma1.7-50p-300M
236	:	1753380484.140	    48.763	0	3385	0	6	python upload_optim.py --repo_name DataDecide-dclm-baseline-qc-7p-fw2-10M
238	:	1753380486.978	    48.818	0	3385	0	6	python upload_optim.py --repo_name DataDecide-dclm-baseline-qc-7p-fw3-10M
240	:	1753380492.468	    49.946	0	3387	0	6	python upload_optim.py --repo_name DataDecide-falcon-and-cc-qc-orig-10p-10M
241	:	1753380528.519	    52.807	0	3382	0	6	python upload_optim.py --repo_name DataDecide-falcon-and-cc-qc-10p-10M
248	:	1753380542.418	    46.894	0	3385	0	6	python upload_optim.py --repo_name DataDecide-dclm-baseline-qc-fw-10p-10M
235	:	1753380426.505	   165.024	0	678	0	0	python upload_optim.py --repo_name DataDecide-dclm-baseline-qc-10p-10M
246	:	1753380535.802	    57.723	0	3382	0	6	python upload_optim.py --repo_name DataDecide-falcon-and-cc-qc-20p-10M
244	:	1753380532.910	    60.652	0	3392	0	6	python upload_optim.py --repo_name DataDecide-dclm-baseline-25p-dolma1.7-75p-10M
242	:	1753380531.735	    63.567	0	3375	0	6	python upload_optim.py --repo_name DataDecide-falcon-and-cc-10M
253	:	1753380581.333	    51.574	0	3369	0	6	python upload_optim.py --repo_name DataDecide-dolma1_7-8M
257	:	1753380593.531	    48.688	0	3379	0	6	python upload_optim.py --repo_name DataDecide-dolma1_7-no-reddit-8M
260	:	1753380593.568	    48.902	0	3374	0	6	python upload_optim.py --repo_name DataDecide-falcon-and-cc-8M
254	:	1753380589.318	    55.944	0	3391	0	6	python upload_optim.py --repo_name DataDecide-dclm-baseline-75p-dolma1.7-25p-8M
256	:	1753380591.536	    55.200	0	3372	0	6	python upload_optim.py --repo_name DataDecide-fineweb-edu-8M
269	:	1753380595.309	    63.632	0	3384	0	6	python upload_optim.py --repo_name DataDecide-dclm-baseline-qc-7p-fw2-8M
280	:	1753380632.913	    54.243	0	3398	0	0	python upload_optim.py --repo_name DataDecide-dclm-baseline-50p-dolma1.7-50p-14M
281	:	1753380642.225	    53.535	0	3388	0	6	python upload_optim.py --repo_name DataDecide-falcon-and-cc-qc-10p-14M
215	:	1753380426.490	   401.345	0	677	0	0	python upload_optim.py --repo_name DataDecide-fineweb-pro-300M
203	:	1753380426.479	   422.388	0	681	0	0	python upload_optim.py --repo_name DataDecide-dolma1_7-no-flan-300M
206	:	1753380426.484	   461.536	0	694	0	0	python upload_optim.py --repo_name DataDecide-falcon-and-cc-qc-orig-10p-300M
214	:	1753380426.487	   464.128	0	697	0	0	python upload_optim.py --repo_name DataDecide-dclm-baseline-75p-dolma1.7-25p-300M
205	:	1753466256.051	     0.316	0	0	1	0	python upload_optim.py --repo_name DataDecide-dclm-baseline-50p-dolma1.7-50p-300M
220	:	1753466256.386	     0.304	0	0	1	0	python upload_optim.py --repo_name DataDecide-c4-300M
227	:	1753466256.719	     0.307	0	0	1	0	python upload_optim.py --repo_name DataDecide-dolma1_7-no-flan-10M
228	:	1753466257.062	     0.302	0	0	1	0	python upload_optim.py --repo_name DataDecide-dolma1_6plus-10M
231	:	1753466257.402	     0.302	0	0	1	0	python upload_optim.py --repo_name DataDecide-dclm-baseline-50p-dolma1.7-50p-10M
205	:	1753466286.464	   339.686	0	1025	0	0	python upload_optim.py --repo_name DataDecide-dclm-baseline-50p-dolma1.7-50p-300M
220	:	1753466626.695	   351.953	0	967	0	0	python upload_optim.py --repo_name DataDecide-c4-300M
227	:	1753466979.179	    74.195	0	971	0	0	python upload_optim.py --repo_name DataDecide-dolma1_7-no-flan-10M
228	:	1753467053.887	    92.401	0	967	0	0	python upload_optim.py --repo_name DataDecide-dolma1_6plus-10M
231	:	1753467146.838	    94.052	0	1015	0	0	python upload_optim.py --repo_name DataDecide-dclm-baseline-50p-dolma1.7-50p-10M
236	:	1753467241.427	   107.082	0	978	0	0	python upload_optim.py --repo_name DataDecide-dclm-baseline-qc-7p-fw2-10M
238	:	1753467349.033	    61.450	0	978	0	0	python upload_optim.py --repo_name DataDecide-dclm-baseline-qc-7p-fw3-10M
240	:	1753467410.992	    90.192	0	980	0	0	python upload_optim.py --repo_name DataDecide-falcon-and-cc-qc-orig-10p-10M
241	:	1753467501.729	   110.365	0	975	0	0	python upload_optim.py --repo_name DataDecide-falcon-and-cc-qc-10p-10M
242	:	1753467612.625	    66.842	0	968	0	0	python upload_optim.py --repo_name DataDecide-falcon-and-cc-10M
244	:	1753467679.986	   130.312	0	1015	0	0	python upload_optim.py --repo_name DataDecide-dclm-baseline-25p-dolma1.7-75p-10M
246	:	1753467810.853	   102.250	0	975	0	0	python upload_optim.py --repo_name DataDecide-falcon-and-cc-qc-20p-10M
248	:	1753467913.643	    62.805	0	978	0	0	python upload_optim.py --repo_name DataDecide-dclm-baseline-qc-fw-10p-10M
253	:	1753467976.976	    95.477	0	959	0	0	python upload_optim.py --repo_name DataDecide-dolma1_7-8M
254	:	1753468072.967	   109.293	0	1014	0	0	python upload_optim.py --repo_name DataDecide-dclm-baseline-75p-dolma1.7-25p-8M
256	:	1753468182.813	   108.019	0	962	0	0	python upload_optim.py --repo_name DataDecide-fineweb-edu-8M
257	:	1753468291.368	   149.535	0	1693	0	0	python upload_optim.py --repo_name DataDecide-dolma1_7-no-reddit-8M
260	:	1753468441.425	   129.620	0	964	0	0	python upload_optim.py --repo_name DataDecide-falcon-and-cc-8M
269	:	1753468571.554	    86.581	0	974	0	0	python upload_optim.py --repo_name DataDecide-dclm-baseline-qc-7p-fw2-8M
281	:	1753468658.680	    75.786	0	978	0	0	python upload_optim.py --repo_name DataDecide-falcon-and-cc-qc-10p-14M
