Seq	Host	Starttime	JobRuntime	Send	Receive	Exitval	Signal	Command
4	:	1744500289.147	   174.490	0	69	0	0	python upload_checkpoints.py --repo_name DataDecide-falcon-and-cc-qc-tulu-10p-4M
6	:	1744500289.151	   177.457	0	66	0	0	python upload_checkpoints.py --repo_name DataDecide-dclm-baseline-qc-fw-3p-4M
12	:	1744500466.611	   181.839	0	50	0	0	python upload_checkpoints.py --repo_name DataDecide-falcon-4M
3	:	1744500289.145	   585.881	0	70	0	0	python upload_checkpoints.py --repo_name DataDecide-falcon-and-cc-qc-tulu-10p-20M
5	:	1744500289.149	   593.703	0	67	0	0	python upload_checkpoints.py --repo_name DataDecide-dclm-baseline-qc-fw-3p-20M
11	:	1744500463.639	   597.548	0	51	0	0	python upload_checkpoints.py --repo_name DataDecide-falcon-20M
16	:	1744501061.191	   172.608	0	74	0	0	python upload_checkpoints.py --repo_name DataDecide-dclm-baseline-75p-dolma1.7-25p-4M
14	:	1744500875.031	   596.619	0	75	0	0	python upload_checkpoints.py --repo_name DataDecide-dclm-baseline-75p-dolma1.7-25p-20M
18	:	1744501471.654	   171.634	0	74	0	0	python upload_checkpoints.py --repo_name DataDecide-dclm-baseline-50p-dolma1.7-50p-4M
19	:	1744501643.291	   618.803	0	75	0	0	python upload_checkpoints.py --repo_name DataDecide-dclm-baseline-50p-dolma1.7-50p-20M
1	:	1744500289.141	  2020.125	0	202	0	0	python upload_checkpoints.py --repo_name DataDecide-falcon-and-cc-qc-tulu-10p-60M
8	:	1744500289.154	  2092.784	0	67	0	0	python upload_checkpoints.py --repo_name DataDecide-dclm-baseline-qc-fw-3p-60M
9	:	1744500289.156	  2113.134	0	51	0	0	python upload_checkpoints.py --repo_name DataDecide-falcon-60M
23	:	1744502402.296	   175.953	0	74	0	0	python upload_checkpoints.py --repo_name DataDecide-dclm-baseline-25p-dolma1.7-75p-4M
15	:	1744500882.857	  2099.238	0	75	0	0	python upload_checkpoints.py --repo_name DataDecide-dclm-baseline-75p-dolma1.7-25p-60M
22	:	1744502381.944	   615.361	0	53	0	0	python upload_checkpoints.py --repo_name DataDecide-dolma1_7-20M
10	:	1744500289.158	  3043.018	0	51	0	0	python upload_checkpoints.py --repo_name DataDecide-falcon-90M
2	:	1744500289.143	  3088.784	0	70	0	0	python upload_checkpoints.py --repo_name DataDecide-falcon-and-cc-qc-tulu-10p-90M
7	:	1744500289.153	  3148.773	0	67	0	0	python upload_checkpoints.py --repo_name DataDecide-dclm-baseline-qc-fw-3p-90M
17	:	1744501233.803	  2264.121	0	75	0	0	python upload_checkpoints.py --repo_name DataDecide-dclm-baseline-50p-dolma1.7-50p-60M
28	:	1744503437.921	   187.131	0	52	0	0	python upload_checkpoints.py --repo_name DataDecide-dolma1_7-4M
13	:	1744500648.455	  3055.717	0	75	0	0	python upload_checkpoints.py --repo_name DataDecide-dclm-baseline-75p-dolma1.7-25p-90M
31	:	1744503625.056	   186.585	0	64	0	0	python upload_checkpoints.py --repo_name DataDecide-dclm-baseline-qc-20p-4M
33	:	1744503811.645	   162.483	0	64	0	0	python upload_checkpoints.py --repo_name DataDecide-falcon-and-cc-qc-10p-4M
27	:	1744503377.922	   639.480	0	75	0	0	python upload_checkpoints.py --repo_name DataDecide-dclm-baseline-25p-dolma1.7-75p-20M
30	:	1744503557.923	   625.827	0	65	0	0	python upload_checkpoints.py --repo_name DataDecide-dclm-baseline-qc-20p-20M
36	:	1744504183.754	   582.340	0	65	0	0	python upload_checkpoints.py --repo_name DataDecide-falcon-and-cc-qc-10p-20M
26	:	1744503017.919	  2141.877	0	75	0	0	python upload_checkpoints.py --repo_name DataDecide-dclm-baseline-25p-dolma1.7-75p-60M
25	:	1744502982.101	  2220.865	0	53	0	0	python upload_checkpoints.py --repo_name DataDecide-dolma1_7-60M
38	:	1744505159.800	   176.528	0	67	0	0	python upload_checkpoints.py --repo_name DataDecide-dclm-baseline-qc-7p-fw3-4M
20	:	1744502262.097	  3085.295	0	75	0	0	python upload_checkpoints.py --repo_name DataDecide-dclm-baseline-50p-dolma1.7-50p-90M
21	:	1744502309.272	  3104.347	0	53	0	0	python upload_checkpoints.py --repo_name DataDecide-dolma1_7-90M
24	:	1744502578.254	  3062.663	0	75	0	0	python upload_checkpoints.py --repo_name DataDecide-dclm-baseline-25p-dolma1.7-75p-90M
39	:	1744505237.924	   637.262	0	68	0	0	python upload_checkpoints.py --repo_name DataDecide-dclm-baseline-qc-7p-fw3-20M
32	:	1744503704.304	  2229.690	0	65	0	0	python upload_checkpoints.py --repo_name DataDecide-dclm-baseline-qc-20p-60M
44	:	1744505875.190	   177.118	0	65	0	0	python upload_checkpoints.py --repo_name DataDecide-dolma1_7-no-math-code-4M
34	:	1744503974.133	  2169.465	0	65	0	0	python upload_checkpoints.py --repo_name DataDecide-falcon-and-cc-qc-10p-60M
43	:	1744505657.923	   605.821	0	66	0	0	python upload_checkpoints.py --repo_name DataDecide-dolma1_7-no-math-code-20M
48	:	1744506263.751	   174.572	0	60	0	0	python upload_checkpoints.py --repo_name DataDecide-dolma1_7-no-flan-4M
45	:	1744505934.001	   599.391	0	61	0	0	python upload_checkpoints.py --repo_name DataDecide-dolma1_7-no-flan-20M
29	:	1744503497.920	  3116.682	0	65	0	0	python upload_checkpoints.py --repo_name DataDecide-dclm-baseline-qc-20p-90M
35	:	1744504017.406	  3101.856	0	65	0	0	python upload_checkpoints.py --repo_name DataDecide-falcon-and-cc-qc-10p-90M
50	:	1744506533.398	   624.545	0	58	0	0	python upload_checkpoints.py --repo_name DataDecide-falcon-and-cc-20M
52	:	1744507157.938	   200.562	0	57	0	0	python upload_checkpoints.py --repo_name DataDecide-falcon-and-cc-4M
40	:	1744505336.331	  2164.421	0	68	0	0	python upload_checkpoints.py --repo_name DataDecide-dclm-baseline-qc-7p-fw3-60M
42	:	1744505417.923	  2167.724	0	66	0	0	python upload_checkpoints.py --repo_name DataDecide-dolma1_7-no-math-code-60M
56	:	1744507585.656	   164.270	0	64	0	0	python upload_checkpoints.py --repo_name DataDecide-falcon-and-cc-qc-20p-4M
37	:	1744504766.098	  3110.332	0	68	0	0	python upload_checkpoints.py --repo_name DataDecide-dclm-baseline-qc-7p-fw3-90M
57	:	1744507749.930	   164.635	0	64	0	0	python upload_checkpoints.py --repo_name DataDecide-dclm-baseline-qc-10p-4M
55	:	1744507517.940	   590.583	0	65	0	0	python upload_checkpoints.py --repo_name DataDecide-falcon-and-cc-qc-20p-20M
46	:	1744506052.313	  2187.851	0	61	0	0	python upload_checkpoints.py --repo_name DataDecide-dolma1_7-no-flan-60M
41	:	1744505357.926	  3090.784	0	66	0	0	python upload_checkpoints.py --repo_name DataDecide-dolma1_7-no-math-code-90M
60	:	1744508108.528	   616.145	0	65	0	0	python upload_checkpoints.py --repo_name DataDecide-dclm-baseline-qc-10p-20M
51	:	1744506614.610	  2155.284	0	58	0	0	python upload_checkpoints.py --repo_name DataDecide-falcon-and-cc-60M
64	:	1744508777.939	   191.148	0	62	0	0	python upload_checkpoints.py --repo_name DataDecide-dolma1_7-no-reddit-4M
47	:	1744506143.603	  3086.183	0	61	0	0	python upload_checkpoints.py --repo_name DataDecide-dolma1_7-no-flan-90M
63	:	1744508724.679	   651.568	0	63	0	0	python upload_checkpoints.py --repo_name DataDecide-dolma1_7-no-reddit-20M
54	:	1744507358.503	  2129.183	0	65	0	0	python upload_checkpoints.py --repo_name DataDecide-falcon-and-cc-qc-20p-60M
49	:	1744506438.329	  3098.394	0	58	0	0	python upload_checkpoints.py --repo_name DataDecide-falcon-and-cc-90M
68	:	1744509487.693	   169.884	0	67	0	0	python upload_checkpoints.py --repo_name DataDecide-dclm-baseline-qc-fw-10p-4M
67	:	1744509376.253	   599.671	0	68	0	0	python upload_checkpoints.py --repo_name DataDecide-dclm-baseline-qc-fw-10p-20M
58	:	1744507877.937	  2135.144	0	65	0	0	python upload_checkpoints.py --repo_name DataDecide-dclm-baseline-qc-10p-60M
72	:	1744510013.087	   200.323	0	57	0	0	python upload_checkpoints.py --repo_name DataDecide-dclm-baseline-4M
53	:	1744507157.947	  3081.690	0	65	0	0	python upload_checkpoints.py --repo_name DataDecide-falcon-and-cc-qc-20p-90M
61	:	1744508240.171	  2187.989	0	63	0	0	python upload_checkpoints.py --repo_name DataDecide-dolma1_7-no-reddit-60M
71	:	1744509975.928	   665.352	0	58	0	0	python upload_checkpoints.py --repo_name DataDecide-dclm-baseline-20M
66	:	1744509229.792	  1572.767	0	68	1	0	python upload_checkpoints.py --repo_name DataDecide-dclm-baseline-qc-fw-10p-90M
75	:	1744510428.168	   388.951	0	57	1	0	python upload_checkpoints.py --repo_name DataDecide-dolma1_6plus-20M
76	:	1744510641.284	   200.564	0	56	0	0	python upload_checkpoints.py --repo_name DataDecide-dolma1_6plus-4M
79	:	1744510841.852	   171.127	0	55	0	0	python upload_checkpoints.py --repo_name DataDecide-fineweb-edu-4M
59	:	1744507914.570	  3192.049	0	65	1	0	python upload_checkpoints.py --repo_name DataDecide-dclm-baseline-qc-10p-90M
65	:	1744508969.090	  2186.545	0	68	0	0	python upload_checkpoints.py --repo_name DataDecide-dclm-baseline-qc-fw-10p-60M
77	:	1744510802.565	   384.001	0	56	1	0	python upload_checkpoints.py --repo_name DataDecide-fineweb-edu-20M
70	:	1744509657.582	  1593.234	0	58	1	0	python upload_checkpoints.py --repo_name DataDecide-dclm-baseline-60M
83	:	1744511186.572	   161.111	0	69	0	0	python upload_checkpoints.py --repo_name DataDecide-falcon-and-cc-qc-orig-10p-4M
62	:	1744508477.940	  3153.963	0	63	0	0	python upload_checkpoints.py --repo_name DataDecide-dolma1_7-no-reddit-90M
84	:	1744511250.822	   650.963	0	70	0	0	python upload_checkpoints.py --repo_name DataDecide-falcon-and-cc-qc-orig-10p-20M
73	:	1744510213.413	  2179.321	0	57	0	0	python upload_checkpoints.py --repo_name DataDecide-dolma1_6plus-60M
87	:	1744511901.791	   621.859	0	61	0	0	python upload_checkpoints.py --repo_name DataDecide-dolma1_7-no-code-20M
88	:	1744512392.742	   182.044	0	60	0	0	python upload_checkpoints.py --repo_name DataDecide-dolma1_7-no-code-4M
69	:	1744509557.934	  3123.605	0	58	0	0	python upload_checkpoints.py --repo_name DataDecide-dclm-baseline-90M
89	:	1744512523.654	   642.769	0	47	0	0	python upload_checkpoints.py --repo_name DataDecide-c4-20M
80	:	1744511012.984	  2183.748	0	56	0	0	python upload_checkpoints.py --repo_name DataDecide-fineweb-edu-60M
92	:	1744513166.427	   178.027	0	46	0	0	python upload_checkpoints.py --repo_name DataDecide-c4-4M
82	:	1744511177.940	  2205.225	0	70	0	0	python upload_checkpoints.py --repo_name DataDecide-falcon-and-cc-qc-orig-10p-60M
74	:	1744510277.935	  3123.814	0	57	0	0	python upload_checkpoints.py --repo_name DataDecide-dolma1_6plus-90M
85	:	1744511347.687	  2209.655	0	61	0	0	python upload_checkpoints.py --repo_name DataDecide-dolma1_7-no-code-60M
96	:	1744513457.929	   174.644	0	67	0	0	python upload_checkpoints.py --repo_name DataDecide-dclm-baseline-qc-7p-fw2-4M
78	:	1744510817.123	  3105.221	0	56	0	0	python upload_checkpoints.py --repo_name DataDecide-fineweb-edu-90M
94	:	1744513344.459	   611.511	0	68	0	0	python upload_checkpoints.py --repo_name DataDecide-dclm-baseline-qc-7p-fw2-20M
100	:	1744513955.976	   191.738	0	55	0	0	python upload_checkpoints.py --repo_name DataDecide-fineweb-pro-4M
81	:	1744511117.935	  3101.009	0	70	0	0	python upload_checkpoints.py --repo_name DataDecide-falcon-and-cc-qc-orig-10p-90M
99	:	1744513937.928	   623.565	0	56	0	0	python upload_checkpoints.py --repo_name DataDecide-fineweb-pro-20M
86	:	1744511657.939	  3110.767	0	61	0	0	python upload_checkpoints.py --repo_name DataDecide-dolma1_7-no-code-90M
90	:	1744512574.790	  2217.482	0	47	0	0	python upload_checkpoints.py --repo_name DataDecide-c4-60M
95	:	1744513397.936	  2181.819	0	68	0	0	python upload_checkpoints.py --repo_name DataDecide-dclm-baseline-qc-7p-fw2-60M
97	:	1744513577.931	  2169.055	0	56	0	0	python upload_checkpoints.py --repo_name DataDecide-fineweb-pro-60M
91	:	1744512681.544	  3136.680	0	47	0	0	python upload_checkpoints.py --repo_name DataDecide-c4-90M
93	:	1744513217.927	  3158.351	0	68	0	0	python upload_checkpoints.py --repo_name DataDecide-dclm-baseline-qc-7p-fw2-90M
98	:	1744513632.578	  3161.263	0	56	0	0	python upload_checkpoints.py --repo_name DataDecide-fineweb-pro-90M
102	:	1744514237.929	  7191.583	0	68	0	0	python upload_checkpoints.py --repo_name DataDecide-dclm-baseline-qc-fw-3p-150M
105	:	1744514837.923	  8944.746	0	69	0	0	python upload_checkpoints.py --repo_name DataDecide-dclm-baseline-qc-7p-fw3-150M
106	:	1744515579.769	  8203.019	0	57	0	0	python upload_checkpoints.py --repo_name DataDecide-fineweb-edu-150M
109	:	1744516397.927	  7385.351	0	69	0	0	python upload_checkpoints.py --repo_name DataDecide-dclm-baseline-qc-7p-fw2-150M
110	:	1744516817.925	  6965.611	0	71	1	0	python upload_checkpoints.py --repo_name DataDecide-falcon-and-cc-qc-tulu-10p-150M
113	:	1744523783.273	  5921.668	0	57	1	0	python upload_checkpoints.py --repo_name DataDecide-fineweb-pro-150M
103	:	1744514561.498	 15252.546	0	66	1	0	python upload_checkpoints.py --repo_name DataDecide-falcon-and-cc-qc-10p-150M
101	:	1744514147.719	 15966.292	0	62	1	0	python upload_checkpoints.py --repo_name DataDecide-dolma1_7-no-code-150M
107	:	1744515747.000	 14667.013	0	54	1	0	python upload_checkpoints.py --repo_name DataDecide-dolma1_7-150M
108	:	1744515857.923	 14796.094	0	58	1	0	python upload_checkpoints.py --repo_name DataDecide-dolma1_6plus-150M
111	:	1744523782.665	  7171.351	0	59	1	0	python upload_checkpoints.py --repo_name DataDecide-dclm-baseline-150M
112	:	1744523782.787	  7291.225	0	66	1	0	python upload_checkpoints.py --repo_name DataDecide-falcon-and-cc-qc-20p-150M
114	:	1744523783.535	  7410.481	0	76	1	0	python upload_checkpoints.py --repo_name DataDecide-dclm-baseline-25p-dolma1.7-75p-150M
115	:	1744523783.676	  7590.333	0	76	1	0	python upload_checkpoints.py --repo_name DataDecide-dclm-baseline-50p-dolma1.7-50p-150M
116	:	1744529814.039	  1679.973	0	52	1	0	python upload_checkpoints.py --repo_name DataDecide-falcon-150M
119	:	1744530654.013	  2904.208	0	64	1	0	python upload_checkpoints.py --repo_name DataDecide-dolma1_7-no-reddit-150M
117	:	1744530114.007	  3450.038	0	59	1	0	python upload_checkpoints.py --repo_name DataDecide-falcon-and-cc-150M
120	:	1744530954.011	  2699.990	0	62	1	0	python upload_checkpoints.py --repo_name DataDecide-dolma1_7-no-flan-150M
121	:	1744531074.007	  2640.005	0	71	1	0	python upload_checkpoints.py --repo_name DataDecide-falcon-and-cc-qc-orig-10p-150M
122	:	1744531194.013	  2579.994	0	76	1	0	python upload_checkpoints.py --repo_name DataDecide-dclm-baseline-75p-dolma1.7-25p-150M
126	:	1744533558.229	   275.776	0	64	1	0	python upload_checkpoints.py --repo_name DataDecide-falcon-and-cc-qc-10p-1B
123	:	1744531374.005	  5161.120	0	69	1	0	python upload_checkpoints.py --repo_name DataDecide-dclm-baseline-qc-fw-10p-150M
124	:	1744531494.009	  5737.651	0	52	1	0	python upload_checkpoints.py --repo_name DataDecide-dolma1_7-1B
127	:	1744533653.997	  3672.358	0	50	1	0	python upload_checkpoints.py --repo_name DataDecide-falcon-1B
132	:	1744536594.007	  3629.190	0	74	1	0	python upload_checkpoints.py --repo_name DataDecide-dclm-baseline-50p-dolma1.7-50p-1B
118	:	1744530414.009	  9892.001	0	67	0	0	python upload_checkpoints.py --repo_name DataDecide-dolma1_7-no-math-code-150M
125	:	1744531494.016	 43140.158	0	74	0	0	python upload_checkpoints.py --repo_name DataDecide-dclm-baseline-25p-dolma1.7-75p-1B
129	:	1744533774.004	 43929.799	0	67	0	0	python upload_checkpoints.py --repo_name DataDecide-dclm-baseline-qc-7p-fw2-1B
128	:	1744533714.008	 44579.955	0	67	0	0	python upload_checkpoints.py --repo_name DataDecide-dclm-baseline-qc-7p-fw3-1B
130	:	1744533834.000	 45119.983	0	57	0	0	python upload_checkpoints.py --repo_name DataDecide-dclm-baseline-1B
131	:	1744533834.008	 45780.012	0	57	0	0	python upload_checkpoints.py --repo_name DataDecide-falcon-and-cc-1B
133	:	1744537254.000	 45167.071	0	69	0	0	python upload_checkpoints.py --repo_name DataDecide-falcon-and-cc-qc-orig-10p-1B
134	:	1744537374.005	 45599.954	0	64	0	0	python upload_checkpoints.py --repo_name DataDecide-falcon-and-cc-qc-20p-1B
135	:	1744540254.033	 45222.635	0	55	0	0	python upload_checkpoints.py --repo_name DataDecide-fineweb-edu-1B
136	:	1744540433.996	 45599.964	0	65	0	0	python upload_checkpoints.py --repo_name DataDecide-dolma1_7-no-math-code-1B
145	:	1744586753.959	  4005.758	0	76	1	0	python upload_checkpoints.py --repo_name DataDecide-dclm-baseline-50p-dolma1.7-50p-750M
137	:	1744574876.708	 17807.272	0	55	1	0	python upload_checkpoints.py --repo_name DataDecide-fineweb-pro-1B
144	:	1744586033.957	 18412.573	0	46	1	0	python upload_checkpoints.py --repo_name DataDecide-c4-1B
143	:	1744583693.955	 22807.587	0	62	1	0	python upload_checkpoints.py --repo_name DataDecide-dolma1_7-no-reddit-1B
142	:	1744582973.955	 24746.716	0	60	1	0	python upload_checkpoints.py --repo_name DataDecide-dolma1_7-no-flan-1B
146	:	1744590759.726	 22480.291	0	76	0	0	python upload_checkpoints.py --repo_name DataDecide-dclm-baseline-25p-dolma1.7-75p-750M
147	:	1744592933.976	 22427.713	0	57	0	0	python upload_checkpoints.py --repo_name DataDecide-fineweb-edu-750M
138	:	1744578293.956	 37693.145	0	69	0	0	python upload_checkpoints.py --repo_name DataDecide-falcon-and-cc-qc-tulu-10p-1B
139	:	1744578953.977	 37772.970	0	56	0	0	python upload_checkpoints.py --repo_name DataDecide-dolma1_6plus-1B
140	:	1744579614.008	 37739.925	0	74	0	0	python upload_checkpoints.py --repo_name DataDecide-dclm-baseline-75p-dolma1.7-25p-1B
141	:	1744580274.004	 37799.936	0	60	0	0	python upload_checkpoints.py --repo_name DataDecide-dolma1_7-no-code-1B
148	:	1744604753.952	 14961.856	0	62	1	0	python upload_checkpoints.py --repo_name DataDecide-dolma1_7-no-flan-750M
155	:	1744618073.936	  1799.997	0	66	1	0	python upload_checkpoints.py --repo_name DataDecide-falcon-and-cc-qc-20p-750M
153	:	1744616633.928	  3299.998	0	54	1	0	python upload_checkpoints.py --repo_name DataDecide-dolma1_7-750M
152	:	1744615673.928	  4320.003	0	69	1	0	python upload_checkpoints.py --repo_name DataDecide-dclm-baseline-qc-7p-fw2-750M
149	:	1744606913.952	 13139.976	0	66	1	0	python upload_checkpoints.py --repo_name DataDecide-falcon-and-cc-qc-10p-750M
150	:	1744608113.934	 12119.997	0	57	1	0	python upload_checkpoints.py --repo_name DataDecide-fineweb-pro-750M
151	:	1744613513.945	  6899.985	0	59	1	0	python upload_checkpoints.py --repo_name DataDecide-dclm-baseline-750M
154	:	1744617353.929	  3120.004	0	68	1	0	python upload_checkpoints.py --repo_name DataDecide-dclm-baseline-qc-fw-3p-750M
156	:	1744618793.928	  1740.002	0	71	1	0	python upload_checkpoints.py --repo_name DataDecide-falcon-and-cc-qc-orig-10p-750M
157	:	1744619873.929	   719.998	0	69	1	0	python upload_checkpoints.py --repo_name DataDecide-dclm-baseline-qc-7p-fw3-750M
158	:	1744619933.922	   660.009	0	71	1	0	python upload_checkpoints.py --repo_name DataDecide-falcon-and-cc-qc-tulu-10p-750M
159	:	1744619993.928	   600.006	0	62	1	0	python upload_checkpoints.py --repo_name DataDecide-dolma1_7-no-code-750M
160	:	1744620053.925	   540.012	0	52	1	0	python upload_checkpoints.py --repo_name DataDecide-falcon-750M
161	:	1744620233.928	   360.012	0	67	1	0	python upload_checkpoints.py --repo_name DataDecide-dolma1_7-no-math-code-750M
162	:	1744620413.925	   180.018	0	48	1	0	python upload_checkpoints.py --repo_name DataDecide-c4-750M
167	:	1744620593.933	     7.158	0	69	1	0	python upload_checkpoints.py --repo_name DataDecide-dclm-baseline-qc-fw-10p-750M
171	:	1744620593.946	     7.742	0	66	1	0	python upload_checkpoints.py --repo_name DataDecide-dclm-baseline-qc-20p-150M
169	:	1744620593.940	     8.197	0	66	1	0	python upload_checkpoints.py --repo_name DataDecide-dclm-baseline-qc-20p-530M
173	:	1744620601.693	     7.237	0	66	1	0	python upload_checkpoints.py --repo_name DataDecide-dclm-baseline-qc-fw-3p-1B
174	:	1744620602.172	     7.162	0	66	1	0	python upload_checkpoints.py --repo_name DataDecide-dclm-baseline-qc-10p-150M
175	:	1744620608.934	     7.052	0	66	1	0	python upload_checkpoints.py --repo_name DataDecide-dclm-baseline-qc-10p-750M
176	:	1744620609.337	     7.131	0	66	1	0	python upload_checkpoints.py --repo_name DataDecide-dclm-baseline-qc-10p-530M
164	:	1744620533.926	   152.994	0	64	1	0	python upload_checkpoints.py --repo_name DataDecide-dolma1_7-no-reddit-750M
177	:	1744620615.992	    78.014	0	66	1	0	python upload_checkpoints.py --repo_name DataDecide-dclm-baseline-qc-10p-300M
179	:	1744620686.924	     7.638	0	67	1	0	python upload_checkpoints.py --repo_name DataDecide-dclm-baseline-qc-fw-10p-1B
180	:	1744620694.018	     7.255	0	57	1	0	python upload_checkpoints.py --repo_name DataDecide-fineweb-pro-530M
181	:	1744620694.564	     7.437	0	57	1	0	python upload_checkpoints.py --repo_name DataDecide-fineweb-edu-530M
182	:	1744620701.276	     7.168	0	71	1	0	python upload_checkpoints.py --repo_name DataDecide-falcon-and-cc-qc-tulu-10p-530M
183	:	1744620702.004	     7.476	0	66	1	0	python upload_checkpoints.py --repo_name DataDecide-falcon-and-cc-qc-10p-530M
184	:	1744620708.448	     7.404	0	69	1	0	python upload_checkpoints.py --repo_name DataDecide-dclm-baseline-qc-7p-fw3-530M
185	:	1744620709.483	     7.760	0	64	1	0	python upload_checkpoints.py --repo_name DataDecide-dolma1_7-no-reddit-530M
186	:	1744620715.856	     7.255	0	54	1	0	python upload_checkpoints.py --repo_name DataDecide-dolma1_7-530M
172	:	1744620601.095	   125.675	0	66	1	0	python upload_checkpoints.py --repo_name DataDecide-dclm-baseline-qc-20p-750M
188	:	1744620723.120	     6.939	0	76	1	0	python upload_checkpoints.py --repo_name DataDecide-dclm-baseline-75p-dolma1.7-25p-530M
190	:	1744620730.062	     7.211	0	62	1	0	python upload_checkpoints.py --repo_name DataDecide-dolma1_7-no-flan-530M
191	:	1744620737.276	     7.027	0	66	1	0	python upload_checkpoints.py --repo_name DataDecide-falcon-and-cc-qc-20p-530M
168	:	1744620593.936	   151.987	0	66	1	0	python upload_checkpoints.py --repo_name DataDecide-dclm-baseline-qc-20p-300M
192	:	1744620744.309	     7.493	0	59	1	0	python upload_checkpoints.py --repo_name DataDecide-falcon-and-cc-530M
193	:	1744620745.933	     7.157	0	59	1	0	python upload_checkpoints.py --repo_name DataDecide-dclm-baseline-530M
194	:	1744620751.807	     6.963	0	48	1	0	python upload_checkpoints.py --repo_name DataDecide-c4-530M
195	:	1744620753.095	     7.234	0	76	1	0	python upload_checkpoints.py --repo_name DataDecide-dclm-baseline-25p-dolma1.7-75p-530M
196	:	1744620758.774	     6.845	0	52	1	0	python upload_checkpoints.py --repo_name DataDecide-falcon-530M
197	:	1744620760.333	     7.258	0	71	1	0	python upload_checkpoints.py --repo_name DataDecide-falcon-and-cc-qc-orig-10p-530M
163	:	1744620473.929	   330.476	0	58	1	0	python upload_checkpoints.py --repo_name DataDecide-dolma1_6plus-750M
189	:	1744620726.774	    99.220	0	76	1	0	python upload_checkpoints.py --repo_name DataDecide-dclm-baseline-50p-dolma1.7-50p-530M
201	:	1744620825.997	     7.417	0	67	1	0	python upload_checkpoints.py --repo_name DataDecide-dolma1_7-no-math-code-530M
202	:	1744620833.417	    25.333	0	69	1	0	python upload_checkpoints.py --repo_name DataDecide-dclm-baseline-qc-7p-fw2-300M
198	:	1744620765.633	   103.162	0	62	1	0	python upload_checkpoints.py --repo_name DataDecide-dolma1_7-no-code-530M
199	:	1744620767.594	   101.417	0	68	1	0	python upload_checkpoints.py --repo_name DataDecide-dclm-baseline-qc-fw-3p-530M
203	:	1744620858.755	    11.029	0	62	1	0	python upload_checkpoints.py --repo_name DataDecide-dolma1_7-no-flan-300M
204	:	1744620868.798	     7.233	0	67	1	0	python upload_checkpoints.py --repo_name DataDecide-dolma1_7-no-math-code-300M
205	:	1744620869.015	     7.507	0	76	1	0	python upload_checkpoints.py --repo_name DataDecide-dclm-baseline-50p-dolma1.7-50p-300M
206	:	1744620869.791	     7.152	0	71	1	0	python upload_checkpoints.py --repo_name DataDecide-falcon-and-cc-qc-orig-10p-300M
209	:	1744620876.951	   121.365	0	59	1	0	python upload_checkpoints.py --repo_name DataDecide-falcon-and-cc-300M
200	:	1744620804.409	   194.717	0	69	1	0	python upload_checkpoints.py --repo_name DataDecide-dclm-baseline-qc-7p-fw2-530M
207	:	1744620876.035	   123.380	0	57	1	0	python upload_checkpoints.py --repo_name DataDecide-fineweb-edu-300M
208	:	1744620876.527	   123.746	0	71	1	0	python upload_checkpoints.py --repo_name DataDecide-falcon-and-cc-qc-tulu-10p-300M
166	:	1744620593.930	   408.684	0	59	1	0	python upload_checkpoints.py --repo_name DataDecide-falcon-and-cc-750M
165	:	1744620593.923	   408.714	0	76	1	0	python upload_checkpoints.py --repo_name DataDecide-dclm-baseline-75p-dolma1.7-25p-750M
187	:	1744620717.248	   285.970	0	58	1	0	python upload_checkpoints.py --repo_name DataDecide-dolma1_6plus-530M
210	:	1744620998.320	     7.147	0	59	1	0	python upload_checkpoints.py --repo_name DataDecide-dclm-baseline-300M
211	:	1744620999.129	     7.215	0	66	1	0	python upload_checkpoints.py --repo_name DataDecide-falcon-and-cc-qc-10p-300M
212	:	1744620999.418	     7.286	0	66	1	0	python upload_checkpoints.py --repo_name DataDecide-falcon-and-cc-qc-20p-300M
213	:	1744621000.278	     7.587	0	64	1	0	python upload_checkpoints.py --repo_name DataDecide-dolma1_7-no-reddit-300M
214	:	1744621002.618	     7.444	0	76	1	0	python upload_checkpoints.py --repo_name DataDecide-dclm-baseline-75p-dolma1.7-25p-300M
216	:	1744621003.222	     6.904	0	58	1	0	python upload_checkpoints.py --repo_name DataDecide-dolma1_6plus-300M
215	:	1744621002.641	    13.111	0	57	1	0	python upload_checkpoints.py --repo_name DataDecide-fineweb-pro-300M
219	:	1744621006.708	     9.301	0	54	1	0	python upload_checkpoints.py --repo_name DataDecide-dolma1_7-300M
218	:	1744621006.347	     9.823	0	62	1	0	python upload_checkpoints.py --repo_name DataDecide-dolma1_7-no-code-300M
217	:	1744621005.471	    11.404	0	76	1	0	python upload_checkpoints.py --repo_name DataDecide-dclm-baseline-25p-dolma1.7-75p-300M
221	:	1744621010.066	     7.355	0	68	1	0	python upload_checkpoints.py --repo_name DataDecide-dclm-baseline-qc-fw-3p-300M
222	:	1744621010.129	     7.766	0	52	1	0	python upload_checkpoints.py --repo_name DataDecide-falcon-300M
224	:	1744621016.012	     7.655	0	69	1	0	python upload_checkpoints.py --repo_name DataDecide-dclm-baseline-qc-fw-10p-530M
225	:	1744621016.174	     7.512	0	69	1	0	python upload_checkpoints.py --repo_name DataDecide-dclm-baseline-qc-fw-10p-300M
226	:	1744621016.879	     7.225	0	51	1	0	python upload_checkpoints.py --repo_name DataDecide-falcon-10M
227	:	1744621017.424	     7.029	0	61	1	0	python upload_checkpoints.py --repo_name DataDecide-dolma1_7-no-flan-10M
228	:	1744621017.898	     7.290	0	57	1	0	python upload_checkpoints.py --repo_name DataDecide-dolma1_6plus-10M
230	:	1744621023.689	     6.882	0	75	1	0	python upload_checkpoints.py --repo_name DataDecide-dclm-baseline-75p-dolma1.7-25p-10M
231	:	1744621024.106	     6.993	0	75	1	0	python upload_checkpoints.py --repo_name DataDecide-dclm-baseline-50p-dolma1.7-50p-10M
233	:	1744621025.192	     7.365	0	56	1	0	python upload_checkpoints.py --repo_name DataDecide-fineweb-pro-10M
229	:	1744621023.671	    10.976	0	56	1	0	python upload_checkpoints.py --repo_name DataDecide-fineweb-edu-10M
220	:	1744621007.870	    27.143	0	48	1	0	python upload_checkpoints.py --repo_name DataDecide-c4-300M
232	:	1744621024.457	    10.856	0	66	1	0	python upload_checkpoints.py --repo_name DataDecide-dolma1_7-no-math-code-10M
223	:	1744621015.756	    19.601	0	69	1	0	python upload_checkpoints.py --repo_name DataDecide-dclm-baseline-qc-7p-fw3-300M
234	:	1744621030.575	     7.099	0	63	1	0	python upload_checkpoints.py --repo_name DataDecide-dolma1_7-no-reddit-10M
235	:	1744621031.102	     7.361	0	65	1	0	python upload_checkpoints.py --repo_name DataDecide-dclm-baseline-qc-10p-10M
236	:	1744621032.561	     7.299	0	68	1	0	python upload_checkpoints.py --repo_name DataDecide-dclm-baseline-qc-7p-fw2-10M
240	:	1744621035.361	     7.306	0	70	1	0	python upload_checkpoints.py --repo_name DataDecide-falcon-and-cc-qc-orig-10p-10M
237	:	1744621034.652	     9.238	0	61	1	0	python upload_checkpoints.py --repo_name DataDecide-dolma1_7-no-code-10M
242	:	1744621038.467	     7.003	0	58	1	0	python upload_checkpoints.py --repo_name DataDecide-falcon-and-cc-10M
238	:	1744621035.016	    11.404	0	68	1	0	python upload_checkpoints.py --repo_name DataDecide-dclm-baseline-qc-7p-fw3-10M
239	:	1744621035.317	    11.494	0	47	1	0	python upload_checkpoints.py --repo_name DataDecide-c4-10M
241	:	1744621037.680	    11.072	0	65	1	0	python upload_checkpoints.py --repo_name DataDecide-falcon-and-cc-qc-10p-10M
245	:	1744621043.894	     7.267	0	53	1	0	python upload_checkpoints.py --repo_name DataDecide-dolma1_7-10M
246	:	1744621045.475	     7.241	0	65	1	0	python upload_checkpoints.py --repo_name DataDecide-falcon-and-cc-qc-20p-10M
248	:	1744621046.814	     7.134	0	68	1	0	python upload_checkpoints.py --repo_name DataDecide-dclm-baseline-qc-fw-10p-10M
249	:	1744621048.757	     7.245	0	65	1	0	python upload_checkpoints.py --repo_name DataDecide-dclm-baseline-qc-20p-10M
244	:	1744621042.672	    17.194	0	75	1	0	python upload_checkpoints.py --repo_name DataDecide-dclm-baseline-25p-dolma1.7-75p-10M
252	:	1744621053.952	     7.815	0	60	1	0	python upload_checkpoints.py --repo_name DataDecide-dolma1_7-no-code-8M
250	:	1744621051.167	    11.529	0	58	1	0	python upload_checkpoints.py --repo_name DataDecide-dclm-baseline-10M
253	:	1744621056.006	     7.461	0	52	1	0	python upload_checkpoints.py --repo_name DataDecide-dolma1_7-8M
255	:	1744621061.772	     7.010	0	64	1	0	python upload_checkpoints.py --repo_name DataDecide-dclm-baseline-qc-10p-8M
256	:	1744621062.700	     6.687	0	55	1	0	python upload_checkpoints.py --repo_name DataDecide-fineweb-edu-8M
170	:	1744620593.943	   479.986	0	64	1	0	python upload_checkpoints.py --repo_name DataDecide-dclm-baseline-qc-20p-1B
178	:	1744620616.476	   457.460	0	64	1	0	python upload_checkpoints.py --repo_name DataDecide-dclm-baseline-qc-10p-1B
257	:	1744621063.472	    10.468	0	62	1	0	python upload_checkpoints.py --repo_name DataDecide-dolma1_7-no-reddit-8M
260	:	1744621073.936	     6.589	0	57	1	0	python upload_checkpoints.py --repo_name DataDecide-falcon-and-cc-8M
262	:	1744621073.943	     6.786	0	67	1	0	python upload_checkpoints.py --repo_name DataDecide-dclm-baseline-qc-fw-10p-8M
259	:	1744621073.926	     7.157	0	64	1	0	python upload_checkpoints.py --repo_name DataDecide-falcon-and-cc-qc-10p-8M
243	:	1744621039.865	    41.306	0	67	1	0	python upload_checkpoints.py --repo_name DataDecide-dclm-baseline-qc-fw-3p-10M
261	:	1744621073.939	    11.040	0	69	1	0	python upload_checkpoints.py --repo_name DataDecide-falcon-and-cc-qc-orig-10p-8M
264	:	1744621080.731	     6.899	0	64	1	0	python upload_checkpoints.py --repo_name DataDecide-falcon-and-cc-qc-20p-8M
265	:	1744621081.087	     7.053	0	65	1	0	python upload_checkpoints.py --repo_name DataDecide-dolma1_7-no-math-code-8M
254	:	1744621059.870	    28.803	0	74	1	0	python upload_checkpoints.py --repo_name DataDecide-dclm-baseline-75p-dolma1.7-25p-8M
258	:	1744621068.788	    22.763	0	66	1	0	python upload_checkpoints.py --repo_name DataDecide-dclm-baseline-qc-fw-3p-8M
267	:	1744621084.984	    11.246	0	55	1	0	python upload_checkpoints.py --repo_name DataDecide-fineweb-pro-8M
268	:	1744621087.634	     9.319	0	69	1	0	python upload_checkpoints.py --repo_name DataDecide-falcon-and-cc-qc-tulu-10p-8M
247	:	1744621046.424	    50.990	0	70	1	0	python upload_checkpoints.py --repo_name DataDecide-falcon-and-cc-qc-tulu-10p-10M
270	:	1744621088.677	    10.968	0	46	1	0	python upload_checkpoints.py --repo_name DataDecide-c4-8M
273	:	1744621096.957	     9.101	0	74	1	0	python upload_checkpoints.py --repo_name DataDecide-dclm-baseline-25p-dolma1.7-75p-8M
275	:	1744621099.650	    10.855	0	74	1	0	python upload_checkpoints.py --repo_name DataDecide-dclm-baseline-50p-dolma1.7-50p-8M
269	:	1744621088.143	    25.949	0	67	1	0	python upload_checkpoints.py --repo_name DataDecide-dclm-baseline-qc-7p-fw2-8M
271	:	1744621091.555	    22.659	0	60	1	0	python upload_checkpoints.py --repo_name DataDecide-dolma1_7-no-flan-8M
263	:	1744621080.529	    53.399	0	50	1	0	python upload_checkpoints.py --repo_name DataDecide-falcon-8M
274	:	1744621097.420	    36.514	0	67	1	0	python upload_checkpoints.py --repo_name DataDecide-dclm-baseline-qc-7p-fw3-8M
277	:	1744621110.508	    23.430	0	75	1	0	python upload_checkpoints.py --repo_name DataDecide-dclm-baseline-75p-dolma1.7-25p-14M
278	:	1744621114.095	    19.846	0	61	1	0	python upload_checkpoints.py --repo_name DataDecide-dolma1_7-no-flan-14M
251	:	1744621052.720	    85.681	0	56	1	0	python upload_checkpoints.py --repo_name DataDecide-dolma1_6plus-8M
279	:	1744621133.924	     7.785	0	47	1	0	python upload_checkpoints.py --repo_name DataDecide-c4-14M
282	:	1744621133.941	    11.280	0	57	1	0	python upload_checkpoints.py --repo_name DataDecide-dolma1_6plus-14M
281	:	1744621133.938	    17.972	0	65	1	0	python upload_checkpoints.py --repo_name DataDecide-falcon-and-cc-qc-10p-14M
284	:	1744621138.405	    17.197	0	53	1	0	python upload_checkpoints.py --repo_name DataDecide-dolma1_7-14M
286	:	1744621145.225	    11.508	0	61	1	0	python upload_checkpoints.py --repo_name DataDecide-dolma1_7-no-code-14M
287	:	1744621151.913	     6.978	0	63	1	0	python upload_checkpoints.py --repo_name DataDecide-dolma1_7-no-reddit-14M
283	:	1744621133.944	    27.161	0	65	1	0	python upload_checkpoints.py --repo_name DataDecide-dclm-baseline-qc-10p-14M
288	:	1744621155.605	     6.879	0	58	1	0	python upload_checkpoints.py --repo_name DataDecide-dclm-baseline-14M
289	:	1744621156.736	     7.652	0	68	1	0	python upload_checkpoints.py --repo_name DataDecide-dclm-baseline-qc-7p-fw2-14M
290	:	1744621158.895	     6.918	0	51	1	0	python upload_checkpoints.py --repo_name DataDecide-falcon-14M
292	:	1744621162.490	     7.293	0	66	1	0	python upload_checkpoints.py --repo_name DataDecide-dolma1_7-no-math-code-14M
272	:	1744621096.235	    75.108	0	64	1	0	python upload_checkpoints.py --repo_name DataDecide-dclm-baseline-qc-20p-8M
276	:	1744621106.063	    69.404	0	75	1	0	python upload_checkpoints.py --repo_name DataDecide-dclm-baseline-25p-dolma1.7-75p-14M
295	:	1744621169.787	     6.844	0	68	1	0	python upload_checkpoints.py --repo_name DataDecide-dclm-baseline-qc-fw-10p-14M
298	:	1744621176.634	     6.797	0	56	1	0	python upload_checkpoints.py --repo_name DataDecide-fineweb-edu-14M
291	:	1744621161.109	    23.246	0	58	1	0	python upload_checkpoints.py --repo_name DataDecide-falcon-and-cc-14M
294	:	1744621165.818	    25.447	0	65	1	0	python upload_checkpoints.py --repo_name DataDecide-dclm-baseline-qc-20p-14M
296	:	1744621171.346	    23.137	0	67	1	0	python upload_checkpoints.py --repo_name DataDecide-dclm-baseline-qc-fw-3p-14M
302	:	1744621194.486	     7.102	0	58	1	0	python upload_checkpoints.py --repo_name DataDecide-dclm-baseline-16M
266	:	1744621081.175	   127.446	0	57	1	0	python upload_checkpoints.py --repo_name DataDecide-dclm-baseline-8M
299	:	1744621183.437	    30.990	0	68	1	0	python upload_checkpoints.py --repo_name DataDecide-dclm-baseline-qc-7p-fw3-14M
303	:	1744621201.593	    13.114	0	53	1	0	python upload_checkpoints.py --repo_name DataDecide-dolma1_7-16M
304	:	1744621208.624	     6.860	0	61	1	0	python upload_checkpoints.py --repo_name DataDecide-dolma1_7-no-flan-16M
300	:	1744621184.359	    33.664	0	70	1	0	python upload_checkpoints.py --repo_name DataDecide-falcon-and-cc-qc-tulu-10p-14M
301	:	1744621191.269	    26.773	0	51	1	0	python upload_checkpoints.py --repo_name DataDecide-falcon-16M
293	:	1744621164.394	    55.101	0	56	1	0	python upload_checkpoints.py --repo_name DataDecide-fineweb-pro-14M
306	:	1744621214.709	     7.126	0	47	1	0	python upload_checkpoints.py --repo_name DataDecide-c4-16M
309	:	1744621218.045	     6.828	0	65	1	0	python upload_checkpoints.py --repo_name DataDecide-dclm-baseline-qc-10p-16M
308	:	1744621218.026	     7.010	0	66	1	0	python upload_checkpoints.py --repo_name DataDecide-dolma1_7-no-math-code-16M
297	:	1744621175.472	    61.444	0	70	1	0	python upload_checkpoints.py --repo_name DataDecide-falcon-and-cc-qc-orig-10p-14M
314	:	1744621236.919	     7.042	0	68	1	0	python upload_checkpoints.py --repo_name DataDecide-dclm-baseline-qc-fw-10p-16M
311	:	1744621221.839	    25.132	0	65	1	0	python upload_checkpoints.py --repo_name DataDecide-dclm-baseline-qc-20p-16M
307	:	1744621215.488	    31.526	0	75	1	0	python upload_checkpoints.py --repo_name DataDecide-dclm-baseline-25p-dolma1.7-75p-16M
313	:	1744621225.039	    24.843	0	56	1	0	python upload_checkpoints.py --repo_name DataDecide-fineweb-edu-16M
318	:	1744621249.886	     7.223	0	65	1	0	python upload_checkpoints.py --repo_name DataDecide-falcon-and-cc-qc-20p-16M
280	:	1744621133.935	   123.910	0	75	1	0	python upload_checkpoints.py --repo_name DataDecide-dclm-baseline-50p-dolma1.7-50p-14M
305	:	1744621214.431	    53.433	0	75	1	0	python upload_checkpoints.py --repo_name DataDecide-dclm-baseline-75p-dolma1.7-25p-16M
285	:	1744621141.712	   127.459	0	65	1	0	python upload_checkpoints.py --repo_name DataDecide-falcon-and-cc-qc-20p-14M
315	:	1744621243.964	    25.349	0	65	1	0	python upload_checkpoints.py --repo_name DataDecide-falcon-and-cc-qc-10p-16M
321	:	1744621267.867	     7.171	0	68	1	0	python upload_checkpoints.py --repo_name DataDecide-dclm-baseline-qc-7p-fw2-16M
317	:	1744621247.017	    30.791	0	70	1	0	python upload_checkpoints.py --repo_name DataDecide-falcon-and-cc-qc-orig-10p-16M
324	:	1744621275.041	     6.839	0	67	1	0	python upload_checkpoints.py --repo_name DataDecide-dclm-baseline-qc-fw-3p-16M
320	:	1744621257.851	    25.460	0	58	1	0	python upload_checkpoints.py --repo_name DataDecide-falcon-and-cc-16M
326	:	1744621281.883	     6.820	0	50	1	0	python upload_checkpoints.py --repo_name DataDecide-falcon-6M
327	:	1744621283.315	     6.829	0	67	1	0	python upload_checkpoints.py --repo_name DataDecide-dclm-baseline-qc-7p-fw3-6M
328	:	1744621288.706	     7.342	0	74	1	0	python upload_checkpoints.py --repo_name DataDecide-dclm-baseline-25p-dolma1.7-75p-6M
323	:	1744621269.317	    32.848	0	56	1	0	python upload_checkpoints.py --repo_name DataDecide-fineweb-pro-16M
330	:	1744621296.052	     7.075	0	57	1	0	python upload_checkpoints.py --repo_name DataDecide-falcon-and-cc-6M
331	:	1744621302.169	     7.190	0	64	1	0	python upload_checkpoints.py --repo_name DataDecide-falcon-and-cc-qc-20p-6M
316	:	1744621246.975	    62.889	0	63	1	0	python upload_checkpoints.py --repo_name DataDecide-dolma1_7-no-reddit-16M
332	:	1744621303.130	     6.792	0	74	1	0	python upload_checkpoints.py --repo_name DataDecide-dclm-baseline-75p-dolma1.7-25p-6M
312	:	1744621224.877	    85.060	0	68	1	0	python upload_checkpoints.py --repo_name DataDecide-dclm-baseline-qc-7p-fw3-16M
325	:	1744621277.812	    34.805	0	57	1	0	python upload_checkpoints.py --repo_name DataDecide-dolma1_6plus-16M
333	:	1744621309.364	     7.251	0	67	1	0	python upload_checkpoints.py --repo_name DataDecide-dclm-baseline-qc-fw-10p-6M
335	:	1744621309.926	     6.951	0	60	1	0	python upload_checkpoints.py --repo_name DataDecide-dolma1_7-no-code-6M
334	:	1744621309.866	    11.105	0	66	1	0	python upload_checkpoints.py --repo_name DataDecide-dclm-baseline-qc-fw-3p-6M
329	:	1744621290.149	    33.782	0	67	1	0	python upload_checkpoints.py --repo_name DataDecide-dclm-baseline-qc-7p-fw2-6M
322	:	1744621269.174	    55.273	0	75	1	0	python upload_checkpoints.py --repo_name DataDecide-dclm-baseline-50p-dolma1.7-50p-16M
338	:	1744621316.619	     9.640	0	55	1	0	python upload_checkpoints.py --repo_name DataDecide-fineweb-pro-6M
340	:	1744621320.976	     7.559	0	52	1	0	python upload_checkpoints.py --repo_name DataDecide-dolma1_7-6M
342	:	1744621324.450	     6.892	0	60	1	0	python upload_checkpoints.py --repo_name DataDecide-dolma1_7-no-flan-6M
343	:	1744621326.262	     6.964	0	64	1	0	python upload_checkpoints.py --repo_name DataDecide-dclm-baseline-qc-20p-6M
341	:	1744621323.934	    10.934	0	65	1	0	python upload_checkpoints.py --repo_name DataDecide-dolma1_7-no-math-code-6M
345	:	1744621331.348	     7.040	0	57	1	0	python upload_checkpoints.py --repo_name DataDecide-dclm-baseline-6M
348	:	1744621338.394	     7.294	0	56	1	0	python upload_checkpoints.py --repo_name DataDecide-dolma1_6plus-6M
310	:	1744621219.499	   127.202	0	70	1	0	python upload_checkpoints.py --repo_name DataDecide-falcon-and-cc-qc-tulu-10p-16M
350	:	1744621346.706	     6.440	0	62	1	0	python upload_checkpoints.py --repo_name DataDecide-dolma1_7-no-reddit-6M
337	:	1744621312.620	    40.833	0	69	1	0	python upload_checkpoints.py --repo_name DataDecide-falcon-and-cc-qc-orig-10p-6M
344	:	1744621328.540	    29.032	0	69	1	0	python upload_checkpoints.py --repo_name DataDecide-falcon-and-cc-qc-tulu-10p-6M
347	:	1744621334.872	    25.474	0	55	1	0	python upload_checkpoints.py --repo_name DataDecide-fineweb-edu-6M
349	:	1744621345.698	    25.482	0	46	1	0	python upload_checkpoints.py --repo_name DataDecide-c4-6M
319	:	1744621257.113	   127.419	0	61	1	0	python upload_checkpoints.py --repo_name DataDecide-dolma1_7-no-code-16M
339	:	1744621316.881	   118.997	0	64	1	0	python upload_checkpoints.py --repo_name DataDecide-dclm-baseline-qc-10p-6M
336	:	1744621309.941	   127.253	0	64	1	0	python upload_checkpoints.py --repo_name DataDecide-falcon-and-cc-qc-10p-6M
346	:	1744621333.232	   127.226	0	74	1	0	python upload_checkpoints.py --repo_name DataDecide-dclm-baseline-50p-dolma1.7-50p-6M
